[2018-05-14 16:50:06]
DB Connection failed:\nSQLSTATE[HY000] [2002] No connection could be made because the target machine actively refused it.

======================================================================
[2018-05-14 16:50:08]
DB Connection failed:\nSQLSTATE[HY000] [1045] Access denied for user 'aurora'@'localhost' (using password: YES)
======================================================================
[2018-05-14 17:15:10]
DB Connection failed:\nSQLSTATE[HY000] [1045] Access denied for user 'aurora'@'localhost' (using password: YES)
======================================================================
[2018-05-14 21:36:26]
Query error:
insert into problems (name,code,score,type,pgroup,contest,timelimit,status,languages,displayio,maxfilesize,statement,input,output,sampleinput,sampleoutput) values ('Cube','cube','10','Ad-Hoc','Test','practice','1','Active','AWK,Bash,Brain,C,C++,Java,C#,JavaScript,Pascal,Perl,PHP,Python,Python3,Ruby,Text','0','50000','WAP Program to Find Cube of a No till End of File


Sample Input :
1
4
5


Sample Output:
1
64
125
','1
2
3
4
5
6
100

','1
8
27
64
125
216
1000000
','1
2
3
4
5
6
100

','1
8
27
64
125
216
1000000
')
Error: SQLSTATE[42S22]: Column not found: 1054 Unknown column 'sampleinput' in 'field list'
C:\xampp\htdocs\aurora\functions.php
======================================================================
[2018-05-14 21:48:19]
Query error:
UPDATE contest SET starttime=1526314699 WHERE id=1
Error: SQLSTATE[HY000]: General error
C:\xampp\htdocs\aurora\functions.php
======================================================================
[2018-05-14 21:48:46]
Query error:
UPDATE contest SET starttime=1526314726 WHERE id=1
Error: SQLSTATE[HY000]: General error
C:\xampp\htdocs\aurora\functions.php
======================================================================
[2018-05-14 21:57:47]
Query error:
UPDATE contest SET starttime=1526315267 , endtime = 1526320667 WHERE id=1
Error: SQLSTATE[HY000]: General error
C:\xampp\htdocs\aurora\functions.php
======================================================================
[2018-05-14 22:47:23]
Query error:
UPDATE contest SET starttime=1526318243 , endtime = 1526323643 WHERE id=1
Error: SQLSTATE[HY000]: General error
C:\xampp\htdocs\aurora\functions.php
======================================================================
[2018-05-14 22:47:32]
Query error:
UPDATE contest SET starttime=1526318252 , endtime = 1526323652 WHERE id=1
Error: SQLSTATE[HY000]: General error
C:\xampp\htdocs\aurora\functions.php
======================================================================
[2018-05-14 22:47:36]
Query error:
UPDATE contest SET starttime=1526318255 , endtime = 1526323655 WHERE id=1
Error: SQLSTATE[HY000]: General error
C:\xampp\htdocs\aurora\functions.php
======================================================================
[2018-05-15 00:05:41]
Query error:
UPDATE contest SET starttime=1526322941 , endtime = 1526328341 WHERE id=1
Error: SQLSTATE[HY000]: General error
C:\xampp\htdocs\aurora\functions.php
======================================================================
[2018-05-15 00:05:44]
Query error:
UPDATE contest SET starttime=1526322944 , endtime = 1526328344 WHERE id=1
Error: SQLSTATE[HY000]: General error
C:\xampp\htdocs\aurora\functions.php
======================================================================
[2018-05-15 00:05:59]
Query error:
UPDATE contest SET starttime=1526322959 , endtime = 1526328359 WHERE id=1
Error: SQLSTATE[HY000]: General error
C:\xampp\htdocs\aurora\functions.php
======================================================================
[2018-05-15 00:07:29]
Query error:
UPDATE contest SET starttime=1526323049 , endtime = 1526328449 WHERE id=1
Error: SQLSTATE[HY000]: General error
C:\xampp\htdocs\aurora\functions.php
======================================================================
[2018-05-15 11:33:18]
Query error:
UPDATE contest SET starttime=1526364198 , endtime = 1526369598 WHERE id=1
Error: SQLSTATE[HY000]: General error
C:\xampp\htdocs\aurora\functions.php
======================================================================
[2018-05-15 11:33:50]
Query error:
UPDATE contest SET starttime=1526364230 , endtime = 1526369630 WHERE id=1
Error: SQLSTATE[HY000]: General error
C:\xampp\htdocs\aurora\functions.php
======================================================================
[2018-05-15 11:35:32]
Query error:
UPDATE contest SET starttime=1526364332 , endtime = 1526369732 WHERE id=1
Error: SQLSTATE[HY000]: General error
C:\xampp\htdocs\aurora\functions.php
======================================================================
[2018-05-15 11:39:35]
Query error:
UPDATE contest SET starttime=1526364575 , endtime = 1526369975 WHERE id=1
Error: SQLSTATE[HY000]: General error
C:\xampp\htdocs\aurora\functions.php
======================================================================
[2018-05-15 11:39:56]
Query error:
UPDATE contest SET starttime=1526364596 , endtime = 1526369996 WHERE id=1
Error: SQLSTATE[HY000]: General error
C:\xampp\htdocs\aurora\functions.php
======================================================================
[2018-05-15 11:41:21]
Query error:
UPDATE contest SET starttime=1526364681 , endtime = 1526370081 WHERE id=1
Error: SQLSTATE[HY000]: General error
C:\xampp\htdocs\aurora\functions.php
======================================================================
[2018-05-15 11:41:59]
Query error:
UPDATE contest SET starttime=1526364718 , endtime = 1526370118 WHERE id=1
Error: SQLSTATE[HY000]: General error
C:\xampp\htdocs\aurora\functions.php
======================================================================
[2018-05-15 11:49:04]
Query error:
UPDATE contest SET starttime=1526365144 , endtime = 1526370544 WHERE id=1
Error: SQLSTATE[HY000]: General error
C:\xampp\htdocs\aurora\functions.php
======================================================================
[2018-05-15 11:55:16]
Query error:
UPDATE contest SET starttime=1526365516 , endtime = 1526370916 WHERE id=1,starttime!=0
Error: SQLSTATE[42000]: Syntax error or access violation: 1064 You have an error in your SQL syntax; check the manual that corresponds to your MariaDB server version for the right syntax to use near 'starttime!=0' at line 1
C:\xampp\htdocs\aurora\functions.php
======================================================================
[2018-05-15 11:55:24]
Query error:
UPDATE contest SET starttime=1526365524 , endtime = 1526370924 WHERE id=1,starttime!=0
Error: SQLSTATE[42000]: Syntax error or access violation: 1064 You have an error in your SQL syntax; check the manual that corresponds to your MariaDB server version for the right syntax to use near 'starttime!=0' at line 1
C:\xampp\htdocs\aurora\functions.php
======================================================================
[2018-05-15 11:55:52]
Query error:
UPDATE contest SET starttime=1526365552 , endtime = 1526370952 WHERE id=1,starttime!=0
Error: SQLSTATE[42000]: Syntax error or access violation: 1064 You have an error in your SQL syntax; check the manual that corresponds to your MariaDB server version for the right syntax to use near 'starttime!=0' at line 1
C:\xampp\htdocs\aurora\functions.php
======================================================================
[2018-05-15 11:56:55]
Query error:
UPDATE contest SET starttime=1526365615 , endtime = 1526371015 WHERE id=1,starttime!=0
Error: SQLSTATE[42000]: Syntax error or access violation: 1064 You have an error in your SQL syntax; check the manual that corresponds to your MariaDB server version for the right syntax to use near 'starttime!=0' at line 1
C:\xampp\htdocs\aurora\functions.php
======================================================================
[2018-05-15 12:01:46]
Query error:
UPDATE contest SET starttime=1526365906 , endtime = 1526371306 WHERE starttime != 0
Error: SQLSTATE[HY000]: General error
C:\xampp\htdocs\aurora\functions.php
======================================================================
[2018-05-15 12:01:54]
Query error:
UPDATE contest SET starttime=1526365914 , endtime = 1526371314 WHERE starttime != 0
Error: SQLSTATE[HY000]: General error
C:\xampp\htdocs\aurora\functions.php
======================================================================
[2018-05-15 12:06:03]
Query error:
UPDATE contest SET starttime=1526366163 , endtime = 1526371563 WHERE logindone='notstarted'
Error: SQLSTATE[HY000]: General error
C:\xampp\htdocs\aurora\functions.php
======================================================================
[2018-05-15 12:06:13]
Query error:
UPDATE contest SET starttime=1526366173 , endtime = 1526371573 WHERE logindone='notstarted'
Error: SQLSTATE[HY000]: General error
C:\xampp\htdocs\aurora\functions.php
======================================================================
[2018-05-15 12:06:20]
Query error:
UPDATE contest SET starttime=1526366180 , endtime = 1526371580 WHERE logindone='notstarted'
Error: SQLSTATE[HY000]: General error
C:\xampp\htdocs\aurora\functions.php
======================================================================
[2018-05-15 12:07:13]
Query error:
UPDATE contest SET starttime=1526366233 , endtime = 1526371633 ,logindone='started' WHERE logindone='notstarted'
Error: SQLSTATE[HY000]: General error
C:\xampp\htdocs\aurora\functions.php
======================================================================
[2018-05-15 12:07:39]
Query error:
UPDATE contest SET starttime=1526366259 , endtime = 1526371659 ,logindone='started' WHERE logindone='notstarted'
Error: SQLSTATE[HY000]: General error
C:\xampp\htdocs\aurora\functions.php
======================================================================
[2018-05-15 12:07:54]
Query error:
UPDATE contest SET starttime=1526366274 , endtime = 1526371674 ,logindone='started' WHERE logindone='notstarted'
Error: SQLSTATE[HY000]: General error
C:\xampp\htdocs\aurora\functions.php
======================================================================
[2018-05-15 12:08:14]
Query error:
UPDATE contest SET starttime=1526366294 , endtime = 1526371694 ,logindone='started' WHERE logindone='notstarted'
Error: SQLSTATE[HY000]: General error
C:\xampp\htdocs\aurora\functions.php
======================================================================
[2018-05-15 12:08:20]
Query error:
UPDATE contest SET starttime=1526366300 , endtime = 1526371700 ,logindone='started' WHERE logindone='notstarted'
Error: SQLSTATE[HY000]: General error
C:\xampp\htdocs\aurora\functions.php
======================================================================
[2018-05-15 12:08:38]
Query error:
UPDATE contest SET starttime=1526366318 , endtime = 1526371718 ,logindone='started' WHERE logindone='notstarted'
Error: SQLSTATE[HY000]: General error
C:\xampp\htdocs\aurora\functions.php
======================================================================
[2018-05-15 12:09:09]
Query error:
UPDATE contest SET starttime=1526366349 , endtime = 1526371749 ,logindone='started' WHERE logindone='notstarted'
Error: SQLSTATE[HY000]: General error
C:\xampp\htdocs\aurora\functions.php
======================================================================
[2018-05-15 12:09:20]
Query error:
UPDATE contest SET starttime=1526366360 , endtime = 1526371760 ,logindone='started' WHERE logindone='notstarted'
Error: SQLSTATE[HY000]: General error
C:\xampp\htdocs\aurora\functions.php
======================================================================
[2018-05-15 12:09:47]
Query error:
UPDATE contest SET starttime=1526366387 , endtime = 1526371787 ,logindone='started' WHERE logindone='notstarted'
Error: SQLSTATE[HY000]: General error
C:\xampp\htdocs\aurora\functions.php
======================================================================
[2018-05-15 12:14:16]
Query error:
UPDATE contest SET starttime=1526366656 , endtime = 1526372056 ,logindone='started' WHERE logindone='notstarted'
Error: SQLSTATE[HY000]: General error
C:\xampp\htdocs\aurora\functions.php
======================================================================
[2018-05-15 12:15:17]
Query error:
UPDATE contest SET starttime=1526366717 , endtime = 1526372117 ,logindone='started' WHERE logindone='notstarted'
Error: SQLSTATE[HY000]: General error
C:\xampp\htdocs\aurora\functions.php
======================================================================
[2018-05-15 12:15:42]
Query error:
UPDATE contest SET starttime=1526366742 , endtime = 1526372142 ,logindone='started' WHERE logindone='notstarted'
Error: SQLSTATE[HY000]: General error
C:\xampp\htdocs\aurora\functions.php
======================================================================
[2018-05-15 12:15:54]
Query error:
UPDATE contest SET starttime=1526366754 , endtime = 1526372154 ,logindone='started' WHERE logindone='notstarted'
Error: SQLSTATE[HY000]: General error
C:\xampp\htdocs\aurora\functions.php
======================================================================
[2018-05-15 12:16:03]
Query error:
UPDATE contest SET starttime=1526366763 , endtime = 1526372163 ,logindone='started' WHERE logindone='notstarted'
Error: SQLSTATE[HY000]: General error
C:\xampp\htdocs\aurora\functions.php
======================================================================
[2018-05-15 12:16:36]
Query error:
UPDATE contest SET starttime=1526366796 , endtime = 1526372196 ,logindone='started' WHERE logindone='notstarted'
Error: SQLSTATE[HY000]: General error
C:\xampp\htdocs\aurora\functions.php
======================================================================
[2018-05-15 12:17:04]
Query error:
UPDATE contest SET starttime=1526366824 , endtime = 1526372224 ,logindone='started' WHERE logindone='notstarted'
Error: SQLSTATE[HY000]: General error
C:\xampp\htdocs\aurora\functions.php
======================================================================
[2018-05-15 12:17:17]
Query error:
UPDATE contest SET starttime=1526366837 , endtime = 1526372237 ,logindone='started' WHERE logindone='notstarted'
Error: SQLSTATE[HY000]: General error
C:\xampp\htdocs\aurora\functions.php
======================================================================
[2018-05-15 12:17:27]
Query error:
UPDATE contest SET starttime=1526366847 , endtime = 1526372247 ,logindone='started' WHERE logindone='notstarted'
Error: SQLSTATE[HY000]: General error
C:\xampp\htdocs\aurora\functions.php
======================================================================
[2018-05-15 12:18:12]
Query error:
UPDATE contest SET starttime=1526366892 , endtime = 1526372292 ,logindone='started' WHERE logindone='notstarted'
Error: SQLSTATE[HY000]: General error
C:\xampp\htdocs\aurora\functions.php
======================================================================
[2018-05-15 12:18:32]
Query error:
UPDATE contest SET starttime=1526366912 , endtime = 1526372312 ,logindone='started' WHERE logindone='notstarted'
Error: SQLSTATE[HY000]: General error
C:\xampp\htdocs\aurora\functions.php
======================================================================
[2018-05-15 12:18:43]
Query error:
UPDATE contest SET starttime=1526366923 , endtime = 1526372323 ,logindone='started' WHERE logindone='notstarted'
Error: SQLSTATE[HY000]: General error
C:\xampp\htdocs\aurora\functions.php
======================================================================
[2018-05-15 12:19:42]
Query error:
UPDATE contest SET starttime=1526366982 , endtime = 1526372382 ,logindone='started' WHERE logindone='notstarted'
Error: SQLSTATE[HY000]: General error
C:\xampp\htdocs\aurora\functions.php
======================================================================
[2018-05-15 12:20:05]
Query error:
UPDATE contest SET starttime=1526367005 , endtime = 1526372405 ,logindone='started' WHERE logindone='notstarted'
Error: SQLSTATE[HY000]: General error
C:\xampp\htdocs\aurora\functions.php
======================================================================
[2018-05-15 12:20:19]
Query error:
UPDATE contest SET starttime=1526367019 , endtime = 1526372419 ,logindone='started' WHERE logindone='notstarted'
Error: SQLSTATE[HY000]: General error
C:\xampp\htdocs\aurora\functions.php
======================================================================
[2018-05-15 12:20:41]
Query error:
UPDATE contest SET starttime=1526367041 , endtime = 1526372441 ,logindone='started' WHERE logindone='notstarted'
Error: SQLSTATE[HY000]: General error
C:\xampp\htdocs\aurora\functions.php
======================================================================
[2018-05-15 12:21:20]
Query error:
UPDATE contest SET starttime=1526367080 , endtime = 1526372480 ,logindone='started' WHERE logindone='notstarted'
Error: SQLSTATE[HY000]: General error
C:\xampp\htdocs\aurora\functions.php
======================================================================
[2018-05-15 12:21:32]
Query error:
UPDATE contest SET starttime=1526367092 , endtime = 1526372492 ,logindone='started' WHERE logindone='notstarted'
Error: SQLSTATE[HY000]: General error
C:\xampp\htdocs\aurora\functions.php
======================================================================
[2018-05-15 12:25:03]
Query error:
UPDATE contest SET starttime=1526367303 , endtime = 1526372703 ,logindone='started' WHERE logindone='notstarted'
Error: SQLSTATE[HY000]: General error
C:\xampp\htdocs\aurora\functions.php
======================================================================
[2018-05-15 12:27:54]
Query error:
insert into problems (name,code,score,type,pgroup,contest,timelimit,status,languages,displayio,maxfilesize,statement,input,output,sampleinput,sampleoutput) values ('cube','cube','100','Ad-Hoc','hire1','contest','0.5','Active','AWK,Bash,Brain,C,C++,Java,C#,JavaScript,Pascal,Perl,PHP,Python,Python3,Ruby,Text','0','50000','WAP to output the Cube of an integer.
Input : Read until the end of file. Each line contains a single positive integer less than or equal to 10. 
Output : Output the square of the integer, one in each line. 
SAMPLE INPUT
1 2 3 5 
SAMPLE OUTPUT 
1 8 27 125','1
2
3
4
5
6
','1
8
27
64
125
216
','','')
Error: SQLSTATE[42S22]: Column not found: 1054 Unknown column 'sampleinput' in 'field list'
C:\xampp\htdocs\aurora\functions.php
======================================================================
[2018-05-15 12:28:04]
Query error:
UPDATE contest SET starttime=1526367484 , endtime = 1526372884 ,logindone='started' WHERE logindone='notstarted'
Error: SQLSTATE[HY000]: General error
C:\xampp\htdocs\aurora\functions.php
======================================================================
[2018-05-15 12:35:52]
Query error:
insert into problems (name,code,score,type,pgroup,contest,timelimit,status,languages,displayio,maxfilesize,statement,input,output,sampleinput,sampleoutput) values ('Cube','cube','100','Ad-Hoc','hire1','contest','1','Deleted','AWK,Bash,Brain,C,C++,Java,C#,JavaScript,Pascal,Perl,PHP,Python,Python3,Ruby,Text','0','50000','WAP to output the Cube of an integer.
Input : Read until the end of file. Each line contains a single positive integer less than or equal to 10. 
Output : Output the square of the integer, one in each line. 
SAMPLE INPUT
1 2 3 5 
SAMPLE OUTPUT 
1 8 27 125','1
2
3
4
5
6
','1
8
27
64
125
216
','1
2
3
4
5
6
','1
8
27
64
125
216
')
Error: SQLSTATE[42S22]: Column not found: 1054 Unknown column 'sampleinput' in 'field list'
C:\xampp\htdocs\aurora\functions.php
======================================================================
[2018-05-15 12:47:47]
Query error:
UPDATE contest SET starttime=1526368667 , endtime = 1526374067 ,logindone='started' WHERE logindone='notstarted'
Error: SQLSTATE[HY000]: General error
C:\xampp\htdocs\aurora\functions.php
======================================================================
[2018-05-15 12:58:35]
Query error:
UPDATE contest SET starttime=1526369315 , endtime = 1526374715 ,logindone='started' WHERE logindone='notstarted'
Error: SQLSTATE[HY000]: General error
C:\xampp\htdocs\aurora\functions.php
======================================================================
[2018-05-15 13:02:56]
Query error:
UPDATE contest SET starttime=1526369576 , endtime = 1526374976 ,logindone='started' WHERE logindone='notstarted'
Error: SQLSTATE[HY000]: General error
C:\xampp\htdocs\aurora\functions.php
======================================================================
[2018-05-15 13:03:36]
Query error:
UPDATE contest SET starttime=1526369616 , endtime = 1526375016 ,logindone='started' WHERE logindone='notstarted'
Error: SQLSTATE[HY000]: General error
C:\xampp\htdocs\aurora\functions.php
======================================================================
[2018-05-15 13:04:16]
Query error:
UPDATE contest SET starttime=1526369656 , endtime = 1526375056 ,logindone='started' WHERE logindone='notstarted'
Error: SQLSTATE[HY000]: General error
C:\xampp\htdocs\aurora\functions.php
======================================================================
[2018-05-15 13:04:49]
Query error:
UPDATE contest SET starttime=1526369689 , endtime = 1526375089 ,logindone='started' WHERE logindone='notstarted'
Error: SQLSTATE[HY000]: General error
C:\xampp\htdocs\aurora\functions.php
======================================================================
[2018-05-15 13:05:01]
Query error:
UPDATE contest SET starttime=1526369701 , endtime = 1526375101 ,logindone='started' WHERE logindone='notstarted'
Error: SQLSTATE[HY000]: General error
C:\xampp\htdocs\aurora\functions.php
======================================================================
[2018-05-15 16:13:37]
Query error:
UPDATE admin SET value=1526369941 where variable='endtime' 
Error: SQLSTATE[HY000]: General error
C:\xampp\htdocs\aurora\functions.php
======================================================================
[2018-05-15 16:13:42]
Query error:
UPDATE admin SET value=1526369941 where variable='endtime' 
Error: SQLSTATE[HY000]: General error
C:\xampp\htdocs\aurora\functions.php
======================================================================
[2018-05-15 16:13:56]
Query error:
UPDATE admin SET value=1526369941 where variable='endtime' 
Error: SQLSTATE[HY000]: General error
C:\xampp\htdocs\aurora\functions.php
======================================================================
[2018-05-15 16:14:06]
Query error:
UPDATE admin SET value=1526369941 where variable='endtime' 
Error: SQLSTATE[HY000]: General error
C:\xampp\htdocs\aurora\functions.php
======================================================================
[2018-05-15 16:14:32]
Query error:
UPDATE admin SET value=1526369941 where variable='endtime' 
Error: SQLSTATE[HY000]: General error
C:\xampp\htdocs\aurora\functions.php
======================================================================
[2018-05-15 16:14:57]
Query error:
UPDATE admin SET value=1526369941 where variable='endtime' 
Error: SQLSTATE[HY000]: General error
C:\xampp\htdocs\aurora\functions.php
======================================================================
[2018-05-15 16:16:10]
Query error:
UPDATE admin SET value=1526369941 where variable='endtime' 
Error: SQLSTATE[HY000]: General error
C:\xampp\htdocs\aurora\functions.php
======================================================================
[2018-05-15 16:31:58]
Query error:
UPDATE admin SET value=1526369941 where variable='endtime' 
Error: SQLSTATE[HY000]: General error
C:\xampp\htdocs\aurora\functions.php
======================================================================
[2018-05-15 16:33:33]
Query error:
UPDATE admin SET value=1526369941 where variable='endtime' 
Error: SQLSTATE[HY000]: General error
C:\xampp\htdocs\aurora\functions.php
======================================================================
[2018-05-15 16:43:54]
Query error:
UPDATE admin SET value=1526369941 where variable='endtime' 
Error: SQLSTATE[HY000]: General error
C:\xampp\htdocs\aurora\functions.php
======================================================================
[2018-05-15 16:49:48]
Query error:
UPDATE admin SET value=1526369941 where variable='endtime' 
Error: SQLSTATE[HY000]: General error
C:\xampp\htdocs\aurora\functions.php
======================================================================
[2018-05-15 16:58:05]
Query error:
UPDATE admin SET value=1526369941 where variable='endtime' 
Error: SQLSTATE[HY000]: General error
C:\xampp\htdocs\aurora\functions.php
======================================================================
[2018-05-15 16:58:24]
Query error:
UPDATE admin SET value=1526369941 where variable='endtime' 
Error: SQLSTATE[HY000]: General error
C:\xampp\htdocs\aurora\functions.php
======================================================================
[2018-05-15 16:59:06]
Query error:
UPDATE admin SET value=1526369941 where variable='endtime' 
Error: SQLSTATE[HY000]: General error
C:\xampp\htdocs\aurora\functions.php
======================================================================
[2018-05-15 16:59:11]
Query error:
UPDATE admin SET value=1526369941 where variable='endtime' 
Error: SQLSTATE[HY000]: General error
C:\xampp\htdocs\aurora\functions.php
======================================================================
[2018-05-15 16:59:26]
Query error:
UPDATE admin SET value=1526369941 where variable='endtime' 
Error: SQLSTATE[HY000]: General error
C:\xampp\htdocs\aurora\functions.php
======================================================================
[2018-05-15 16:59:51]
Query error:
UPDATE admin SET value= where variable='endtime' 
Error: SQLSTATE[42000]: Syntax error or access violation: 1064 You have an error in your SQL syntax; check the manual that corresponds to your MariaDB server version for the right syntax to use near 'where variable='endtime'' at line 1
C:\xampp\htdocs\aurora\functions.php
======================================================================
[2018-05-15 17:00:03]
Query error:
UPDATE contest SET starttime=1526383803 , endtime = 1526384103 ,logindone='started' WHERE logindone='notstarted'
Error: SQLSTATE[HY000]: General error
C:\xampp\htdocs\aurora\functions.php
======================================================================
[2018-05-15 17:00:03]
Query error:
UPDATE admin SET value=1526384103 where variable='endtime' 
Error: SQLSTATE[HY000]: General error
C:\xampp\htdocs\aurora\functions.php
======================================================================
[2018-05-15 17:00:03]
Query error:
UPDATE admin SET value=1526384103 where variable='endtime' 
Error: SQLSTATE[HY000]: General error
C:\xampp\htdocs\aurora\functions.php
======================================================================
[2018-05-15 17:00:08]
Query error:
UPDATE admin SET value=1526384103 where variable='endtime' 
Error: SQLSTATE[HY000]: General error
C:\xampp\htdocs\aurora\functions.php
======================================================================
[2018-05-15 17:00:11]
Query error:
UPDATE admin SET value=1526384103 where variable='endtime' 
Error: SQLSTATE[HY000]: General error
C:\xampp\htdocs\aurora\functions.php
======================================================================
[2018-05-15 17:00:19]
Query error:
UPDATE contest SET starttime=1526383819 , endtime = 1526384119 ,logindone='started' WHERE logindone='notstarted'
Error: SQLSTATE[HY000]: General error
C:\xampp\htdocs\aurora\functions.php
======================================================================
[2018-05-15 17:00:19]
Query error:
UPDATE admin SET value=1526384103 where variable='endtime' 
Error: SQLSTATE[HY000]: General error
C:\xampp\htdocs\aurora\functions.php
======================================================================
[2018-05-15 17:00:19]
Query error:
UPDATE admin SET value=1526384103 where variable='endtime' 
Error: SQLSTATE[HY000]: General error
C:\xampp\htdocs\aurora\functions.php
======================================================================
[2018-05-15 17:22:18]
Query error:
UPDATE admin SET value=1526384103 where variable='endtime' 
Error: SQLSTATE[HY000]: General error
C:\xampp\htdocs\aurora\functions.php
======================================================================
[2018-05-15 17:22:25]
Query error:
UPDATE contest SET starttime=1526385145 , endtime = 1526385205 ,logindone='started' WHERE logindone='notstarted'
Error: SQLSTATE[HY000]: General error
C:\xampp\htdocs\aurora\functions.php
======================================================================
[2018-05-15 17:22:25]
Query error:
UPDATE admin SET value=1526384103 where variable='endtime' 
Error: SQLSTATE[HY000]: General error
C:\xampp\htdocs\aurora\functions.php
======================================================================
[2018-05-15 17:22:25]
Query error:
UPDATE admin SET value=1526384103 where variable='endtime' 
Error: SQLSTATE[HY000]: General error
C:\xampp\htdocs\aurora\functions.php
======================================================================
[2018-05-15 17:22:46]
Query error:
UPDATE contest SET starttime=1526385166 , endtime = 1526385226 ,logindone='started' WHERE logindone='notstarted'
Error: SQLSTATE[HY000]: General error
C:\xampp\htdocs\aurora\functions.php
======================================================================
[2018-05-15 17:22:46]
Query error:
UPDATE admin SET value=1526385226 where variable='endtime' 
Error: SQLSTATE[HY000]: General error
C:\xampp\htdocs\aurora\functions.php
======================================================================
[2018-05-15 17:22:46]
Query error:
UPDATE admin SET value=1526385226 where variable='endtime' 
Error: SQLSTATE[HY000]: General error
C:\xampp\htdocs\aurora\functions.php
======================================================================
[2018-05-15 17:22:49]
Query error:
UPDATE admin SET value=1526385226 where variable='endtime' 
Error: SQLSTATE[HY000]: General error
C:\xampp\htdocs\aurora\functions.php
======================================================================
[2018-05-15 17:22:51]
Query error:
UPDATE contest SET starttime=1526385171 , endtime = 1526385231 ,logindone='started' WHERE logindone='notstarted'
Error: SQLSTATE[HY000]: General error
C:\xampp\htdocs\aurora\functions.php
======================================================================
[2018-05-15 17:22:51]
Query error:
UPDATE admin SET value=1526385226 where variable='endtime' 
Error: SQLSTATE[HY000]: General error
C:\xampp\htdocs\aurora\functions.php
======================================================================
[2018-05-15 17:22:51]
Query error:
UPDATE admin SET value=1526385226 where variable='endtime' 
Error: SQLSTATE[HY000]: General error
C:\xampp\htdocs\aurora\functions.php
======================================================================
[2018-05-15 17:22:59]
Query error:
UPDATE admin SET value=1526385226 where variable='endtime' 
Error: SQLSTATE[HY000]: General error
C:\xampp\htdocs\aurora\functions.php
======================================================================
[2018-05-15 17:23:58]
Query error:
UPDATE contest SET starttime=1526385238 , endtime = 1526385298 ,logindone='started' WHERE logindone='notstarted'
Error: SQLSTATE[HY000]: General error
C:\xampp\htdocs\aurora\functions.php
======================================================================
[2018-05-15 17:23:58]
Query error:
UPDATE admin SET value=1526385298 where variable='endtime' 
Error: SQLSTATE[HY000]: General error
C:\xampp\htdocs\aurora\functions.php
======================================================================
[2018-05-15 17:23:58]
Query error:
UPDATE admin SET value=1526385298 where variable='endtime' 
Error: SQLSTATE[HY000]: General error
C:\xampp\htdocs\aurora\functions.php
======================================================================
[2018-05-15 17:24:04]
Query error:
UPDATE admin SET value=1526385298 where variable='endtime' 
Error: SQLSTATE[HY000]: General error
C:\xampp\htdocs\aurora\functions.php
======================================================================
[2018-05-15 17:24:06]
Query error:
UPDATE contest SET starttime=1526385246 , endtime = 1526385306 ,logindone='started' WHERE logindone='notstarted'
Error: SQLSTATE[HY000]: General error
C:\xampp\htdocs\aurora\functions.php
======================================================================
[2018-05-15 17:24:06]
Query error:
UPDATE admin SET value=1526385298 where variable='endtime' 
Error: SQLSTATE[HY000]: General error
C:\xampp\htdocs\aurora\functions.php
======================================================================
[2018-05-15 17:24:06]
Query error:
UPDATE admin SET value=1526385298 where variable='endtime' 
Error: SQLSTATE[HY000]: General error
C:\xampp\htdocs\aurora\functions.php
======================================================================
[2018-05-15 17:24:13]
Query error:
UPDATE admin SET value=1526385298 where variable='endtime' 
Error: SQLSTATE[HY000]: General error
C:\xampp\htdocs\aurora\functions.php
======================================================================
[2018-05-15 17:24:29]
Query error:
UPDATE contest SET starttime=1526385269 , endtime = 1526385329 ,logindone='started' WHERE logindone='notstarted'
Error: SQLSTATE[HY000]: General error
C:\xampp\htdocs\aurora\functions.php
======================================================================
[2018-05-15 17:24:29]
Query error:
UPDATE admin SET value=1526385298 where variable='endtime' 
Error: SQLSTATE[HY000]: General error
C:\xampp\htdocs\aurora\functions.php
======================================================================
[2018-05-15 17:24:29]
Query error:
UPDATE admin SET value=1526385298 where variable='endtime' 
Error: SQLSTATE[HY000]: General error
C:\xampp\htdocs\aurora\functions.php
======================================================================
[2018-05-15 17:47:48]
Query error:
UPDATE admin SET value= where variable='endtime' 
Error: SQLSTATE[42000]: Syntax error or access violation: 1064 You have an error in your SQL syntax; check the manual that corresponds to your MariaDB server version for the right syntax to use near 'where variable='endtime'' at line 1
C:\xampp\htdocs\aurora\functions.php
======================================================================
[2018-05-15 17:47:58]
Query error:
UPDATE contest SET starttime=1526386678 , endtime = 1526386738 ,logindone='started' WHERE logindone='notstarted'
Error: SQLSTATE[HY000]: General error
C:\xampp\htdocs\aurora\functions.php
======================================================================
[2018-05-15 17:47:58]
Query error:
UPDATE admin SET value=1526386738 where variable='endtime' 
Error: SQLSTATE[HY000]: General error
C:\xampp\htdocs\aurora\functions.php
======================================================================
[2018-05-15 17:47:58]
Query error:
UPDATE admin SET value=1526386738 where variable='endtime' 
Error: SQLSTATE[HY000]: General error
C:\xampp\htdocs\aurora\functions.php
======================================================================
[2018-05-15 17:54:45]
Query error:
UPDATE admin SET value=1526386738 where variable='endtime' 
Error: SQLSTATE[HY000]: General error
C:\xampp\htdocs\aurora\functions.php
======================================================================
[2018-05-15 17:54:49]
Query error:
UPDATE admin SET value=1526386738 where variable='endtime' 
Error: SQLSTATE[HY000]: General error
C:\xampp\htdocs\aurora\functions.php
======================================================================
[2018-05-15 17:54:51]
Query error:
UPDATE admin SET value=1526386738 where variable='endtime' 
Error: SQLSTATE[HY000]: General error
C:\xampp\htdocs\aurora\functions.php
======================================================================
[2018-05-15 17:54:54]
Query error:
UPDATE admin SET value=1526386738 where variable='endtime' 
Error: SQLSTATE[HY000]: General error
C:\xampp\htdocs\aurora\functions.php
======================================================================
[2018-05-15 17:55:12]
Query error:
UPDATE contest SET starttime=1526387112 , endtime = 1526387172 ,logindone='started' WHERE logindone='notstarted'
Error: SQLSTATE[HY000]: General error
C:\xampp\htdocs\aurora\functions.php
======================================================================
[2018-05-15 17:55:12]
Query error:
UPDATE admin SET value=1526387172 where variable='endtime' 
Error: SQLSTATE[HY000]: General error
C:\xampp\htdocs\aurora\functions.php
======================================================================
[2018-05-15 17:55:12]
Query error:
UPDATE admin SET value=1526387172 where variable='endtime' 
Error: SQLSTATE[HY000]: General error
C:\xampp\htdocs\aurora\functions.php
======================================================================
[2018-05-15 17:55:24]
Query error:
UPDATE admin SET value=1526387172 where variable='endtime' 
Error: SQLSTATE[HY000]: General error
C:\xampp\htdocs\aurora\functions.php
======================================================================
[2018-05-15 17:55:26]
Query error:
UPDATE contest SET starttime=1526387126 , endtime = 1526387186 ,logindone='started' WHERE logindone='notstarted'
Error: SQLSTATE[HY000]: General error
C:\xampp\htdocs\aurora\functions.php
======================================================================
[2018-05-15 17:55:26]
Query error:
UPDATE admin SET value=1526387172 where variable='endtime' 
Error: SQLSTATE[HY000]: General error
C:\xampp\htdocs\aurora\functions.php
======================================================================
[2018-05-15 17:55:26]
Query error:
UPDATE admin SET value=1526387172 where variable='endtime' 
Error: SQLSTATE[HY000]: General error
C:\xampp\htdocs\aurora\functions.php
======================================================================
[2018-05-15 17:56:46]
Query error:
UPDATE contest SET starttime=1526387206 , endtime = 1526387266 ,logindone='started' WHERE logindone='notstarted'
Error: SQLSTATE[HY000]: General error
C:\xampp\htdocs\aurora\functions.php
======================================================================
[2018-05-15 17:56:46]
Query error:
UPDATE admin SET value=1526387172 where variable='endtime' 
Error: SQLSTATE[HY000]: General error
C:\xampp\htdocs\aurora\functions.php
======================================================================
[2018-05-15 17:56:46]
Query error:
UPDATE admin SET value=1526387172 where variable='endtime' 
Error: SQLSTATE[HY000]: General error
C:\xampp\htdocs\aurora\functions.php
======================================================================
[2018-05-15 17:56:48]
Query error:
UPDATE contest SET starttime=1526387208 , endtime = 1526387268 ,logindone='started' WHERE logindone='notstarted'
Error: SQLSTATE[HY000]: General error
C:\xampp\htdocs\aurora\functions.php
======================================================================
[2018-05-15 17:56:48]
Query error:
UPDATE admin SET value=1526387172 where variable='endtime' 
Error: SQLSTATE[HY000]: General error
C:\xampp\htdocs\aurora\functions.php
======================================================================
[2018-05-15 17:56:48]
Query error:
UPDATE admin SET value=1526387172 where variable='endtime' 
Error: SQLSTATE[HY000]: General error
C:\xampp\htdocs\aurora\functions.php
======================================================================
[2018-05-15 17:56:51]
Query error:
UPDATE contest SET starttime=1526387211 , endtime = 1526387271 ,logindone='started' WHERE logindone='notstarted'
Error: SQLSTATE[HY000]: General error
C:\xampp\htdocs\aurora\functions.php
======================================================================
[2018-05-15 17:56:51]
Query error:
UPDATE admin SET value=1526387172 where variable='endtime' 
Error: SQLSTATE[HY000]: General error
C:\xampp\htdocs\aurora\functions.php
======================================================================
[2018-05-15 17:56:51]
Query error:
UPDATE admin SET value=1526387172 where variable='endtime' 
Error: SQLSTATE[HY000]: General error
C:\xampp\htdocs\aurora\functions.php
======================================================================
[2018-05-15 17:56:53]
Query error:
UPDATE contest SET starttime=1526387213 , endtime = 1526387273 ,logindone='started' WHERE logindone='notstarted'
Error: SQLSTATE[HY000]: General error
C:\xampp\htdocs\aurora\functions.php
======================================================================
[2018-05-15 17:56:53]
Query error:
UPDATE admin SET value=1526387172 where variable='endtime' 
Error: SQLSTATE[HY000]: General error
C:\xampp\htdocs\aurora\functions.php
======================================================================
[2018-05-15 17:56:53]
Query error:
UPDATE admin SET value=1526387172 where variable='endtime' 
Error: SQLSTATE[HY000]: General error
C:\xampp\htdocs\aurora\functions.php
======================================================================
[2018-05-15 17:56:55]
Query error:
UPDATE contest SET starttime=1526387215 , endtime = 1526387275 ,logindone='started' WHERE logindone='notstarted'
Error: SQLSTATE[HY000]: General error
C:\xampp\htdocs\aurora\functions.php
======================================================================
[2018-05-15 17:56:55]
Query error:
UPDATE admin SET value=1526387172 where variable='endtime' 
Error: SQLSTATE[HY000]: General error
C:\xampp\htdocs\aurora\functions.php
======================================================================
[2018-05-15 17:56:55]
Query error:
UPDATE admin SET value=1526387172 where variable='endtime' 
Error: SQLSTATE[HY000]: General error
C:\xampp\htdocs\aurora\functions.php
======================================================================
[2018-05-15 17:56:57]
Query error:
UPDATE contest SET starttime=1526387217 , endtime = 1526387277 ,logindone='started' WHERE logindone='notstarted'
Error: SQLSTATE[HY000]: General error
C:\xampp\htdocs\aurora\functions.php
======================================================================
[2018-05-15 17:56:57]
Query error:
UPDATE admin SET value=1526387172 where variable='endtime' 
Error: SQLSTATE[HY000]: General error
C:\xampp\htdocs\aurora\functions.php
======================================================================
[2018-05-15 17:56:57]
Query error:
UPDATE admin SET value=1526387172 where variable='endtime' 
Error: SQLSTATE[HY000]: General error
C:\xampp\htdocs\aurora\functions.php
======================================================================
[2018-05-15 17:57:00]
Query error:
UPDATE contest SET starttime=1526387220 , endtime = 1526387280 ,logindone='started' WHERE logindone='notstarted'
Error: SQLSTATE[HY000]: General error
C:\xampp\htdocs\aurora\functions.php
======================================================================
[2018-05-15 17:57:00]
Query error:
UPDATE admin SET value=1526387172 where variable='endtime' 
Error: SQLSTATE[HY000]: General error
C:\xampp\htdocs\aurora\functions.php
======================================================================
[2018-05-15 17:57:00]
Query error:
UPDATE admin SET value=1526387172 where variable='endtime' 
Error: SQLSTATE[HY000]: General error
C:\xampp\htdocs\aurora\functions.php
======================================================================
[2018-05-15 17:58:19]
Query error:
UPDATE contest SET starttime=1526387299 , endtime = 1526387359 ,logindone='started' WHERE logindone='notstarted'
Error: SQLSTATE[HY000]: General error
C:\xampp\htdocs\aurora\functions.php
======================================================================
[2018-05-15 17:58:19]
Query error:
UPDATE admin SET value=1526387172 where variable='endtime' 
Error: SQLSTATE[HY000]: General error
C:\xampp\htdocs\aurora\functions.php
======================================================================
[2018-05-15 17:58:19]
Query error:
UPDATE admin SET value=1526387172 where variable='endtime' 
Error: SQLSTATE[HY000]: General error
C:\xampp\htdocs\aurora\functions.php
======================================================================
[2018-05-15 17:58:20]
Query error:
UPDATE contest SET starttime=1526387300 , endtime = 1526387360 ,logindone='started' WHERE logindone='notstarted'
Error: SQLSTATE[HY000]: General error
C:\xampp\htdocs\aurora\functions.php
======================================================================
[2018-05-15 17:58:20]
Query error:
UPDATE admin SET value=1526387172 where variable='endtime' 
Error: SQLSTATE[HY000]: General error
C:\xampp\htdocs\aurora\functions.php
======================================================================
[2018-05-15 17:58:20]
Query error:
UPDATE admin SET value=1526387172 where variable='endtime' 
Error: SQLSTATE[HY000]: General error
C:\xampp\htdocs\aurora\functions.php
======================================================================
[2018-05-15 17:58:21]
Query error:
UPDATE contest SET starttime=1526387301 , endtime = 1526387361 ,logindone='started' WHERE logindone='notstarted'
Error: SQLSTATE[HY000]: General error
C:\xampp\htdocs\aurora\functions.php
======================================================================
[2018-05-15 17:58:21]
Query error:
UPDATE admin SET value=1526387172 where variable='endtime' 
Error: SQLSTATE[HY000]: General error
C:\xampp\htdocs\aurora\functions.php
======================================================================
[2018-05-15 17:58:21]
Query error:
UPDATE admin SET value=1526387172 where variable='endtime' 
Error: SQLSTATE[HY000]: General error
C:\xampp\htdocs\aurora\functions.php
======================================================================
[2018-05-15 17:58:23]
Query error:
UPDATE contest SET starttime=1526387303 , endtime = 1526387363 ,logindone='started' WHERE logindone='notstarted'
Error: SQLSTATE[HY000]: General error
C:\xampp\htdocs\aurora\functions.php
======================================================================
[2018-05-15 17:58:24]
Query error:
UPDATE admin SET value=1526387172 where variable='endtime' 
Error: SQLSTATE[HY000]: General error
C:\xampp\htdocs\aurora\functions.php
======================================================================
[2018-05-15 17:58:24]
Query error:
UPDATE admin SET value=1526387172 where variable='endtime' 
Error: SQLSTATE[HY000]: General error
C:\xampp\htdocs\aurora\functions.php
======================================================================
[2018-05-15 17:58:25]
Query error:
UPDATE contest SET starttime=1526387305 , endtime = 1526387365 ,logindone='started' WHERE logindone='notstarted'
Error: SQLSTATE[HY000]: General error
C:\xampp\htdocs\aurora\functions.php
======================================================================
[2018-05-15 17:58:25]
Query error:
UPDATE admin SET value=1526387172 where variable='endtime' 
Error: SQLSTATE[HY000]: General error
C:\xampp\htdocs\aurora\functions.php
======================================================================
[2018-05-15 17:58:25]
Query error:
UPDATE admin SET value=1526387172 where variable='endtime' 
Error: SQLSTATE[HY000]: General error
C:\xampp\htdocs\aurora\functions.php
======================================================================
[2018-05-15 17:58:28]
Query error:
UPDATE contest SET starttime=1526387308 , endtime = 1526387368 ,logindone='started' WHERE logindone='notstarted'
Error: SQLSTATE[HY000]: General error
C:\xampp\htdocs\aurora\functions.php
======================================================================
[2018-05-15 17:58:28]
Query error:
UPDATE admin SET value=1526387172 where variable='endtime' 
Error: SQLSTATE[HY000]: General error
C:\xampp\htdocs\aurora\functions.php
======================================================================
[2018-05-15 17:58:28]
Query error:
UPDATE admin SET value=1526387172 where variable='endtime' 
Error: SQLSTATE[HY000]: General error
C:\xampp\htdocs\aurora\functions.php
======================================================================
[2018-05-15 17:58:31]
Query error:
UPDATE contest SET starttime=1526387311 , endtime = 1526387371 ,logindone='started' WHERE logindone='notstarted'
Error: SQLSTATE[HY000]: General error
C:\xampp\htdocs\aurora\functions.php
======================================================================
[2018-05-15 17:58:31]
Query error:
UPDATE admin SET value=1526387172 where variable='endtime' 
Error: SQLSTATE[HY000]: General error
C:\xampp\htdocs\aurora\functions.php
======================================================================
[2018-05-15 17:58:31]
Query error:
UPDATE admin SET value=1526387172 where variable='endtime' 
Error: SQLSTATE[HY000]: General error
C:\xampp\htdocs\aurora\functions.php
======================================================================
[2018-05-15 17:58:33]
Query error:
UPDATE contest SET starttime=1526387313 , endtime = 1526387373 ,logindone='started' WHERE logindone='notstarted'
Error: SQLSTATE[HY000]: General error
C:\xampp\htdocs\aurora\functions.php
======================================================================
[2018-05-15 17:58:33]
Query error:
UPDATE admin SET value=1526387172 where variable='endtime' 
Error: SQLSTATE[HY000]: General error
C:\xampp\htdocs\aurora\functions.php
======================================================================
[2018-05-15 17:58:33]
Query error:
UPDATE admin SET value=1526387172 where variable='endtime' 
Error: SQLSTATE[HY000]: General error
C:\xampp\htdocs\aurora\functions.php
======================================================================
[2018-05-15 17:58:42]
Query error:
UPDATE admin SET value=1526387172 where variable='endtime' 
Error: SQLSTATE[HY000]: General error
C:\xampp\htdocs\aurora\functions.php
======================================================================
[2018-05-15 17:59:41]
Query error:
UPDATE contest SET starttime=1526387381 , endtime = 1526387441 ,logindone='started' WHERE logindone='notstarted'
Error: SQLSTATE[HY000]: General error
C:\xampp\htdocs\aurora\functions.php
======================================================================
[2018-05-15 17:59:42]
Query error:
UPDATE admin SET value=1526387441 where variable='endtime' 
Error: SQLSTATE[HY000]: General error
C:\xampp\htdocs\aurora\functions.php
======================================================================
[2018-05-15 17:59:42]
Query error:
UPDATE admin SET value=1526387441 where variable='endtime' 
Error: SQLSTATE[HY000]: General error
C:\xampp\htdocs\aurora\functions.php
======================================================================
[2018-05-15 17:59:46]
Query error:
UPDATE contest SET starttime=1526387386 , endtime = 1526387446 ,logindone='started' WHERE logindone='notstarted'
Error: SQLSTATE[HY000]: General error
C:\xampp\htdocs\aurora\functions.php
======================================================================
[2018-05-15 17:59:46]
Query error:
UPDATE admin SET value=1526387441 where variable='endtime' 
Error: SQLSTATE[HY000]: General error
C:\xampp\htdocs\aurora\functions.php
======================================================================
[2018-05-15 17:59:46]
Query error:
UPDATE admin SET value=1526387441 where variable='endtime' 
Error: SQLSTATE[HY000]: General error
C:\xampp\htdocs\aurora\functions.php
======================================================================
[2018-05-15 18:00:46]
Query error:
UPDATE contest SET starttime=1526387446 , endtime = 1526387506 ,logindone='started' WHERE logindone='notstarted'
Error: SQLSTATE[HY000]: General error
C:\xampp\htdocs\aurora\functions.php
======================================================================
[2018-05-15 18:00:46]
Query error:
UPDATE admin SET value=1526387441 where variable='endtime' 
Error: SQLSTATE[HY000]: General error
C:\xampp\htdocs\aurora\functions.php
======================================================================
[2018-05-15 18:00:46]
Query error:
UPDATE admin SET value=1526387441 where variable='endtime' 
Error: SQLSTATE[HY000]: General error
C:\xampp\htdocs\aurora\functions.php
======================================================================
[2018-05-15 18:00:48]
Query error:
UPDATE contest SET starttime=1526387448 , endtime = 1526387508 ,logindone='started' WHERE logindone='notstarted'
Error: SQLSTATE[HY000]: General error
C:\xampp\htdocs\aurora\functions.php
======================================================================
[2018-05-15 18:00:48]
Query error:
UPDATE admin SET value=1526387441 where variable='endtime' 
Error: SQLSTATE[HY000]: General error
C:\xampp\htdocs\aurora\functions.php
======================================================================
[2018-05-15 18:00:48]
Query error:
UPDATE admin SET value=1526387441 where variable='endtime' 
Error: SQLSTATE[HY000]: General error
C:\xampp\htdocs\aurora\functions.php
======================================================================
[2018-05-15 18:00:50]
Query error:
UPDATE contest SET starttime=1526387450 , endtime = 1526387510 ,logindone='started' WHERE logindone='notstarted'
Error: SQLSTATE[HY000]: General error
C:\xampp\htdocs\aurora\functions.php
======================================================================
[2018-05-15 18:00:50]
Query error:
UPDATE admin SET value=1526387441 where variable='endtime' 
Error: SQLSTATE[HY000]: General error
C:\xampp\htdocs\aurora\functions.php
======================================================================
[2018-05-15 18:00:50]
Query error:
UPDATE admin SET value=1526387441 where variable='endtime' 
Error: SQLSTATE[HY000]: General error
C:\xampp\htdocs\aurora\functions.php
======================================================================
[2018-05-15 18:00:52]
Query error:
UPDATE contest SET starttime=1526387452 , endtime = 1526387512 ,logindone='started' WHERE logindone='notstarted'
Error: SQLSTATE[HY000]: General error
C:\xampp\htdocs\aurora\functions.php
======================================================================
[2018-05-15 18:00:52]
Query error:
UPDATE admin SET value=1526387441 where variable='endtime' 
Error: SQLSTATE[HY000]: General error
C:\xampp\htdocs\aurora\functions.php
======================================================================
[2018-05-15 18:00:52]
Query error:
UPDATE admin SET value=1526387441 where variable='endtime' 
Error: SQLSTATE[HY000]: General error
C:\xampp\htdocs\aurora\functions.php
======================================================================
[2018-05-15 18:02:43]
Query error:
UPDATE admin SET value=1526387441 where variable='endtime' 
Error: SQLSTATE[HY000]: General error
C:\xampp\htdocs\aurora\functions.php
======================================================================
[2018-05-15 18:02:59]
Query error:
UPDATE contest SET starttime=1526387579 , endtime = 1526387639 ,logindone='started' WHERE logindone='notstarted'
Error: SQLSTATE[HY000]: General error
C:\xampp\htdocs\aurora\functions.php
======================================================================
[2018-05-15 18:02:59]
Query error:
UPDATE admin SET value=1526387639 where variable='endtime' 
Error: SQLSTATE[HY000]: General error
C:\xampp\htdocs\aurora\functions.php
======================================================================
[2018-05-15 18:02:59]
Query error:
UPDATE admin SET value=1526387639 where variable='endtime' 
Error: SQLSTATE[HY000]: General error
C:\xampp\htdocs\aurora\functions.php
======================================================================
[2018-05-15 18:03:04]
Query error:
UPDATE contest SET starttime=1526387584 , endtime = 1526387644 ,logindone='started' WHERE logindone='notstarted'
Error: SQLSTATE[HY000]: General error
C:\xampp\htdocs\aurora\functions.php
======================================================================
[2018-05-15 18:03:04]
Query error:
UPDATE admin SET value=1526387639 where variable='endtime' 
Error: SQLSTATE[HY000]: General error
C:\xampp\htdocs\aurora\functions.php
======================================================================
[2018-05-15 18:03:04]
Query error:
UPDATE admin SET value=1526387639 where variable='endtime' 
Error: SQLSTATE[HY000]: General error
C:\xampp\htdocs\aurora\functions.php
======================================================================
[2018-05-15 18:04:09]
Query error:
UPDATE admin SET value=1526387639 where variable='endtime' 
Error: SQLSTATE[HY000]: General error
C:\xampp\htdocs\aurora\functions.php
======================================================================
[2018-05-15 18:04:11]
Query error:
UPDATE contest SET starttime=1526387651 , endtime = 1526387711 ,logindone='started' WHERE logindone='notstarted'
Error: SQLSTATE[HY000]: General error
C:\xampp\htdocs\aurora\functions.php
======================================================================
[2018-05-15 18:04:11]
Query error:
UPDATE admin SET value=1526387639 where variable='endtime' 
Error: SQLSTATE[HY000]: General error
C:\xampp\htdocs\aurora\functions.php
======================================================================
[2018-05-15 18:04:11]
Query error:
UPDATE admin SET value=1526387639 where variable='endtime' 
Error: SQLSTATE[HY000]: General error
C:\xampp\htdocs\aurora\functions.php
======================================================================
[2018-05-15 18:05:27]
Query error:
UPDATE admin SET value=1526387639 where variable='endtime' 
Error: SQLSTATE[HY000]: General error
C:\xampp\htdocs\aurora\functions.php
======================================================================
[2018-05-15 18:05:45]
Query error:
UPDATE admin SET value= where variable='endtime' 
Error: SQLSTATE[42000]: Syntax error or access violation: 1064 You have an error in your SQL syntax; check the manual that corresponds to your MariaDB server version for the right syntax to use near 'where variable='endtime'' at line 1
C:\xampp\htdocs\aurora\functions.php
======================================================================
[2018-05-15 18:05:57]
Query error:
UPDATE contest SET starttime=1526387757 , endtime = 1526387817 ,logindone='started' WHERE logindone='notstarted'
Error: SQLSTATE[HY000]: General error
C:\xampp\htdocs\aurora\functions.php
======================================================================
[2018-05-15 18:05:57]
Query error:
UPDATE admin SET value=1526387817 where variable='endtime' 
Error: SQLSTATE[HY000]: General error
C:\xampp\htdocs\aurora\functions.php
======================================================================
[2018-05-15 18:05:57]
Query error:
UPDATE admin SET value=1526387817 where variable='endtime' 
Error: SQLSTATE[HY000]: General error
C:\xampp\htdocs\aurora\functions.php
======================================================================
[2018-05-15 18:06:08]
Query error:
UPDATE admin SET value=1526387817 where variable='endtime' 
Error: SQLSTATE[HY000]: General error
C:\xampp\htdocs\aurora\functions.php
======================================================================
[2018-05-15 18:06:10]
Query error:
UPDATE contest SET starttime=1526387770 , endtime = 1526387830 ,logindone='started' WHERE logindone='notstarted'
Error: SQLSTATE[HY000]: General error
C:\xampp\htdocs\aurora\functions.php
======================================================================
[2018-05-15 18:06:10]
Query error:
UPDATE admin SET value=1526387817 where variable='endtime' 
Error: SQLSTATE[HY000]: General error
C:\xampp\htdocs\aurora\functions.php
======================================================================
[2018-05-15 18:06:10]
Query error:
UPDATE admin SET value=1526387817 where variable='endtime' 
Error: SQLSTATE[HY000]: General error
C:\xampp\htdocs\aurora\functions.php
======================================================================
[2018-05-15 18:07:40]
Query error:
UPDATE admin SET value=1526387817 where variable='endtime' 
Error: SQLSTATE[HY000]: General error
C:\xampp\htdocs\aurora\functions.php
======================================================================
[2018-05-15 18:07:56]
Query error:
UPDATE contest SET starttime=1526387875 , endtime = 1526387935 ,logindone='started' WHERE logindone='notstarted'
Error: SQLSTATE[HY000]: General error
C:\xampp\htdocs\aurora\functions.php
======================================================================
[2018-05-15 18:07:56]
Query error:
UPDATE admin SET value=1526387935 where variable='endtime' 
Error: SQLSTATE[HY000]: General error
C:\xampp\htdocs\aurora\functions.php
======================================================================
[2018-05-15 18:07:56]
Query error:
UPDATE admin SET value=1526387935 where variable='endtime' 
Error: SQLSTATE[HY000]: General error
C:\xampp\htdocs\aurora\functions.php
======================================================================
[2018-05-15 18:08:00]
Query error:
UPDATE admin SET value=1526387935 where variable='endtime' 
Error: SQLSTATE[HY000]: General error
C:\xampp\htdocs\aurora\functions.php
======================================================================
[2018-05-15 18:08:42]
Query error:
UPDATE contest SET starttime=1526387922 , endtime = 1526387982 ,logindone='started' WHERE logindone='notstarted'
Error: SQLSTATE[HY000]: General error
C:\xampp\htdocs\aurora\functions.php
======================================================================
[2018-05-15 18:08:42]
Query error:
UPDATE admin SET value=1526387982 where variable='endtime' 
Error: SQLSTATE[HY000]: General error
C:\xampp\htdocs\aurora\functions.php
======================================================================
[2018-05-15 18:08:42]
Query error:
UPDATE admin SET value=1526387982 where variable='endtime' 
Error: SQLSTATE[HY000]: General error
C:\xampp\htdocs\aurora\functions.php
======================================================================
[2018-05-15 18:10:08]
Query error:
UPDATE admin SET value=1526387982 where variable='endtime' 
Error: SQLSTATE[HY000]: General error
C:\xampp\htdocs\aurora\functions.php
======================================================================
[2018-05-15 18:10:13]
Query error:
UPDATE contest SET starttime=1526388013 , endtime = 1526388073 ,logindone='started' WHERE logindone='notstarted'
Error: SQLSTATE[HY000]: General error
C:\xampp\htdocs\aurora\functions.php
======================================================================
[2018-05-15 18:10:13]
Query error:
UPDATE admin SET value=1526387982 where variable='endtime' 
Error: SQLSTATE[HY000]: General error
C:\xampp\htdocs\aurora\functions.php
======================================================================
[2018-05-15 18:10:13]
Query error:
UPDATE admin SET value=1526387982 where variable='endtime' 
Error: SQLSTATE[HY000]: General error
C:\xampp\htdocs\aurora\functions.php
======================================================================
[2018-05-15 18:10:42]
Query error:
UPDATE contest SET starttime=1526388042 , endtime = 1526388102 ,logindone='started' WHERE logindone='notstarted'
Error: SQLSTATE[HY000]: General error
C:\xampp\htdocs\aurora\functions.php
======================================================================
[2018-05-15 18:10:43]
Query error:
UPDATE admin SET value=1526387982 where variable='endtime' 
Error: SQLSTATE[HY000]: General error
C:\xampp\htdocs\aurora\functions.php
======================================================================
[2018-05-15 18:10:43]
Query error:
UPDATE admin SET value=1526387982 where variable='endtime' 
Error: SQLSTATE[HY000]: General error
C:\xampp\htdocs\aurora\functions.php
======================================================================
[2018-05-15 18:10:45]
Query error:
UPDATE contest SET starttime=1526388045 , endtime = 1526388105 ,logindone='started' WHERE logindone='notstarted'
Error: SQLSTATE[HY000]: General error
C:\xampp\htdocs\aurora\functions.php
======================================================================
[2018-05-15 18:10:45]
Query error:
UPDATE admin SET value=1526387982 where variable='endtime' 
Error: SQLSTATE[HY000]: General error
C:\xampp\htdocs\aurora\functions.php
======================================================================
[2018-05-15 18:10:46]
Query error:
UPDATE admin SET value=1526387982 where variable='endtime' 
Error: SQLSTATE[HY000]: General error
C:\xampp\htdocs\aurora\functions.php
======================================================================
[2018-05-15 18:11:07]
Query error:
UPDATE contest SET starttime=1526388067 , endtime = 1526388127 ,logindone='started' WHERE logindone='notstarted'
Error: SQLSTATE[HY000]: General error
C:\xampp\htdocs\aurora\functions.php
======================================================================
[2018-05-15 18:11:07]
Query error:
UPDATE admin SET value=1526387982 where variable='endtime' 
Error: SQLSTATE[HY000]: General error
C:\xampp\htdocs\aurora\functions.php
======================================================================
[2018-05-15 18:11:07]
Query error:
UPDATE admin SET value=1526387982 where variable='endtime' 
Error: SQLSTATE[HY000]: General error
C:\xampp\htdocs\aurora\functions.php
======================================================================
[2018-05-15 18:11:10]
Query error:
UPDATE admin SET value=1526387982 where variable='endtime' 
Error: SQLSTATE[HY000]: General error
C:\xampp\htdocs\aurora\functions.php
======================================================================
[2018-05-15 18:14:26]
Query error:
UPDATE admin SET value=1526387982 where variable='endtime' 
Error: SQLSTATE[HY000]: General error
C:\xampp\htdocs\aurora\functions.php
======================================================================
[2018-05-15 18:14:47]
Query error:
UPDATE contest SET starttime=1526388287 , endtime = 1526388347 ,logindone='started' WHERE logindone='notstarted'
Error: SQLSTATE[HY000]: General error
C:\xampp\htdocs\aurora\functions.php
======================================================================
[2018-05-15 18:14:47]
Query error:
UPDATE admin SET value=1526388347 where variable='endtime' 
Error: SQLSTATE[HY000]: General error
C:\xampp\htdocs\aurora\functions.php
======================================================================
[2018-05-15 18:14:47]
Query error:
UPDATE admin SET value=1526388347 where variable='endtime' 
Error: SQLSTATE[HY000]: General error
C:\xampp\htdocs\aurora\functions.php
======================================================================
[2018-05-15 18:14:56]
Query error:
UPDATE contest SET starttime=1526388296 , endtime = 1526388356 ,logindone='started' WHERE logindone='notstarted'
Error: SQLSTATE[HY000]: General error
C:\xampp\htdocs\aurora\functions.php
======================================================================
[2018-05-15 18:14:56]
Query error:
UPDATE admin SET value=1526388347 where variable='endtime' 
Error: SQLSTATE[HY000]: General error
C:\xampp\htdocs\aurora\functions.php
======================================================================
[2018-05-15 18:14:56]
Query error:
UPDATE admin SET value=1526388347 where variable='endtime' 
Error: SQLSTATE[HY000]: General error
C:\xampp\htdocs\aurora\functions.php
======================================================================
[2018-05-15 18:15:04]
Query error:
UPDATE contest SET starttime=1526388304 , endtime = 1526388364 ,logindone='started' WHERE logindone='notstarted'
Error: SQLSTATE[HY000]: General error
C:\xampp\htdocs\aurora\functions.php
======================================================================
[2018-05-15 18:15:04]
Query error:
UPDATE admin SET value=1526388347 where variable='endtime' 
Error: SQLSTATE[HY000]: General error
C:\xampp\htdocs\aurora\functions.php
======================================================================
[2018-05-15 18:15:04]
Query error:
UPDATE admin SET value=1526388347 where variable='endtime' 
Error: SQLSTATE[HY000]: General error
C:\xampp\htdocs\aurora\functions.php
======================================================================
[2018-05-15 18:15:53]
Query error:
UPDATE contest SET starttime=1526388353 , endtime = 1526388413 ,logindone='started' WHERE logindone='notstarted'
Error: SQLSTATE[HY000]: General error
C:\xampp\htdocs\aurora\functions.php
======================================================================
[2018-05-15 18:15:53]
Query error:
UPDATE admin SET value=1526388347 where variable='endtime' 
Error: SQLSTATE[HY000]: General error
C:\xampp\htdocs\aurora\functions.php
======================================================================
[2018-05-15 18:15:53]
Query error:
UPDATE admin SET value=1526388347 where variable='endtime' 
Error: SQLSTATE[HY000]: General error
C:\xampp\htdocs\aurora\functions.php
======================================================================
[2018-05-15 18:16:03]
Query error:
UPDATE contest SET starttime=1526388363 , endtime = 1526388423 ,logindone='started' WHERE logindone='notstarted'
Error: SQLSTATE[HY000]: General error
C:\xampp\htdocs\aurora\functions.php
======================================================================
[2018-05-15 18:16:03]
Query error:
UPDATE admin SET value=1526388347 where variable='endtime' 
Error: SQLSTATE[HY000]: General error
C:\xampp\htdocs\aurora\functions.php
======================================================================
[2018-05-15 18:16:03]
Query error:
UPDATE admin SET value=1526388347 where variable='endtime' 
Error: SQLSTATE[HY000]: General error
C:\xampp\htdocs\aurora\functions.php
======================================================================
[2018-05-15 18:16:11]
Query error:
UPDATE contest SET starttime=1526388371 , endtime = 1526388431 ,logindone='started' WHERE logindone='notstarted'
Error: SQLSTATE[HY000]: General error
C:\xampp\htdocs\aurora\functions.php
======================================================================
[2018-05-15 18:16:11]
Query error:
UPDATE admin SET value=1526388347 where variable='endtime' 
Error: SQLSTATE[HY000]: General error
C:\xampp\htdocs\aurora\functions.php
======================================================================
[2018-05-15 18:16:11]
Query error:
UPDATE admin SET value=1526388347 where variable='endtime' 
Error: SQLSTATE[HY000]: General error
C:\xampp\htdocs\aurora\functions.php
======================================================================
[2018-05-15 18:16:14]
Query error:
UPDATE admin SET value=1526388347 where variable='endtime' 
Error: SQLSTATE[HY000]: General error
C:\xampp\htdocs\aurora\functions.php
======================================================================
[2018-05-15 18:16:35]
Query error:
UPDATE contest SET starttime=1526388395 , endtime = 1526388455 ,logindone='started' WHERE logindone='notstarted'
Error: SQLSTATE[HY000]: General error
C:\xampp\htdocs\aurora\functions.php
======================================================================
[2018-05-15 18:16:36]
Query error:
UPDATE admin SET value=1526388455 where variable='endtime' 
Error: SQLSTATE[HY000]: General error
C:\xampp\htdocs\aurora\functions.php
======================================================================
[2018-05-15 18:16:36]
Query error:
UPDATE admin SET value=1526388455 where variable='endtime' 
Error: SQLSTATE[HY000]: General error
C:\xampp\htdocs\aurora\functions.php
======================================================================
[2018-05-15 18:17:07]
Query error:
UPDATE contest SET starttime=1526388427 , endtime = 1526388487 ,logindone='started' WHERE logindone='notstarted'
Error: SQLSTATE[HY000]: General error
C:\xampp\htdocs\aurora\functions.php
======================================================================
[2018-05-15 18:17:07]
Query error:
UPDATE admin SET value=1526388455 where variable='endtime' 
Error: SQLSTATE[HY000]: General error
C:\xampp\htdocs\aurora\functions.php
======================================================================
[2018-05-15 18:17:07]
Query error:
UPDATE admin SET value=1526388455 where variable='endtime' 
Error: SQLSTATE[HY000]: General error
C:\xampp\htdocs\aurora\functions.php
======================================================================
[2018-05-15 18:18:49]
Query error:
UPDATE contest SET starttime=1526388529 , endtime = 1526388589 ,logindone='started' WHERE logindone='notstarted'
Error: SQLSTATE[HY000]: General error
C:\xampp\htdocs\aurora\functions.php
======================================================================
[2018-05-15 18:18:49]
Query error:
UPDATE admin SET value=1526388455 where variable='endtime' 
Error: SQLSTATE[HY000]: General error
C:\xampp\htdocs\aurora\functions.php
======================================================================
[2018-05-15 18:18:49]
Query error:
UPDATE admin SET value=1526388455 where variable='endtime' 
Error: SQLSTATE[HY000]: General error
C:\xampp\htdocs\aurora\functions.php
======================================================================
[2018-05-15 18:18:57]
Query error:
UPDATE contest SET starttime=1526388537 , endtime = 1526388597 ,logindone='started' WHERE logindone='notstarted'
Error: SQLSTATE[HY000]: General error
C:\xampp\htdocs\aurora\functions.php
======================================================================
[2018-05-15 18:18:57]
Query error:
UPDATE admin SET value=1526388455 where variable='endtime' 
Error: SQLSTATE[HY000]: General error
C:\xampp\htdocs\aurora\functions.php
======================================================================
[2018-05-15 18:18:57]
Query error:
UPDATE admin SET value=1526388455 where variable='endtime' 
Error: SQLSTATE[HY000]: General error
C:\xampp\htdocs\aurora\functions.php
======================================================================
[2018-05-15 18:19:03]
Query error:
UPDATE contest SET starttime=1526388543 , endtime = 1526388603 ,logindone='started' WHERE logindone='notstarted'
Error: SQLSTATE[HY000]: General error
C:\xampp\htdocs\aurora\functions.php
======================================================================
[2018-05-15 18:19:03]
Query error:
UPDATE admin SET value=1526388455 where variable='endtime' 
Error: SQLSTATE[HY000]: General error
C:\xampp\htdocs\aurora\functions.php
======================================================================
[2018-05-15 18:19:03]
Query error:
UPDATE admin SET value=1526388455 where variable='endtime' 
Error: SQLSTATE[HY000]: General error
C:\xampp\htdocs\aurora\functions.php
======================================================================
[2018-05-15 18:19:21]
Query error:
UPDATE contest SET starttime=1526388561 , endtime = 1526388621 ,logindone='started' WHERE logindone='notstarted'
Error: SQLSTATE[HY000]: General error
C:\xampp\htdocs\aurora\functions.php
======================================================================
[2018-05-15 18:19:21]
Query error:
UPDATE admin SET value=1526388621 where variable='endtime' 
Error: SQLSTATE[HY000]: General error
C:\xampp\htdocs\aurora\functions.php
======================================================================
[2018-05-15 18:19:21]
Query error:
UPDATE admin SET value=1526388621 where variable='endtime' 
Error: SQLSTATE[HY000]: General error
C:\xampp\htdocs\aurora\functions.php
======================================================================
[2018-05-15 18:19:25]
Query error:
UPDATE admin SET value=1526388621 where variable='endtime' 
Error: SQLSTATE[HY000]: General error
C:\xampp\htdocs\aurora\functions.php
======================================================================
[2018-05-15 18:19:33]
Query error:
UPDATE contest SET starttime=1526388573 , endtime = 1526388633 ,logindone='started' WHERE logindone='notstarted'
Error: SQLSTATE[HY000]: General error
C:\xampp\htdocs\aurora\functions.php
======================================================================
[2018-05-15 18:19:33]
Query error:
UPDATE admin SET value=1526388621 where variable='endtime' 
Error: SQLSTATE[HY000]: General error
C:\xampp\htdocs\aurora\functions.php
======================================================================
[2018-05-15 18:19:33]
Query error:
UPDATE admin SET value=1526388621 where variable='endtime' 
Error: SQLSTATE[HY000]: General error
C:\xampp\htdocs\aurora\functions.php
======================================================================
[2018-05-15 18:19:53]
Query error:
UPDATE admin SET value=1526388621 where variable='endtime' 
Error: SQLSTATE[HY000]: General error
C:\xampp\htdocs\aurora\functions.php
======================================================================
[2018-05-15 18:20:02]
Query error:
UPDATE contest SET starttime=1526388602 , endtime = 1526388662 ,logindone='started' WHERE logindone='notstarted'
Error: SQLSTATE[HY000]: General error
C:\xampp\htdocs\aurora\functions.php
======================================================================
[2018-05-15 18:20:02]
Query error:
UPDATE admin SET value=1526388621 where variable='endtime' 
Error: SQLSTATE[HY000]: General error
C:\xampp\htdocs\aurora\functions.php
======================================================================
[2018-05-15 18:20:02]
Query error:
UPDATE admin SET value=1526388621 where variable='endtime' 
Error: SQLSTATE[HY000]: General error
C:\xampp\htdocs\aurora\functions.php
======================================================================
[2018-05-15 18:24:45]
Query error:
UPDATE admin SET value=1526388621 where variable='endtime' 
Error: SQLSTATE[HY000]: General error
C:\xampp\htdocs\aurora\functions.php
======================================================================
[2018-05-15 18:25:01]
Query error:
UPDATE contest SET starttime=1526388901 , endtime = 1526388961 ,logindone='started' WHERE logindone='notstarted'
Error: SQLSTATE[HY000]: General error
C:\xampp\htdocs\aurora\functions.php
======================================================================
[2018-05-15 18:25:01]
Query error:
UPDATE admin SET value=1526388961 where variable='endtime' 
Error: SQLSTATE[HY000]: General error
C:\xampp\htdocs\aurora\functions.php
======================================================================
[2018-05-15 18:25:01]
Query error:
UPDATE admin SET value=1526388961 where variable='endtime' 
Error: SQLSTATE[HY000]: General error
C:\xampp\htdocs\aurora\functions.php
======================================================================
[2018-05-15 18:25:47]
Query error:
UPDATE admin SET value=1526388961 where variable='endtime' 
Error: SQLSTATE[HY000]: General error
C:\xampp\htdocs\aurora\functions.php
======================================================================
[2018-05-15 18:25:49]
Query error:
UPDATE admin SET value=1526388961 where variable='endtime' 
Error: SQLSTATE[HY000]: General error
C:\xampp\htdocs\aurora\functions.php
======================================================================
[2018-05-15 18:25:50]
Query error:
UPDATE admin SET value=1526388961 where variable='endtime' 
Error: SQLSTATE[HY000]: General error
C:\xampp\htdocs\aurora\functions.php
======================================================================
[2018-05-15 18:27:13]
Query error:
UPDATE contest SET starttime=1526389033 , endtime = 1526389093 ,logindone='started' WHERE logindone='notstarted'
Error: SQLSTATE[HY000]: General error
C:\xampp\htdocs\aurora\functions.php
======================================================================
[2018-05-15 18:27:13]
Query error:
UPDATE admin SET value=1526388961 where variable='endtime' 
Error: SQLSTATE[HY000]: General error
C:\xampp\htdocs\aurora\functions.php
======================================================================
[2018-05-15 18:27:13]
Query error:
UPDATE admin SET value=1526388961 where variable='endtime' 
Error: SQLSTATE[HY000]: General error
C:\xampp\htdocs\aurora\functions.php
======================================================================
[2018-05-15 18:27:25]
Query error:
UPDATE admin SET value=1526388961 where variable='endtime' 
Error: SQLSTATE[HY000]: General error
C:\xampp\htdocs\aurora\functions.php
======================================================================
[2018-05-15 18:27:26]
Query error:
UPDATE admin SET value=1526388961 where variable='endtime' 
Error: SQLSTATE[HY000]: General error
C:\xampp\htdocs\aurora\functions.php
======================================================================
[2018-05-15 18:27:28]
Query error:
UPDATE admin SET value=1526388961 where variable='endtime' 
Error: SQLSTATE[HY000]: General error
C:\xampp\htdocs\aurora\functions.php
======================================================================
[2018-05-15 18:27:29]
Query error:
UPDATE admin SET value=1526388961 where variable='endtime' 
Error: SQLSTATE[HY000]: General error
C:\xampp\htdocs\aurora\functions.php
======================================================================
[2018-05-15 18:27:30]
Query error:
UPDATE admin SET value=1526388961 where variable='endtime' 
Error: SQLSTATE[HY000]: General error
C:\xampp\htdocs\aurora\functions.php
======================================================================
[2018-05-15 18:27:31]
Query error:
UPDATE admin SET value=1526388961 where variable='endtime' 
Error: SQLSTATE[HY000]: General error
C:\xampp\htdocs\aurora\functions.php
======================================================================
[2018-05-15 18:27:32]
Query error:
UPDATE admin SET value=1526388961 where variable='endtime' 
Error: SQLSTATE[HY000]: General error
C:\xampp\htdocs\aurora\functions.php
======================================================================
[2018-05-15 18:28:33]
Query error:
UPDATE admin SET value=1526388961 where variable='endtime' 
Error: SQLSTATE[HY000]: General error
C:\xampp\htdocs\aurora\functions.php
======================================================================
[2018-05-15 18:28:34]
Query error:
UPDATE admin SET value=1526388961 where variable='endtime' 
Error: SQLSTATE[HY000]: General error
C:\xampp\htdocs\aurora\functions.php
======================================================================
[2018-05-15 18:28:36]
Query error:
UPDATE admin SET value=1526388961 where variable='endtime' 
Error: SQLSTATE[HY000]: General error
C:\xampp\htdocs\aurora\functions.php
======================================================================
[2018-05-15 18:28:37]
Query error:
UPDATE admin SET value=1526388961 where variable='endtime' 
Error: SQLSTATE[HY000]: General error
C:\xampp\htdocs\aurora\functions.php
======================================================================
[2018-05-15 18:28:38]
Query error:
UPDATE admin SET value=1526388961 where variable='endtime' 
Error: SQLSTATE[HY000]: General error
C:\xampp\htdocs\aurora\functions.php
======================================================================
[2018-05-15 18:28:39]
Query error:
UPDATE admin SET value=1526388961 where variable='endtime' 
Error: SQLSTATE[HY000]: General error
C:\xampp\htdocs\aurora\functions.php
======================================================================
[2018-05-15 18:28:40]
Query error:
UPDATE admin SET value=1526388961 where variable='endtime' 
Error: SQLSTATE[HY000]: General error
C:\xampp\htdocs\aurora\functions.php
======================================================================
[2018-05-15 18:28:41]
Query error:
UPDATE admin SET value=1526388961 where variable='endtime' 
Error: SQLSTATE[HY000]: General error
C:\xampp\htdocs\aurora\functions.php
======================================================================
[2018-05-15 18:28:42]
Query error:
UPDATE admin SET value=1526388961 where variable='endtime' 
Error: SQLSTATE[HY000]: General error
C:\xampp\htdocs\aurora\functions.php
======================================================================
[2018-05-15 18:28:43]
Query error:
UPDATE admin SET value=1526388961 where variable='endtime' 
Error: SQLSTATE[HY000]: General error
C:\xampp\htdocs\aurora\functions.php
======================================================================
[2018-05-15 18:28:44]
Query error:
UPDATE admin SET value=1526388961 where variable='endtime' 
Error: SQLSTATE[HY000]: General error
C:\xampp\htdocs\aurora\functions.php
======================================================================
[2018-05-15 18:28:45]
Query error:
UPDATE admin SET value=1526388961 where variable='endtime' 
Error: SQLSTATE[HY000]: General error
C:\xampp\htdocs\aurora\functions.php
======================================================================
[2018-05-15 18:28:46]
Query error:
UPDATE admin SET value=1526388961 where variable='endtime' 
Error: SQLSTATE[HY000]: General error
C:\xampp\htdocs\aurora\functions.php
======================================================================
[2018-05-15 18:28:47]
Query error:
UPDATE admin SET value=1526388961 where variable='endtime' 
Error: SQLSTATE[HY000]: General error
C:\xampp\htdocs\aurora\functions.php
======================================================================
[2018-05-15 18:28:48]
Query error:
UPDATE admin SET value=1526388961 where variable='endtime' 
Error: SQLSTATE[HY000]: General error
C:\xampp\htdocs\aurora\functions.php
======================================================================
[2018-05-15 18:28:49]
Query error:
UPDATE admin SET value=1526388961 where variable='endtime' 
Error: SQLSTATE[HY000]: General error
C:\xampp\htdocs\aurora\functions.php
======================================================================
[2018-05-15 18:28:50]
Query error:
UPDATE admin SET value=1526388961 where variable='endtime' 
Error: SQLSTATE[HY000]: General error
C:\xampp\htdocs\aurora\functions.php
======================================================================
[2018-05-15 18:28:52]
Query error:
UPDATE admin SET value=1526388961 where variable='endtime' 
Error: SQLSTATE[HY000]: General error
C:\xampp\htdocs\aurora\functions.php
======================================================================
[2018-05-15 18:28:53]
Query error:
UPDATE admin SET value=1526388961 where variable='endtime' 
Error: SQLSTATE[HY000]: General error
C:\xampp\htdocs\aurora\functions.php
======================================================================
[2018-05-15 18:28:54]
Query error:
UPDATE admin SET value=1526388961 where variable='endtime' 
Error: SQLSTATE[HY000]: General error
C:\xampp\htdocs\aurora\functions.php
======================================================================
[2018-05-15 18:28:55]
Query error:
UPDATE admin SET value=1526388961 where variable='endtime' 
Error: SQLSTATE[HY000]: General error
C:\xampp\htdocs\aurora\functions.php
======================================================================
[2018-05-15 18:28:56]
Query error:
UPDATE admin SET value=1526388961 where variable='endtime' 
Error: SQLSTATE[HY000]: General error
C:\xampp\htdocs\aurora\functions.php
======================================================================
[2018-05-15 18:28:57]
Query error:
UPDATE admin SET value=1526388961 where variable='endtime' 
Error: SQLSTATE[HY000]: General error
C:\xampp\htdocs\aurora\functions.php
======================================================================
[2018-05-15 18:28:58]
Query error:
UPDATE admin SET value=1526388961 where variable='endtime' 
Error: SQLSTATE[HY000]: General error
C:\xampp\htdocs\aurora\functions.php
======================================================================
[2018-05-15 18:28:59]
Query error:
UPDATE admin SET value=1526388961 where variable='endtime' 
Error: SQLSTATE[HY000]: General error
C:\xampp\htdocs\aurora\functions.php
======================================================================
[2018-05-15 18:29:00]
Query error:
UPDATE admin SET value=1526388961 where variable='endtime' 
Error: SQLSTATE[HY000]: General error
C:\xampp\htdocs\aurora\functions.php
======================================================================
[2018-05-15 18:29:01]
Query error:
UPDATE admin SET value=1526388961 where variable='endtime' 
Error: SQLSTATE[HY000]: General error
C:\xampp\htdocs\aurora\functions.php
======================================================================
[2018-05-15 18:29:02]
Query error:
UPDATE admin SET value=1526388961 where variable='endtime' 
Error: SQLSTATE[HY000]: General error
C:\xampp\htdocs\aurora\functions.php
======================================================================
[2018-05-15 18:29:03]
Query error:
UPDATE admin SET value=1526388961 where variable='endtime' 
Error: SQLSTATE[HY000]: General error
C:\xampp\htdocs\aurora\functions.php
======================================================================
[2018-05-15 18:29:04]
Query error:
UPDATE admin SET value=1526388961 where variable='endtime' 
Error: SQLSTATE[HY000]: General error
C:\xampp\htdocs\aurora\functions.php
======================================================================
[2018-05-15 18:29:05]
Query error:
UPDATE admin SET value=1526388961 where variable='endtime' 
Error: SQLSTATE[HY000]: General error
C:\xampp\htdocs\aurora\functions.php
======================================================================
[2018-05-15 18:29:07]
Query error:
UPDATE admin SET value=1526388961 where variable='endtime' 
Error: SQLSTATE[HY000]: General error
C:\xampp\htdocs\aurora\functions.php
======================================================================
[2018-05-15 18:29:08]
Query error:
UPDATE admin SET value=1526388961 where variable='endtime' 
Error: SQLSTATE[HY000]: General error
C:\xampp\htdocs\aurora\functions.php
======================================================================
[2018-05-15 18:29:09]
Query error:
UPDATE admin SET value=1526388961 where variable='endtime' 
Error: SQLSTATE[HY000]: General error
C:\xampp\htdocs\aurora\functions.php
======================================================================
[2018-05-15 18:29:10]
Query error:
UPDATE admin SET value=1526388961 where variable='endtime' 
Error: SQLSTATE[HY000]: General error
C:\xampp\htdocs\aurora\functions.php
======================================================================
[2018-05-15 18:29:11]
Query error:
UPDATE admin SET value=1526388961 where variable='endtime' 
Error: SQLSTATE[HY000]: General error
C:\xampp\htdocs\aurora\functions.php
======================================================================
[2018-05-15 18:29:12]
Query error:
UPDATE admin SET value=1526388961 where variable='endtime' 
Error: SQLSTATE[HY000]: General error
C:\xampp\htdocs\aurora\functions.php
======================================================================
[2018-05-15 18:29:13]
Query error:
UPDATE admin SET value=1526388961 where variable='endtime' 
Error: SQLSTATE[HY000]: General error
C:\xampp\htdocs\aurora\functions.php
======================================================================
[2018-05-15 18:29:14]
Query error:
UPDATE admin SET value=1526388961 where variable='endtime' 
Error: SQLSTATE[HY000]: General error
C:\xampp\htdocs\aurora\functions.php
======================================================================
[2018-05-15 18:29:15]
Query error:
UPDATE admin SET value=1526388961 where variable='endtime' 
Error: SQLSTATE[HY000]: General error
C:\xampp\htdocs\aurora\functions.php
======================================================================
[2018-05-15 18:29:16]
Query error:
UPDATE admin SET value=1526388961 where variable='endtime' 
Error: SQLSTATE[HY000]: General error
C:\xampp\htdocs\aurora\functions.php
======================================================================
[2018-05-15 18:29:17]
Query error:
UPDATE admin SET value=1526388961 where variable='endtime' 
Error: SQLSTATE[HY000]: General error
C:\xampp\htdocs\aurora\functions.php
======================================================================
[2018-05-15 18:29:18]
Query error:
UPDATE admin SET value=1526388961 where variable='endtime' 
Error: SQLSTATE[HY000]: General error
C:\xampp\htdocs\aurora\functions.php
======================================================================
[2018-05-15 18:29:19]
Query error:
UPDATE admin SET value=1526388961 where variable='endtime' 
Error: SQLSTATE[HY000]: General error
C:\xampp\htdocs\aurora\functions.php
======================================================================
[2018-05-15 18:29:21]
Query error:
UPDATE admin SET value=1526388961 where variable='endtime' 
Error: SQLSTATE[HY000]: General error
C:\xampp\htdocs\aurora\functions.php
======================================================================
[2018-05-15 18:29:22]
Query error:
UPDATE admin SET value=1526388961 where variable='endtime' 
Error: SQLSTATE[HY000]: General error
C:\xampp\htdocs\aurora\functions.php
======================================================================
[2018-05-15 18:29:23]
Query error:
UPDATE admin SET value=1526388961 where variable='endtime' 
Error: SQLSTATE[HY000]: General error
C:\xampp\htdocs\aurora\functions.php
======================================================================
[2018-05-15 18:29:24]
Query error:
UPDATE admin SET value=1526388961 where variable='endtime' 
Error: SQLSTATE[HY000]: General error
C:\xampp\htdocs\aurora\functions.php
======================================================================
[2018-05-15 18:29:25]
Query error:
UPDATE admin SET value=1526388961 where variable='endtime' 
Error: SQLSTATE[HY000]: General error
C:\xampp\htdocs\aurora\functions.php
======================================================================
[2018-05-15 18:29:26]
Query error:
UPDATE admin SET value=1526388961 where variable='endtime' 
Error: SQLSTATE[HY000]: General error
C:\xampp\htdocs\aurora\functions.php
======================================================================
[2018-05-15 18:29:27]
Query error:
UPDATE admin SET value=1526388961 where variable='endtime' 
Error: SQLSTATE[HY000]: General error
C:\xampp\htdocs\aurora\functions.php
======================================================================
[2018-05-15 18:29:28]
Query error:
UPDATE admin SET value=1526388961 where variable='endtime' 
Error: SQLSTATE[HY000]: General error
C:\xampp\htdocs\aurora\functions.php
======================================================================
[2018-05-15 18:29:29]
Query error:
UPDATE admin SET value=1526388961 where variable='endtime' 
Error: SQLSTATE[HY000]: General error
C:\xampp\htdocs\aurora\functions.php
======================================================================
[2018-05-15 18:29:30]
Query error:
UPDATE admin SET value=1526388961 where variable='endtime' 
Error: SQLSTATE[HY000]: General error
C:\xampp\htdocs\aurora\functions.php
======================================================================
[2018-05-15 18:29:31]
Query error:
UPDATE admin SET value=1526388961 where variable='endtime' 
Error: SQLSTATE[HY000]: General error
C:\xampp\htdocs\aurora\functions.php
======================================================================
[2018-05-15 18:29:32]
Query error:
UPDATE admin SET value=1526388961 where variable='endtime' 
Error: SQLSTATE[HY000]: General error
C:\xampp\htdocs\aurora\functions.php
======================================================================
[2018-05-15 18:29:34]
Query error:
UPDATE admin SET value=1526388961 where variable='endtime' 
Error: SQLSTATE[HY000]: General error
C:\xampp\htdocs\aurora\functions.php
======================================================================
[2018-05-15 18:29:35]
Query error:
UPDATE admin SET value=1526388961 where variable='endtime' 
Error: SQLSTATE[HY000]: General error
C:\xampp\htdocs\aurora\functions.php
======================================================================
[2018-05-15 18:29:36]
Query error:
UPDATE admin SET value=1526388961 where variable='endtime' 
Error: SQLSTATE[HY000]: General error
C:\xampp\htdocs\aurora\functions.php
======================================================================
[2018-05-15 18:29:37]
Query error:
UPDATE admin SET value=1526388961 where variable='endtime' 
Error: SQLSTATE[HY000]: General error
C:\xampp\htdocs\aurora\functions.php
======================================================================
[2018-05-15 18:29:38]
Query error:
UPDATE admin SET value=1526388961 where variable='endtime' 
Error: SQLSTATE[HY000]: General error
C:\xampp\htdocs\aurora\functions.php
======================================================================
[2018-05-15 18:29:39]
Query error:
UPDATE admin SET value=1526388961 where variable='endtime' 
Error: SQLSTATE[HY000]: General error
C:\xampp\htdocs\aurora\functions.php
======================================================================
[2018-05-15 18:29:40]
Query error:
UPDATE admin SET value=1526388961 where variable='endtime' 
Error: SQLSTATE[HY000]: General error
C:\xampp\htdocs\aurora\functions.php
======================================================================
[2018-05-15 18:29:41]
Query error:
UPDATE admin SET value=1526388961 where variable='endtime' 
Error: SQLSTATE[HY000]: General error
C:\xampp\htdocs\aurora\functions.php
======================================================================
[2018-05-15 18:29:42]
Query error:
UPDATE admin SET value=1526388961 where variable='endtime' 
Error: SQLSTATE[HY000]: General error
C:\xampp\htdocs\aurora\functions.php
======================================================================
[2018-05-15 18:29:43]
Query error:
UPDATE admin SET value=1526388961 where variable='endtime' 
Error: SQLSTATE[HY000]: General error
C:\xampp\htdocs\aurora\functions.php
======================================================================
[2018-05-15 18:29:44]
Query error:
UPDATE admin SET value=1526388961 where variable='endtime' 
Error: SQLSTATE[HY000]: General error
C:\xampp\htdocs\aurora\functions.php
======================================================================
[2018-05-15 18:29:45]
Query error:
UPDATE admin SET value=1526388961 where variable='endtime' 
Error: SQLSTATE[HY000]: General error
C:\xampp\htdocs\aurora\functions.php
======================================================================
[2018-05-15 18:29:46]
Query error:
UPDATE admin SET value=1526388961 where variable='endtime' 
Error: SQLSTATE[HY000]: General error
C:\xampp\htdocs\aurora\functions.php
======================================================================
[2018-05-15 18:29:47]
Query error:
UPDATE admin SET value=1526388961 where variable='endtime' 
Error: SQLSTATE[HY000]: General error
C:\xampp\htdocs\aurora\functions.php
======================================================================
[2018-05-15 18:29:48]
Query error:
UPDATE admin SET value=1526388961 where variable='endtime' 
Error: SQLSTATE[HY000]: General error
C:\xampp\htdocs\aurora\functions.php
======================================================================
[2018-05-15 18:29:49]
Query error:
UPDATE admin SET value=1526388961 where variable='endtime' 
Error: SQLSTATE[HY000]: General error
C:\xampp\htdocs\aurora\functions.php
======================================================================
[2018-05-15 18:29:50]
Query error:
UPDATE admin SET value=1526388961 where variable='endtime' 
Error: SQLSTATE[HY000]: General error
C:\xampp\htdocs\aurora\functions.php
======================================================================
[2018-05-15 18:29:52]
Query error:
UPDATE admin SET value=1526388961 where variable='endtime' 
Error: SQLSTATE[HY000]: General error
C:\xampp\htdocs\aurora\functions.php
======================================================================
[2018-05-15 18:29:53]
Query error:
UPDATE admin SET value=1526388961 where variable='endtime' 
Error: SQLSTATE[HY000]: General error
C:\xampp\htdocs\aurora\functions.php
======================================================================
[2018-05-15 18:29:54]
Query error:
UPDATE admin SET value=1526388961 where variable='endtime' 
Error: SQLSTATE[HY000]: General error
C:\xampp\htdocs\aurora\functions.php
======================================================================
[2018-05-15 18:29:55]
Query error:
UPDATE admin SET value=1526388961 where variable='endtime' 
Error: SQLSTATE[HY000]: General error
C:\xampp\htdocs\aurora\functions.php
======================================================================
[2018-05-15 18:29:56]
Query error:
UPDATE admin SET value=1526388961 where variable='endtime' 
Error: SQLSTATE[HY000]: General error
C:\xampp\htdocs\aurora\functions.php
======================================================================
[2018-05-15 18:29:57]
Query error:
UPDATE admin SET value=1526388961 where variable='endtime' 
Error: SQLSTATE[HY000]: General error
C:\xampp\htdocs\aurora\functions.php
======================================================================
[2018-05-15 18:29:58]
Query error:
UPDATE admin SET value=1526388961 where variable='endtime' 
Error: SQLSTATE[HY000]: General error
C:\xampp\htdocs\aurora\functions.php
======================================================================
[2018-05-15 18:29:59]
Query error:
UPDATE admin SET value=1526388961 where variable='endtime' 
Error: SQLSTATE[HY000]: General error
C:\xampp\htdocs\aurora\functions.php
======================================================================
[2018-05-15 18:30:00]
Query error:
UPDATE admin SET value=1526388961 where variable='endtime' 
Error: SQLSTATE[HY000]: General error
C:\xampp\htdocs\aurora\functions.php
======================================================================
[2018-05-15 18:30:01]
Query error:
UPDATE admin SET value=1526388961 where variable='endtime' 
Error: SQLSTATE[HY000]: General error
C:\xampp\htdocs\aurora\functions.php
======================================================================
[2018-05-15 18:30:02]
Query error:
UPDATE admin SET value=1526388961 where variable='endtime' 
Error: SQLSTATE[HY000]: General error
C:\xampp\htdocs\aurora\functions.php
======================================================================
[2018-05-15 18:30:03]
Query error:
UPDATE admin SET value=1526388961 where variable='endtime' 
Error: SQLSTATE[HY000]: General error
C:\xampp\htdocs\aurora\functions.php
======================================================================
[2018-05-15 18:30:04]
Query error:
UPDATE admin SET value=1526388961 where variable='endtime' 
Error: SQLSTATE[HY000]: General error
C:\xampp\htdocs\aurora\functions.php
======================================================================
[2018-05-15 18:30:05]
Query error:
UPDATE admin SET value=1526388961 where variable='endtime' 
Error: SQLSTATE[HY000]: General error
C:\xampp\htdocs\aurora\functions.php
======================================================================
[2018-05-15 18:30:07]
Query error:
UPDATE admin SET value=1526388961 where variable='endtime' 
Error: SQLSTATE[HY000]: General error
C:\xampp\htdocs\aurora\functions.php
======================================================================
[2018-05-15 18:30:08]
Query error:
UPDATE admin SET value=1526388961 where variable='endtime' 
Error: SQLSTATE[HY000]: General error
C:\xampp\htdocs\aurora\functions.php
======================================================================
[2018-05-15 18:30:09]
Query error:
UPDATE admin SET value=1526388961 where variable='endtime' 
Error: SQLSTATE[HY000]: General error
C:\xampp\htdocs\aurora\functions.php
======================================================================
[2018-05-15 18:30:10]
Query error:
UPDATE admin SET value=1526388961 where variable='endtime' 
Error: SQLSTATE[HY000]: General error
C:\xampp\htdocs\aurora\functions.php
======================================================================
[2018-05-15 18:30:11]
Query error:
UPDATE admin SET value=1526388961 where variable='endtime' 
Error: SQLSTATE[HY000]: General error
C:\xampp\htdocs\aurora\functions.php
======================================================================
[2018-05-15 18:30:12]
Query error:
UPDATE admin SET value=1526388961 where variable='endtime' 
Error: SQLSTATE[HY000]: General error
C:\xampp\htdocs\aurora\functions.php
======================================================================
[2018-05-15 18:30:13]
Query error:
UPDATE admin SET value=1526388961 where variable='endtime' 
Error: SQLSTATE[HY000]: General error
C:\xampp\htdocs\aurora\functions.php
======================================================================
[2018-05-15 18:30:14]
Query error:
UPDATE admin SET value=1526388961 where variable='endtime' 
Error: SQLSTATE[HY000]: General error
C:\xampp\htdocs\aurora\functions.php
======================================================================
[2018-05-15 18:30:15]
Query error:
UPDATE admin SET value=1526388961 where variable='endtime' 
Error: SQLSTATE[HY000]: General error
C:\xampp\htdocs\aurora\functions.php
======================================================================
[2018-05-15 18:30:16]
Query error:
UPDATE admin SET value=1526388961 where variable='endtime' 
Error: SQLSTATE[HY000]: General error
C:\xampp\htdocs\aurora\functions.php
======================================================================
[2018-05-15 18:30:17]
Query error:
UPDATE admin SET value=1526388961 where variable='endtime' 
Error: SQLSTATE[HY000]: General error
C:\xampp\htdocs\aurora\functions.php
======================================================================
[2018-05-15 18:30:18]
Query error:
UPDATE admin SET value=1526388961 where variable='endtime' 
Error: SQLSTATE[HY000]: General error
C:\xampp\htdocs\aurora\functions.php
======================================================================
[2018-05-15 18:30:19]
Query error:
UPDATE admin SET value=1526388961 where variable='endtime' 
Error: SQLSTATE[HY000]: General error
C:\xampp\htdocs\aurora\functions.php
======================================================================
[2018-05-15 18:30:20]
Query error:
UPDATE admin SET value=1526388961 where variable='endtime' 
Error: SQLSTATE[HY000]: General error
C:\xampp\htdocs\aurora\functions.php
======================================================================
[2018-05-15 18:30:22]
Query error:
UPDATE admin SET value=1526388961 where variable='endtime' 
Error: SQLSTATE[HY000]: General error
C:\xampp\htdocs\aurora\functions.php
======================================================================
[2018-05-15 18:30:23]
Query error:
UPDATE admin SET value=1526388961 where variable='endtime' 
Error: SQLSTATE[HY000]: General error
C:\xampp\htdocs\aurora\functions.php
======================================================================
[2018-05-15 18:30:24]
Query error:
UPDATE admin SET value=1526388961 where variable='endtime' 
Error: SQLSTATE[HY000]: General error
C:\xampp\htdocs\aurora\functions.php
======================================================================
[2018-05-15 18:30:25]
Query error:
UPDATE admin SET value=1526388961 where variable='endtime' 
Error: SQLSTATE[HY000]: General error
C:\xampp\htdocs\aurora\functions.php
======================================================================
[2018-05-15 18:30:26]
Query error:
UPDATE admin SET value=1526388961 where variable='endtime' 
Error: SQLSTATE[HY000]: General error
C:\xampp\htdocs\aurora\functions.php
======================================================================
[2018-05-15 18:30:27]
Query error:
UPDATE admin SET value=1526388961 where variable='endtime' 
Error: SQLSTATE[HY000]: General error
C:\xampp\htdocs\aurora\functions.php
======================================================================
[2018-05-15 18:30:28]
Query error:
UPDATE admin SET value=1526388961 where variable='endtime' 
Error: SQLSTATE[HY000]: General error
C:\xampp\htdocs\aurora\functions.php
======================================================================
[2018-05-15 18:30:29]
Query error:
UPDATE admin SET value=1526388961 where variable='endtime' 
Error: SQLSTATE[HY000]: General error
C:\xampp\htdocs\aurora\functions.php
======================================================================
[2018-05-15 18:30:30]
Query error:
UPDATE admin SET value=1526388961 where variable='endtime' 
Error: SQLSTATE[HY000]: General error
C:\xampp\htdocs\aurora\functions.php
======================================================================
[2018-05-15 18:30:31]
Query error:
UPDATE admin SET value=1526388961 where variable='endtime' 
Error: SQLSTATE[HY000]: General error
C:\xampp\htdocs\aurora\functions.php
======================================================================
[2018-05-15 18:30:32]
Query error:
UPDATE admin SET value=1526388961 where variable='endtime' 
Error: SQLSTATE[HY000]: General error
C:\xampp\htdocs\aurora\functions.php
======================================================================
[2018-05-15 18:30:33]
Query error:
UPDATE admin SET value=1526388961 where variable='endtime' 
Error: SQLSTATE[HY000]: General error
C:\xampp\htdocs\aurora\functions.php
======================================================================
[2018-05-15 18:30:34]
Query error:
UPDATE admin SET value=1526388961 where variable='endtime' 
Error: SQLSTATE[HY000]: General error
C:\xampp\htdocs\aurora\functions.php
======================================================================
[2018-05-15 18:30:35]
Query error:
UPDATE admin SET value=1526388961 where variable='endtime' 
Error: SQLSTATE[HY000]: General error
C:\xampp\htdocs\aurora\functions.php
======================================================================
[2018-05-15 18:30:37]
Query error:
UPDATE admin SET value=1526388961 where variable='endtime' 
Error: SQLSTATE[HY000]: General error
C:\xampp\htdocs\aurora\functions.php
======================================================================
[2018-05-15 18:30:38]
Query error:
UPDATE admin SET value=1526388961 where variable='endtime' 
Error: SQLSTATE[HY000]: General error
C:\xampp\htdocs\aurora\functions.php
======================================================================
[2018-05-15 18:30:39]
Query error:
UPDATE admin SET value=1526388961 where variable='endtime' 
Error: SQLSTATE[HY000]: General error
C:\xampp\htdocs\aurora\functions.php
======================================================================
[2018-05-15 18:30:40]
Query error:
UPDATE admin SET value=1526388961 where variable='endtime' 
Error: SQLSTATE[HY000]: General error
C:\xampp\htdocs\aurora\functions.php
======================================================================
[2018-05-15 18:30:41]
Query error:
UPDATE admin SET value=1526388961 where variable='endtime' 
Error: SQLSTATE[HY000]: General error
C:\xampp\htdocs\aurora\functions.php
======================================================================
[2018-05-15 18:30:42]
Query error:
UPDATE admin SET value=1526388961 where variable='endtime' 
Error: SQLSTATE[HY000]: General error
C:\xampp\htdocs\aurora\functions.php
======================================================================
[2018-05-15 18:30:43]
Query error:
UPDATE admin SET value=1526388961 where variable='endtime' 
Error: SQLSTATE[HY000]: General error
C:\xampp\htdocs\aurora\functions.php
======================================================================
[2018-05-15 18:30:44]
Query error:
UPDATE admin SET value=1526388961 where variable='endtime' 
Error: SQLSTATE[HY000]: General error
C:\xampp\htdocs\aurora\functions.php
======================================================================
[2018-05-15 18:30:45]
Query error:
UPDATE admin SET value=1526388961 where variable='endtime' 
Error: SQLSTATE[HY000]: General error
C:\xampp\htdocs\aurora\functions.php
======================================================================
[2018-05-15 18:30:46]
Query error:
UPDATE admin SET value=1526388961 where variable='endtime' 
Error: SQLSTATE[HY000]: General error
C:\xampp\htdocs\aurora\functions.php
======================================================================
[2018-05-15 18:30:47]
Query error:
UPDATE admin SET value=1526388961 where variable='endtime' 
Error: SQLSTATE[HY000]: General error
C:\xampp\htdocs\aurora\functions.php
======================================================================
[2018-05-15 18:30:48]
Query error:
UPDATE admin SET value=1526388961 where variable='endtime' 
Error: SQLSTATE[HY000]: General error
C:\xampp\htdocs\aurora\functions.php
======================================================================
[2018-05-15 18:30:50]
Query error:
UPDATE admin SET value=1526388961 where variable='endtime' 
Error: SQLSTATE[HY000]: General error
C:\xampp\htdocs\aurora\functions.php
======================================================================
[2018-05-15 18:30:51]
Query error:
UPDATE admin SET value=1526388961 where variable='endtime' 
Error: SQLSTATE[HY000]: General error
C:\xampp\htdocs\aurora\functions.php
======================================================================
[2018-05-15 18:30:52]
Query error:
UPDATE admin SET value=1526388961 where variable='endtime' 
Error: SQLSTATE[HY000]: General error
C:\xampp\htdocs\aurora\functions.php
======================================================================
[2018-05-15 18:30:53]
Query error:
UPDATE admin SET value=1526388961 where variable='endtime' 
Error: SQLSTATE[HY000]: General error
C:\xampp\htdocs\aurora\functions.php
======================================================================
[2018-05-15 18:30:54]
Query error:
UPDATE admin SET value=1526388961 where variable='endtime' 
Error: SQLSTATE[HY000]: General error
C:\xampp\htdocs\aurora\functions.php
======================================================================
[2018-05-15 18:30:55]
Query error:
UPDATE admin SET value=1526388961 where variable='endtime' 
Error: SQLSTATE[HY000]: General error
C:\xampp\htdocs\aurora\functions.php
======================================================================
[2018-05-15 18:30:56]
Query error:
UPDATE admin SET value=1526388961 where variable='endtime' 
Error: SQLSTATE[HY000]: General error
C:\xampp\htdocs\aurora\functions.php
======================================================================
[2018-05-15 18:30:57]
Query error:
UPDATE admin SET value=1526388961 where variable='endtime' 
Error: SQLSTATE[HY000]: General error
C:\xampp\htdocs\aurora\functions.php
======================================================================
[2018-05-15 18:30:58]
Query error:
UPDATE admin SET value=1526388961 where variable='endtime' 
Error: SQLSTATE[HY000]: General error
C:\xampp\htdocs\aurora\functions.php
======================================================================
[2018-05-15 18:30:59]
Query error:
UPDATE admin SET value=1526388961 where variable='endtime' 
Error: SQLSTATE[HY000]: General error
C:\xampp\htdocs\aurora\functions.php
======================================================================
[2018-05-15 18:31:00]
Query error:
UPDATE admin SET value=1526388961 where variable='endtime' 
Error: SQLSTATE[HY000]: General error
C:\xampp\htdocs\aurora\functions.php
======================================================================
[2018-05-15 18:31:01]
Query error:
UPDATE admin SET value=1526388961 where variable='endtime' 
Error: SQLSTATE[HY000]: General error
C:\xampp\htdocs\aurora\functions.php
======================================================================
[2018-05-15 18:31:02]
Query error:
UPDATE admin SET value=1526388961 where variable='endtime' 
Error: SQLSTATE[HY000]: General error
C:\xampp\htdocs\aurora\functions.php
======================================================================
[2018-05-15 18:31:04]
Query error:
UPDATE admin SET value=1526388961 where variable='endtime' 
Error: SQLSTATE[HY000]: General error
C:\xampp\htdocs\aurora\functions.php
======================================================================
[2018-05-15 18:31:05]
Query error:
UPDATE admin SET value=1526388961 where variable='endtime' 
Error: SQLSTATE[HY000]: General error
C:\xampp\htdocs\aurora\functions.php
======================================================================
[2018-05-15 18:31:06]
Query error:
UPDATE admin SET value=1526388961 where variable='endtime' 
Error: SQLSTATE[HY000]: General error
C:\xampp\htdocs\aurora\functions.php
======================================================================
[2018-05-15 18:31:07]
Query error:
UPDATE admin SET value=1526388961 where variable='endtime' 
Error: SQLSTATE[HY000]: General error
C:\xampp\htdocs\aurora\functions.php
======================================================================
[2018-05-15 18:31:08]
Query error:
UPDATE admin SET value=1526388961 where variable='endtime' 
Error: SQLSTATE[HY000]: General error
C:\xampp\htdocs\aurora\functions.php
======================================================================
[2018-05-15 18:31:09]
Query error:
UPDATE admin SET value=1526388961 where variable='endtime' 
Error: SQLSTATE[HY000]: General error
C:\xampp\htdocs\aurora\functions.php
======================================================================
[2018-05-15 18:31:10]
Query error:
UPDATE admin SET value=1526388961 where variable='endtime' 
Error: SQLSTATE[HY000]: General error
C:\xampp\htdocs\aurora\functions.php
======================================================================
[2018-05-15 18:31:11]
Query error:
UPDATE admin SET value=1526388961 where variable='endtime' 
Error: SQLSTATE[HY000]: General error
C:\xampp\htdocs\aurora\functions.php
======================================================================
[2018-05-15 18:31:12]
Query error:
UPDATE admin SET value=1526388961 where variable='endtime' 
Error: SQLSTATE[HY000]: General error
C:\xampp\htdocs\aurora\functions.php
======================================================================
[2018-05-15 18:31:13]
Query error:
UPDATE admin SET value=1526388961 where variable='endtime' 
Error: SQLSTATE[HY000]: General error
C:\xampp\htdocs\aurora\functions.php
======================================================================
[2018-05-15 18:31:14]
Query error:
UPDATE admin SET value=1526388961 where variable='endtime' 
Error: SQLSTATE[HY000]: General error
C:\xampp\htdocs\aurora\functions.php
======================================================================
[2018-05-15 18:31:15]
Query error:
UPDATE admin SET value=1526388961 where variable='endtime' 
Error: SQLSTATE[HY000]: General error
C:\xampp\htdocs\aurora\functions.php
======================================================================
[2018-05-15 18:31:16]
Query error:
UPDATE admin SET value=1526388961 where variable='endtime' 
Error: SQLSTATE[HY000]: General error
C:\xampp\htdocs\aurora\functions.php
======================================================================
[2018-05-15 18:31:17]
Query error:
UPDATE admin SET value=1526388961 where variable='endtime' 
Error: SQLSTATE[HY000]: General error
C:\xampp\htdocs\aurora\functions.php
======================================================================
[2018-05-15 18:31:18]
Query error:
UPDATE admin SET value=1526388961 where variable='endtime' 
Error: SQLSTATE[HY000]: General error
C:\xampp\htdocs\aurora\functions.php
======================================================================
[2018-05-15 18:31:20]
Query error:
UPDATE admin SET value=1526388961 where variable='endtime' 
Error: SQLSTATE[HY000]: General error
C:\xampp\htdocs\aurora\functions.php
======================================================================
[2018-05-15 18:31:21]
Query error:
UPDATE admin SET value=1526388961 where variable='endtime' 
Error: SQLSTATE[HY000]: General error
C:\xampp\htdocs\aurora\functions.php
======================================================================
[2018-05-15 18:31:22]
Query error:
UPDATE admin SET value=1526388961 where variable='endtime' 
Error: SQLSTATE[HY000]: General error
C:\xampp\htdocs\aurora\functions.php
======================================================================
[2018-05-15 18:31:23]
Query error:
UPDATE admin SET value=1526388961 where variable='endtime' 
Error: SQLSTATE[HY000]: General error
C:\xampp\htdocs\aurora\functions.php
======================================================================
[2018-05-15 18:31:24]
Query error:
UPDATE admin SET value=1526388961 where variable='endtime' 
Error: SQLSTATE[HY000]: General error
C:\xampp\htdocs\aurora\functions.php
======================================================================
[2018-05-15 18:31:25]
Query error:
UPDATE admin SET value=1526388961 where variable='endtime' 
Error: SQLSTATE[HY000]: General error
C:\xampp\htdocs\aurora\functions.php
======================================================================
[2018-05-15 18:31:26]
Query error:
UPDATE admin SET value=1526388961 where variable='endtime' 
Error: SQLSTATE[HY000]: General error
C:\xampp\htdocs\aurora\functions.php
======================================================================
[2018-05-15 18:31:27]
Query error:
UPDATE admin SET value=1526388961 where variable='endtime' 
Error: SQLSTATE[HY000]: General error
C:\xampp\htdocs\aurora\functions.php
======================================================================
[2018-05-15 18:31:28]
Query error:
UPDATE admin SET value=1526388961 where variable='endtime' 
Error: SQLSTATE[HY000]: General error
C:\xampp\htdocs\aurora\functions.php
======================================================================
[2018-05-15 18:31:29]
Query error:
UPDATE admin SET value=1526388961 where variable='endtime' 
Error: SQLSTATE[HY000]: General error
C:\xampp\htdocs\aurora\functions.php
======================================================================
[2018-05-15 18:31:30]
Query error:
UPDATE admin SET value=1526388961 where variable='endtime' 
Error: SQLSTATE[HY000]: General error
C:\xampp\htdocs\aurora\functions.php
======================================================================
[2018-05-15 18:31:32]
Query error:
UPDATE admin SET value=1526388961 where variable='endtime' 
Error: SQLSTATE[HY000]: General error
C:\xampp\htdocs\aurora\functions.php
======================================================================
[2018-05-15 18:31:33]
Query error:
UPDATE admin SET value=1526388961 where variable='endtime' 
Error: SQLSTATE[HY000]: General error
C:\xampp\htdocs\aurora\functions.php
======================================================================
[2018-05-15 18:31:34]
Query error:
UPDATE admin SET value=1526388961 where variable='endtime' 
Error: SQLSTATE[HY000]: General error
C:\xampp\htdocs\aurora\functions.php
======================================================================
[2018-05-15 18:31:35]
Query error:
UPDATE admin SET value=1526388961 where variable='endtime' 
Error: SQLSTATE[HY000]: General error
C:\xampp\htdocs\aurora\functions.php
======================================================================
[2018-05-15 18:31:36]
Query error:
UPDATE admin SET value=1526388961 where variable='endtime' 
Error: SQLSTATE[HY000]: General error
C:\xampp\htdocs\aurora\functions.php
======================================================================
[2018-05-15 18:31:37]
Query error:
UPDATE admin SET value=1526388961 where variable='endtime' 
Error: SQLSTATE[HY000]: General error
C:\xampp\htdocs\aurora\functions.php
======================================================================
[2018-05-15 18:31:38]
Query error:
UPDATE admin SET value=1526388961 where variable='endtime' 
Error: SQLSTATE[HY000]: General error
C:\xampp\htdocs\aurora\functions.php
======================================================================
[2018-05-15 18:31:39]
Query error:
UPDATE admin SET value=1526388961 where variable='endtime' 
Error: SQLSTATE[HY000]: General error
C:\xampp\htdocs\aurora\functions.php
======================================================================
[2018-05-15 18:31:40]
Query error:
UPDATE admin SET value=1526388961 where variable='endtime' 
Error: SQLSTATE[HY000]: General error
C:\xampp\htdocs\aurora\functions.php
======================================================================
[2018-05-15 18:31:41]
Query error:
UPDATE admin SET value=1526388961 where variable='endtime' 
Error: SQLSTATE[HY000]: General error
C:\xampp\htdocs\aurora\functions.php
======================================================================
[2018-05-15 18:31:42]
Query error:
UPDATE admin SET value=1526388961 where variable='endtime' 
Error: SQLSTATE[HY000]: General error
C:\xampp\htdocs\aurora\functions.php
======================================================================
[2018-05-15 18:31:43]
Query error:
UPDATE admin SET value=1526388961 where variable='endtime' 
Error: SQLSTATE[HY000]: General error
C:\xampp\htdocs\aurora\functions.php
======================================================================
[2018-05-15 18:31:44]
Query error:
UPDATE admin SET value=1526388961 where variable='endtime' 
Error: SQLSTATE[HY000]: General error
C:\xampp\htdocs\aurora\functions.php
======================================================================
[2018-05-15 18:31:46]
Query error:
UPDATE admin SET value=1526388961 where variable='endtime' 
Error: SQLSTATE[HY000]: General error
C:\xampp\htdocs\aurora\functions.php
======================================================================
[2018-05-15 18:31:47]
Query error:
UPDATE admin SET value=1526388961 where variable='endtime' 
Error: SQLSTATE[HY000]: General error
C:\xampp\htdocs\aurora\functions.php
======================================================================
[2018-05-15 18:31:48]
Query error:
UPDATE admin SET value=1526388961 where variable='endtime' 
Error: SQLSTATE[HY000]: General error
C:\xampp\htdocs\aurora\functions.php
======================================================================
[2018-05-15 18:31:49]
Query error:
UPDATE admin SET value=1526388961 where variable='endtime' 
Error: SQLSTATE[HY000]: General error
C:\xampp\htdocs\aurora\functions.php
======================================================================
[2018-05-15 18:31:50]
Query error:
UPDATE admin SET value=1526388961 where variable='endtime' 
Error: SQLSTATE[HY000]: General error
C:\xampp\htdocs\aurora\functions.php
======================================================================
[2018-05-15 18:31:51]
Query error:
UPDATE admin SET value=1526388961 where variable='endtime' 
Error: SQLSTATE[HY000]: General error
C:\xampp\htdocs\aurora\functions.php
======================================================================
[2018-05-15 18:31:52]
Query error:
UPDATE admin SET value=1526388961 where variable='endtime' 
Error: SQLSTATE[HY000]: General error
C:\xampp\htdocs\aurora\functions.php
======================================================================
[2018-05-15 18:31:53]
Query error:
UPDATE admin SET value=1526388961 where variable='endtime' 
Error: SQLSTATE[HY000]: General error
C:\xampp\htdocs\aurora\functions.php
======================================================================
[2018-05-15 18:31:54]
Query error:
UPDATE admin SET value=1526388961 where variable='endtime' 
Error: SQLSTATE[HY000]: General error
C:\xampp\htdocs\aurora\functions.php
======================================================================
[2018-05-15 18:31:55]
Query error:
UPDATE admin SET value=1526388961 where variable='endtime' 
Error: SQLSTATE[HY000]: General error
C:\xampp\htdocs\aurora\functions.php
======================================================================
[2018-05-15 18:31:57]
Query error:
UPDATE admin SET value=1526388961 where variable='endtime' 
Error: SQLSTATE[HY000]: General error
C:\xampp\htdocs\aurora\functions.php
======================================================================
[2018-05-15 18:31:58]
Query error:
UPDATE admin SET value=1526388961 where variable='endtime' 
Error: SQLSTATE[HY000]: General error
C:\xampp\htdocs\aurora\functions.php
======================================================================
[2018-05-15 18:31:59]
Query error:
UPDATE admin SET value=1526388961 where variable='endtime' 
Error: SQLSTATE[HY000]: General error
C:\xampp\htdocs\aurora\functions.php
======================================================================
[2018-05-15 18:32:00]
Query error:
UPDATE admin SET value=1526388961 where variable='endtime' 
Error: SQLSTATE[HY000]: General error
C:\xampp\htdocs\aurora\functions.php
======================================================================
[2018-05-15 18:32:01]
Query error:
UPDATE admin SET value=1526388961 where variable='endtime' 
Error: SQLSTATE[HY000]: General error
C:\xampp\htdocs\aurora\functions.php
======================================================================
[2018-05-15 18:32:02]
Query error:
UPDATE admin SET value=1526388961 where variable='endtime' 
Error: SQLSTATE[HY000]: General error
C:\xampp\htdocs\aurora\functions.php
======================================================================
[2018-05-15 18:32:03]
Query error:
UPDATE admin SET value=1526388961 where variable='endtime' 
Error: SQLSTATE[HY000]: General error
C:\xampp\htdocs\aurora\functions.php
======================================================================
[2018-05-15 18:32:04]
Query error:
UPDATE admin SET value=1526388961 where variable='endtime' 
Error: SQLSTATE[HY000]: General error
C:\xampp\htdocs\aurora\functions.php
======================================================================
[2018-05-15 18:32:05]
Query error:
UPDATE admin SET value=1526388961 where variable='endtime' 
Error: SQLSTATE[HY000]: General error
C:\xampp\htdocs\aurora\functions.php
======================================================================
[2018-05-15 18:32:06]
Query error:
UPDATE admin SET value=1526388961 where variable='endtime' 
Error: SQLSTATE[HY000]: General error
C:\xampp\htdocs\aurora\functions.php
======================================================================
[2018-05-15 18:32:07]
Query error:
UPDATE admin SET value=1526388961 where variable='endtime' 
Error: SQLSTATE[HY000]: General error
C:\xampp\htdocs\aurora\functions.php
======================================================================
[2018-05-15 18:32:09]
Query error:
UPDATE admin SET value=1526388961 where variable='endtime' 
Error: SQLSTATE[HY000]: General error
C:\xampp\htdocs\aurora\functions.php
======================================================================
[2018-05-15 18:32:10]
Query error:
UPDATE admin SET value=1526388961 where variable='endtime' 
Error: SQLSTATE[HY000]: General error
C:\xampp\htdocs\aurora\functions.php
======================================================================
[2018-05-15 18:32:11]
Query error:
UPDATE admin SET value=1526388961 where variable='endtime' 
Error: SQLSTATE[HY000]: General error
C:\xampp\htdocs\aurora\functions.php
======================================================================
[2018-05-15 18:32:12]
Query error:
UPDATE admin SET value=1526388961 where variable='endtime' 
Error: SQLSTATE[HY000]: General error
C:\xampp\htdocs\aurora\functions.php
======================================================================
[2018-05-15 18:32:13]
Query error:
UPDATE admin SET value=1526388961 where variable='endtime' 
Error: SQLSTATE[HY000]: General error
C:\xampp\htdocs\aurora\functions.php
======================================================================
[2018-05-15 18:32:14]
Query error:
UPDATE admin SET value=1526388961 where variable='endtime' 
Error: SQLSTATE[HY000]: General error
C:\xampp\htdocs\aurora\functions.php
======================================================================
[2018-05-15 18:32:15]
Query error:
UPDATE admin SET value=1526388961 where variable='endtime' 
Error: SQLSTATE[HY000]: General error
C:\xampp\htdocs\aurora\functions.php
======================================================================
[2018-05-15 18:32:16]
Query error:
UPDATE admin SET value=1526388961 where variable='endtime' 
Error: SQLSTATE[HY000]: General error
C:\xampp\htdocs\aurora\functions.php
======================================================================
[2018-05-15 18:32:17]
Query error:
UPDATE admin SET value=1526388961 where variable='endtime' 
Error: SQLSTATE[HY000]: General error
C:\xampp\htdocs\aurora\functions.php
======================================================================
[2018-05-15 18:32:18]
Query error:
UPDATE admin SET value=1526388961 where variable='endtime' 
Error: SQLSTATE[HY000]: General error
C:\xampp\htdocs\aurora\functions.php
======================================================================
[2018-05-15 18:32:20]
Query error:
UPDATE admin SET value=1526388961 where variable='endtime' 
Error: SQLSTATE[HY000]: General error
C:\xampp\htdocs\aurora\functions.php
======================================================================
[2018-05-15 18:32:21]
Query error:
UPDATE admin SET value=1526388961 where variable='endtime' 
Error: SQLSTATE[HY000]: General error
C:\xampp\htdocs\aurora\functions.php
======================================================================
[2018-05-15 18:32:22]
Query error:
UPDATE admin SET value=1526388961 where variable='endtime' 
Error: SQLSTATE[HY000]: General error
C:\xampp\htdocs\aurora\functions.php
======================================================================
[2018-05-15 18:32:23]
Query error:
UPDATE admin SET value=1526388961 where variable='endtime' 
Error: SQLSTATE[HY000]: General error
C:\xampp\htdocs\aurora\functions.php
======================================================================
[2018-05-15 18:32:24]
Query error:
UPDATE admin SET value=1526388961 where variable='endtime' 
Error: SQLSTATE[HY000]: General error
C:\xampp\htdocs\aurora\functions.php
======================================================================
[2018-05-15 18:32:25]
Query error:
UPDATE admin SET value=1526388961 where variable='endtime' 
Error: SQLSTATE[HY000]: General error
C:\xampp\htdocs\aurora\functions.php
======================================================================
[2018-05-15 18:32:26]
Query error:
UPDATE admin SET value=1526388961 where variable='endtime' 
Error: SQLSTATE[HY000]: General error
C:\xampp\htdocs\aurora\functions.php
======================================================================
[2018-05-15 18:32:27]
Query error:
UPDATE admin SET value=1526388961 where variable='endtime' 
Error: SQLSTATE[HY000]: General error
C:\xampp\htdocs\aurora\functions.php
======================================================================
[2018-05-15 18:32:28]
Query error:
UPDATE admin SET value=1526388961 where variable='endtime' 
Error: SQLSTATE[HY000]: General error
C:\xampp\htdocs\aurora\functions.php
======================================================================
[2018-05-15 18:32:29]
Query error:
UPDATE admin SET value=1526388961 where variable='endtime' 
Error: SQLSTATE[HY000]: General error
C:\xampp\htdocs\aurora\functions.php
======================================================================
[2018-05-15 18:32:30]
Query error:
UPDATE admin SET value=1526388961 where variable='endtime' 
Error: SQLSTATE[HY000]: General error
C:\xampp\htdocs\aurora\functions.php
======================================================================
[2018-05-15 18:32:32]
Query error:
UPDATE admin SET value=1526388961 where variable='endtime' 
Error: SQLSTATE[HY000]: General error
C:\xampp\htdocs\aurora\functions.php
======================================================================
[2018-05-15 18:32:33]
Query error:
UPDATE admin SET value=1526388961 where variable='endtime' 
Error: SQLSTATE[HY000]: General error
C:\xampp\htdocs\aurora\functions.php
======================================================================
[2018-05-15 18:32:34]
Query error:
UPDATE admin SET value=1526388961 where variable='endtime' 
Error: SQLSTATE[HY000]: General error
C:\xampp\htdocs\aurora\functions.php
======================================================================
[2018-05-15 18:32:35]
Query error:
UPDATE admin SET value=1526388961 where variable='endtime' 
Error: SQLSTATE[HY000]: General error
C:\xampp\htdocs\aurora\functions.php
======================================================================
[2018-05-15 18:32:36]
Query error:
UPDATE admin SET value=1526388961 where variable='endtime' 
Error: SQLSTATE[HY000]: General error
C:\xampp\htdocs\aurora\functions.php
======================================================================
[2018-05-15 18:32:37]
Query error:
UPDATE admin SET value=1526388961 where variable='endtime' 
Error: SQLSTATE[HY000]: General error
C:\xampp\htdocs\aurora\functions.php
======================================================================
[2018-05-15 18:32:38]
Query error:
UPDATE admin SET value=1526388961 where variable='endtime' 
Error: SQLSTATE[HY000]: General error
C:\xampp\htdocs\aurora\functions.php
======================================================================
[2018-05-15 18:32:39]
Query error:
UPDATE admin SET value=1526388961 where variable='endtime' 
Error: SQLSTATE[HY000]: General error
C:\xampp\htdocs\aurora\functions.php
======================================================================
[2018-05-15 18:32:40]
Query error:
UPDATE admin SET value=1526388961 where variable='endtime' 
Error: SQLSTATE[HY000]: General error
C:\xampp\htdocs\aurora\functions.php
======================================================================
[2018-05-15 18:32:41]
Query error:
UPDATE admin SET value=1526388961 where variable='endtime' 
Error: SQLSTATE[HY000]: General error
C:\xampp\htdocs\aurora\functions.php
======================================================================
[2018-05-15 18:32:42]
Query error:
UPDATE admin SET value=1526388961 where variable='endtime' 
Error: SQLSTATE[HY000]: General error
C:\xampp\htdocs\aurora\functions.php
======================================================================
[2018-05-15 18:32:43]
Query error:
UPDATE admin SET value=1526388961 where variable='endtime' 
Error: SQLSTATE[HY000]: General error
C:\xampp\htdocs\aurora\functions.php
======================================================================
[2018-05-15 18:32:45]
Query error:
UPDATE admin SET value=1526388961 where variable='endtime' 
Error: SQLSTATE[HY000]: General error
C:\xampp\htdocs\aurora\functions.php
======================================================================
[2018-05-15 18:32:46]
Query error:
UPDATE admin SET value=1526388961 where variable='endtime' 
Error: SQLSTATE[HY000]: General error
C:\xampp\htdocs\aurora\functions.php
======================================================================
[2018-05-15 18:32:47]
Query error:
UPDATE admin SET value=1526388961 where variable='endtime' 
Error: SQLSTATE[HY000]: General error
C:\xampp\htdocs\aurora\functions.php
======================================================================
[2018-05-15 18:32:48]
Query error:
UPDATE admin SET value=1526388961 where variable='endtime' 
Error: SQLSTATE[HY000]: General error
C:\xampp\htdocs\aurora\functions.php
======================================================================
[2018-05-15 18:32:49]
Query error:
UPDATE admin SET value=1526388961 where variable='endtime' 
Error: SQLSTATE[HY000]: General error
C:\xampp\htdocs\aurora\functions.php
======================================================================
[2018-05-15 18:32:50]
Query error:
UPDATE admin SET value=1526388961 where variable='endtime' 
Error: SQLSTATE[HY000]: General error
C:\xampp\htdocs\aurora\functions.php
======================================================================
[2018-05-15 18:32:50]
Query error:
UPDATE admin SET value=1526388961 where variable='endtime' 
Error: SQLSTATE[HY000]: General error
C:\xampp\htdocs\aurora\functions.php
======================================================================
[2018-05-15 18:32:51]
Query error:
UPDATE admin SET value=1526388961 where variable='endtime' 
Error: SQLSTATE[HY000]: General error
C:\xampp\htdocs\aurora\functions.php
======================================================================
[2018-05-15 18:32:52]
Query error:
UPDATE admin SET value=1526388961 where variable='endtime' 
Error: SQLSTATE[HY000]: General error
C:\xampp\htdocs\aurora\functions.php
======================================================================
[2018-05-15 18:32:53]
Query error:
UPDATE admin SET value=1526388961 where variable='endtime' 
Error: SQLSTATE[HY000]: General error
C:\xampp\htdocs\aurora\functions.php
======================================================================
[2018-05-15 18:32:54]
Query error:
UPDATE admin SET value=1526388961 where variable='endtime' 
Error: SQLSTATE[HY000]: General error
C:\xampp\htdocs\aurora\functions.php
======================================================================
[2018-05-15 18:32:55]
Query error:
UPDATE admin SET value=1526388961 where variable='endtime' 
Error: SQLSTATE[HY000]: General error
C:\xampp\htdocs\aurora\functions.php
======================================================================
[2018-05-15 18:32:56]
Query error:
UPDATE admin SET value=1526388961 where variable='endtime' 
Error: SQLSTATE[HY000]: General error
C:\xampp\htdocs\aurora\functions.php
======================================================================
[2018-05-15 18:32:58]
Query error:
UPDATE admin SET value=1526388961 where variable='endtime' 
Error: SQLSTATE[HY000]: General error
C:\xampp\htdocs\aurora\functions.php
======================================================================
[2018-05-15 18:32:59]
Query error:
UPDATE admin SET value= where variable='endtime' 
Error: SQLSTATE[42000]: Syntax error or access violation: 1064 You have an error in your SQL syntax; check the manual that corresponds to your MariaDB server version for the right syntax to use near 'where variable='endtime'' at line 1
C:\xampp\htdocs\aurora\functions.php
======================================================================
[2018-05-15 18:33:00]
Query error:
UPDATE admin SET value= where variable='endtime' 
Error: SQLSTATE[42000]: Syntax error or access violation: 1064 You have an error in your SQL syntax; check the manual that corresponds to your MariaDB server version for the right syntax to use near 'where variable='endtime'' at line 1
C:\xampp\htdocs\aurora\functions.php
======================================================================
[2018-05-15 18:33:01]
Query error:
UPDATE admin SET value= where variable='endtime' 
Error: SQLSTATE[42000]: Syntax error or access violation: 1064 You have an error in your SQL syntax; check the manual that corresponds to your MariaDB server version for the right syntax to use near 'where variable='endtime'' at line 1
C:\xampp\htdocs\aurora\functions.php
======================================================================
[2018-05-15 18:33:02]
Query error:
UPDATE admin SET value= where variable='endtime' 
Error: SQLSTATE[42000]: Syntax error or access violation: 1064 You have an error in your SQL syntax; check the manual that corresponds to your MariaDB server version for the right syntax to use near 'where variable='endtime'' at line 1
C:\xampp\htdocs\aurora\functions.php
======================================================================
[2018-05-15 18:33:03]
Query error:
UPDATE admin SET value= where variable='endtime' 
Error: SQLSTATE[42000]: Syntax error or access violation: 1064 You have an error in your SQL syntax; check the manual that corresponds to your MariaDB server version for the right syntax to use near 'where variable='endtime'' at line 1
C:\xampp\htdocs\aurora\functions.php
======================================================================
[2018-05-15 18:33:04]
Query error:
UPDATE admin SET value= where variable='endtime' 
Error: SQLSTATE[42000]: Syntax error or access violation: 1064 You have an error in your SQL syntax; check the manual that corresponds to your MariaDB server version for the right syntax to use near 'where variable='endtime'' at line 1
C:\xampp\htdocs\aurora\functions.php
======================================================================
[2018-05-15 18:33:05]
Query error:
UPDATE admin SET value= where variable='endtime' 
Error: SQLSTATE[42000]: Syntax error or access violation: 1064 You have an error in your SQL syntax; check the manual that corresponds to your MariaDB server version for the right syntax to use near 'where variable='endtime'' at line 1
C:\xampp\htdocs\aurora\functions.php
======================================================================
[2018-05-15 18:33:05]
Query error:
UPDATE contest SET starttime=1526389385 , endtime = 1526389445 ,logindone='started' WHERE logindone='notstarted'
Error: SQLSTATE[HY000]: General error
C:\xampp\htdocs\aurora\functions.php
======================================================================
[2018-05-15 18:33:05]
Query error:
UPDATE admin SET value=1526389445 where variable='endtime' 
Error: SQLSTATE[HY000]: General error
C:\xampp\htdocs\aurora\functions.php
======================================================================
[2018-05-15 18:33:05]
Query error:
UPDATE admin SET value=1526389445 where variable='endtime' 
Error: SQLSTATE[HY000]: General error
C:\xampp\htdocs\aurora\functions.php
======================================================================
[2018-05-15 18:33:06]
Query error:
UPDATE admin SET value=1526389445 where variable='endtime' 
Error: SQLSTATE[HY000]: General error
C:\xampp\htdocs\aurora\functions.php
======================================================================
[2018-05-15 18:33:07]
Query error:
UPDATE admin SET value=1526389445 where variable='endtime' 
Error: SQLSTATE[HY000]: General error
C:\xampp\htdocs\aurora\functions.php
======================================================================
[2018-05-15 18:33:08]
Query error:
UPDATE admin SET value=1526389445 where variable='endtime' 
Error: SQLSTATE[HY000]: General error
C:\xampp\htdocs\aurora\functions.php
======================================================================
[2018-05-15 18:33:09]
Query error:
UPDATE admin SET value=1526389445 where variable='endtime' 
Error: SQLSTATE[HY000]: General error
C:\xampp\htdocs\aurora\functions.php
======================================================================
[2018-05-15 18:33:10]
Query error:
UPDATE admin SET value=1526389445 where variable='endtime' 
Error: SQLSTATE[HY000]: General error
C:\xampp\htdocs\aurora\functions.php
======================================================================
[2018-05-15 18:33:11]
Query error:
UPDATE admin SET value=1526389445 where variable='endtime' 
Error: SQLSTATE[HY000]: General error
C:\xampp\htdocs\aurora\functions.php
======================================================================
[2018-05-15 18:33:12]
Query error:
UPDATE admin SET value=1526389445 where variable='endtime' 
Error: SQLSTATE[HY000]: General error
C:\xampp\htdocs\aurora\functions.php
======================================================================
[2018-05-15 18:33:13]
Query error:
UPDATE admin SET value=1526389445 where variable='endtime' 
Error: SQLSTATE[HY000]: General error
C:\xampp\htdocs\aurora\functions.php
======================================================================
[2018-05-15 18:33:13]
Query error:
UPDATE contest SET starttime=1526389393 , endtime = 1526389453 ,logindone='started' WHERE logindone='notstarted'
Error: SQLSTATE[HY000]: General error
C:\xampp\htdocs\aurora\functions.php
======================================================================
[2018-05-15 18:33:13]
Query error:
UPDATE admin SET value=1526389445 where variable='endtime' 
Error: SQLSTATE[HY000]: General error
C:\xampp\htdocs\aurora\functions.php
======================================================================
[2018-05-15 18:33:13]
Query error:
UPDATE admin SET value=1526389445 where variable='endtime' 
Error: SQLSTATE[HY000]: General error
C:\xampp\htdocs\aurora\functions.php
======================================================================
[2018-05-15 18:33:14]
Query error:
UPDATE admin SET value=1526389445 where variable='endtime' 
Error: SQLSTATE[HY000]: General error
C:\xampp\htdocs\aurora\functions.php
======================================================================
[2018-05-15 18:33:15]
Query error:
UPDATE admin SET value=1526389445 where variable='endtime' 
Error: SQLSTATE[HY000]: General error
C:\xampp\htdocs\aurora\functions.php
======================================================================
[2018-05-15 18:33:16]
Query error:
UPDATE admin SET value=1526389445 where variable='endtime' 
Error: SQLSTATE[HY000]: General error
C:\xampp\htdocs\aurora\functions.php
======================================================================
[2018-05-15 18:33:17]
Query error:
UPDATE admin SET value=1526389445 where variable='endtime' 
Error: SQLSTATE[HY000]: General error
C:\xampp\htdocs\aurora\functions.php
======================================================================
[2018-05-15 18:33:18]
Query error:
UPDATE admin SET value=1526389445 where variable='endtime' 
Error: SQLSTATE[HY000]: General error
C:\xampp\htdocs\aurora\functions.php
======================================================================
[2018-05-15 18:33:19]
Query error:
UPDATE admin SET value=1526389445 where variable='endtime' 
Error: SQLSTATE[HY000]: General error
C:\xampp\htdocs\aurora\functions.php
======================================================================
[2018-05-15 18:33:20]
Query error:
UPDATE admin SET value=1526389445 where variable='endtime' 
Error: SQLSTATE[HY000]: General error
C:\xampp\htdocs\aurora\functions.php
======================================================================
[2018-05-15 18:33:21]
Query error:
UPDATE admin SET value=1526389445 where variable='endtime' 
Error: SQLSTATE[HY000]: General error
C:\xampp\htdocs\aurora\functions.php
======================================================================
[2018-05-15 18:33:22]
Query error:
UPDATE admin SET value=1526389445 where variable='endtime' 
Error: SQLSTATE[HY000]: General error
C:\xampp\htdocs\aurora\functions.php
======================================================================
[2018-05-15 18:33:24]
Query error:
UPDATE admin SET value=1526389445 where variable='endtime' 
Error: SQLSTATE[HY000]: General error
C:\xampp\htdocs\aurora\functions.php
======================================================================
[2018-05-15 18:33:25]
Query error:
UPDATE admin SET value=1526389445 where variable='endtime' 
Error: SQLSTATE[HY000]: General error
C:\xampp\htdocs\aurora\functions.php
======================================================================
[2018-05-15 18:33:26]
Query error:
UPDATE admin SET value=1526389445 where variable='endtime' 
Error: SQLSTATE[HY000]: General error
C:\xampp\htdocs\aurora\functions.php
======================================================================
[2018-05-15 18:33:27]
Query error:
UPDATE admin SET value=1526389445 where variable='endtime' 
Error: SQLSTATE[HY000]: General error
C:\xampp\htdocs\aurora\functions.php
======================================================================
[2018-05-15 18:33:28]
Query error:
UPDATE admin SET value=1526389445 where variable='endtime' 
Error: SQLSTATE[HY000]: General error
C:\xampp\htdocs\aurora\functions.php
======================================================================
[2018-05-15 18:33:29]
Query error:
UPDATE admin SET value=1526389445 where variable='endtime' 
Error: SQLSTATE[HY000]: General error
C:\xampp\htdocs\aurora\functions.php
======================================================================
[2018-05-15 18:33:30]
Query error:
UPDATE admin SET value=1526389445 where variable='endtime' 
Error: SQLSTATE[HY000]: General error
C:\xampp\htdocs\aurora\functions.php
======================================================================
[2018-05-15 18:33:31]
Query error:
UPDATE admin SET value=1526389445 where variable='endtime' 
Error: SQLSTATE[HY000]: General error
C:\xampp\htdocs\aurora\functions.php
======================================================================
[2018-05-15 18:33:32]
Query error:
UPDATE admin SET value=1526389445 where variable='endtime' 
Error: SQLSTATE[HY000]: General error
C:\xampp\htdocs\aurora\functions.php
======================================================================
[2018-05-15 18:33:33]
Query error:
UPDATE admin SET value=1526389445 where variable='endtime' 
Error: SQLSTATE[HY000]: General error
C:\xampp\htdocs\aurora\functions.php
======================================================================
[2018-05-15 18:33:34]
Query error:
UPDATE admin SET value=1526389445 where variable='endtime' 
Error: SQLSTATE[HY000]: General error
C:\xampp\htdocs\aurora\functions.php
======================================================================
[2018-05-15 18:33:35]
Query error:
UPDATE admin SET value=1526389445 where variable='endtime' 
Error: SQLSTATE[HY000]: General error
C:\xampp\htdocs\aurora\functions.php
======================================================================
[2018-05-15 18:33:37]
Query error:
UPDATE admin SET value=1526389445 where variable='endtime' 
Error: SQLSTATE[HY000]: General error
C:\xampp\htdocs\aurora\functions.php
======================================================================
[2018-05-15 18:33:38]
Query error:
UPDATE admin SET value=1526389445 where variable='endtime' 
Error: SQLSTATE[HY000]: General error
C:\xampp\htdocs\aurora\functions.php
======================================================================
[2018-05-15 18:33:39]
Query error:
UPDATE admin SET value=1526389445 where variable='endtime' 
Error: SQLSTATE[HY000]: General error
C:\xampp\htdocs\aurora\functions.php
======================================================================
[2018-05-15 18:33:40]
Query error:
UPDATE admin SET value=1526389445 where variable='endtime' 
Error: SQLSTATE[HY000]: General error
C:\xampp\htdocs\aurora\functions.php
======================================================================
[2018-05-15 18:33:41]
Query error:
UPDATE admin SET value=1526389445 where variable='endtime' 
Error: SQLSTATE[HY000]: General error
C:\xampp\htdocs\aurora\functions.php
======================================================================
[2018-05-15 18:33:42]
Query error:
UPDATE admin SET value=1526389445 where variable='endtime' 
Error: SQLSTATE[HY000]: General error
C:\xampp\htdocs\aurora\functions.php
======================================================================
[2018-05-15 18:33:43]
Query error:
UPDATE admin SET value=1526389445 where variable='endtime' 
Error: SQLSTATE[HY000]: General error
C:\xampp\htdocs\aurora\functions.php
======================================================================
[2018-05-15 18:33:44]
Query error:
UPDATE admin SET value=1526389445 where variable='endtime' 
Error: SQLSTATE[HY000]: General error
C:\xampp\htdocs\aurora\functions.php
======================================================================
[2018-05-15 18:33:45]
Query error:
UPDATE admin SET value=1526389445 where variable='endtime' 
Error: SQLSTATE[HY000]: General error
C:\xampp\htdocs\aurora\functions.php
======================================================================
[2018-05-15 18:33:46]
Query error:
UPDATE admin SET value=1526389445 where variable='endtime' 
Error: SQLSTATE[HY000]: General error
C:\xampp\htdocs\aurora\functions.php
======================================================================
[2018-05-15 18:33:47]
Query error:
UPDATE admin SET value=1526389445 where variable='endtime' 
Error: SQLSTATE[HY000]: General error
C:\xampp\htdocs\aurora\functions.php
======================================================================
[2018-05-15 18:33:49]
Query error:
UPDATE admin SET value=1526389445 where variable='endtime' 
Error: SQLSTATE[HY000]: General error
C:\xampp\htdocs\aurora\functions.php
======================================================================
[2018-05-15 18:33:50]
Query error:
UPDATE admin SET value=1526389445 where variable='endtime' 
Error: SQLSTATE[HY000]: General error
C:\xampp\htdocs\aurora\functions.php
======================================================================
[2018-05-15 18:33:51]
Query error:
UPDATE admin SET value=1526389445 where variable='endtime' 
Error: SQLSTATE[HY000]: General error
C:\xampp\htdocs\aurora\functions.php
======================================================================
[2018-05-15 18:33:52]
Query error:
UPDATE admin SET value=1526389445 where variable='endtime' 
Error: SQLSTATE[HY000]: General error
C:\xampp\htdocs\aurora\functions.php
======================================================================
[2018-05-15 18:33:53]
Query error:
UPDATE admin SET value=1526389445 where variable='endtime' 
Error: SQLSTATE[HY000]: General error
C:\xampp\htdocs\aurora\functions.php
======================================================================
[2018-05-15 18:33:54]
Query error:
UPDATE admin SET value=1526389445 where variable='endtime' 
Error: SQLSTATE[HY000]: General error
C:\xampp\htdocs\aurora\functions.php
======================================================================
[2018-05-15 18:33:55]
Query error:
UPDATE admin SET value=1526389445 where variable='endtime' 
Error: SQLSTATE[HY000]: General error
C:\xampp\htdocs\aurora\functions.php
======================================================================
[2018-05-15 18:33:56]
Query error:
UPDATE admin SET value=1526389445 where variable='endtime' 
Error: SQLSTATE[HY000]: General error
C:\xampp\htdocs\aurora\functions.php
======================================================================
[2018-05-15 18:33:57]
Query error:
UPDATE admin SET value=1526389445 where variable='endtime' 
Error: SQLSTATE[HY000]: General error
C:\xampp\htdocs\aurora\functions.php
======================================================================
[2018-05-15 18:33:58]
Query error:
UPDATE admin SET value=1526389445 where variable='endtime' 
Error: SQLSTATE[HY000]: General error
C:\xampp\htdocs\aurora\functions.php
======================================================================
[2018-05-15 18:33:59]
Query error:
UPDATE admin SET value=1526389445 where variable='endtime' 
Error: SQLSTATE[HY000]: General error
C:\xampp\htdocs\aurora\functions.php
======================================================================
[2018-05-15 18:34:00]
Query error:
UPDATE admin SET value=1526389445 where variable='endtime' 
Error: SQLSTATE[HY000]: General error
C:\xampp\htdocs\aurora\functions.php
======================================================================
[2018-05-15 18:34:02]
Query error:
UPDATE admin SET value=1526389445 where variable='endtime' 
Error: SQLSTATE[HY000]: General error
C:\xampp\htdocs\aurora\functions.php
======================================================================
[2018-05-15 18:34:03]
Query error:
UPDATE admin SET value=1526389445 where variable='endtime' 
Error: SQLSTATE[HY000]: General error
C:\xampp\htdocs\aurora\functions.php
======================================================================
[2018-05-15 18:34:04]
Query error:
UPDATE admin SET value=1526389445 where variable='endtime' 
Error: SQLSTATE[HY000]: General error
C:\xampp\htdocs\aurora\functions.php
======================================================================
[2018-05-15 18:34:05]
Query error:
UPDATE admin SET value=1526389445 where variable='endtime' 
Error: SQLSTATE[HY000]: General error
C:\xampp\htdocs\aurora\functions.php
======================================================================
[2018-05-15 18:34:06]
Query error:
UPDATE admin SET value=1526389445 where variable='endtime' 
Error: SQLSTATE[HY000]: General error
C:\xampp\htdocs\aurora\functions.php
======================================================================
[2018-05-15 18:34:07]
Query error:
UPDATE admin SET value=1526389445 where variable='endtime' 
Error: SQLSTATE[HY000]: General error
C:\xampp\htdocs\aurora\functions.php
======================================================================
[2018-05-15 18:34:08]
Query error:
UPDATE admin SET value=1526389445 where variable='endtime' 
Error: SQLSTATE[HY000]: General error
C:\xampp\htdocs\aurora\functions.php
======================================================================
[2018-05-15 18:34:09]
Query error:
UPDATE admin SET value=1526389445 where variable='endtime' 
Error: SQLSTATE[HY000]: General error
C:\xampp\htdocs\aurora\functions.php
======================================================================
[2018-05-15 18:34:10]
Query error:
UPDATE admin SET value=1526389445 where variable='endtime' 
Error: SQLSTATE[HY000]: General error
C:\xampp\htdocs\aurora\functions.php
======================================================================
[2018-05-15 18:34:11]
Query error:
UPDATE admin SET value=1526389445 where variable='endtime' 
Error: SQLSTATE[HY000]: General error
C:\xampp\htdocs\aurora\functions.php
======================================================================
[2018-05-15 18:34:12]
Query error:
UPDATE admin SET value=1526389445 where variable='endtime' 
Error: SQLSTATE[HY000]: General error
C:\xampp\htdocs\aurora\functions.php
======================================================================
[2018-05-15 18:34:13]
Query error:
UPDATE admin SET value=1526389445 where variable='endtime' 
Error: SQLSTATE[HY000]: General error
C:\xampp\htdocs\aurora\functions.php
======================================================================
[2018-05-15 18:34:15]
Query error:
UPDATE admin SET value=1526389445 where variable='endtime' 
Error: SQLSTATE[HY000]: General error
C:\xampp\htdocs\aurora\functions.php
======================================================================
[2018-05-15 18:34:16]
Query error:
UPDATE admin SET value=1526389445 where variable='endtime' 
Error: SQLSTATE[HY000]: General error
C:\xampp\htdocs\aurora\functions.php
======================================================================
[2018-05-15 18:34:17]
Query error:
UPDATE admin SET value=1526389445 where variable='endtime' 
Error: SQLSTATE[HY000]: General error
C:\xampp\htdocs\aurora\functions.php
======================================================================
[2018-05-15 18:34:18]
Query error:
UPDATE admin SET value=1526389445 where variable='endtime' 
Error: SQLSTATE[HY000]: General error
C:\xampp\htdocs\aurora\functions.php
======================================================================
[2018-05-15 18:34:19]
Query error:
UPDATE admin SET value=1526389445 where variable='endtime' 
Error: SQLSTATE[HY000]: General error
C:\xampp\htdocs\aurora\functions.php
======================================================================
[2018-05-15 18:34:20]
Query error:
UPDATE admin SET value=1526389445 where variable='endtime' 
Error: SQLSTATE[HY000]: General error
C:\xampp\htdocs\aurora\functions.php
======================================================================
[2018-05-15 18:34:21]
Query error:
UPDATE admin SET value=1526389445 where variable='endtime' 
Error: SQLSTATE[HY000]: General error
C:\xampp\htdocs\aurora\functions.php
======================================================================
[2018-05-15 18:34:22]
Query error:
UPDATE admin SET value=1526389445 where variable='endtime' 
Error: SQLSTATE[HY000]: General error
C:\xampp\htdocs\aurora\functions.php
======================================================================
[2018-05-15 18:34:23]
Query error:
UPDATE admin SET value=1526389445 where variable='endtime' 
Error: SQLSTATE[HY000]: General error
C:\xampp\htdocs\aurora\functions.php
======================================================================
[2018-05-15 18:34:24]
Query error:
UPDATE admin SET value=1526389445 where variable='endtime' 
Error: SQLSTATE[HY000]: General error
C:\xampp\htdocs\aurora\functions.php
======================================================================
[2018-05-15 18:34:25]
Query error:
UPDATE admin SET value=1526389445 where variable='endtime' 
Error: SQLSTATE[HY000]: General error
C:\xampp\htdocs\aurora\functions.php
======================================================================
[2018-05-15 18:34:26]
Query error:
UPDATE admin SET value=1526389445 where variable='endtime' 
Error: SQLSTATE[HY000]: General error
C:\xampp\htdocs\aurora\functions.php
======================================================================
[2018-05-15 18:34:28]
Query error:
UPDATE admin SET value=1526389445 where variable='endtime' 
Error: SQLSTATE[HY000]: General error
C:\xampp\htdocs\aurora\functions.php
======================================================================
[2018-05-15 18:34:29]
Query error:
UPDATE admin SET value=1526389445 where variable='endtime' 
Error: SQLSTATE[HY000]: General error
C:\xampp\htdocs\aurora\functions.php
======================================================================
[2018-05-15 18:34:30]
Query error:
UPDATE admin SET value=1526389445 where variable='endtime' 
Error: SQLSTATE[HY000]: General error
C:\xampp\htdocs\aurora\functions.php
======================================================================
[2018-05-15 18:34:31]
Query error:
UPDATE admin SET value=1526389445 where variable='endtime' 
Error: SQLSTATE[HY000]: General error
C:\xampp\htdocs\aurora\functions.php
======================================================================
[2018-05-15 18:34:32]
Query error:
UPDATE admin SET value=1526389445 where variable='endtime' 
Error: SQLSTATE[HY000]: General error
C:\xampp\htdocs\aurora\functions.php
======================================================================
[2018-05-15 18:34:33]
Query error:
UPDATE admin SET value=1526389445 where variable='endtime' 
Error: SQLSTATE[HY000]: General error
C:\xampp\htdocs\aurora\functions.php
======================================================================
[2018-05-15 18:34:34]
Query error:
UPDATE admin SET value=1526389445 where variable='endtime' 
Error: SQLSTATE[HY000]: General error
C:\xampp\htdocs\aurora\functions.php
======================================================================
[2018-05-15 18:34:35]
Query error:
UPDATE admin SET value=1526389445 where variable='endtime' 
Error: SQLSTATE[HY000]: General error
C:\xampp\htdocs\aurora\functions.php
======================================================================
[2018-05-15 18:34:36]
Query error:
UPDATE admin SET value=1526389445 where variable='endtime' 
Error: SQLSTATE[HY000]: General error
C:\xampp\htdocs\aurora\functions.php
======================================================================
[2018-05-15 18:34:37]
Query error:
UPDATE admin SET value=1526389445 where variable='endtime' 
Error: SQLSTATE[HY000]: General error
C:\xampp\htdocs\aurora\functions.php
======================================================================
[2018-05-15 18:34:38]
Query error:
UPDATE admin SET value=1526389445 where variable='endtime' 
Error: SQLSTATE[HY000]: General error
C:\xampp\htdocs\aurora\functions.php
======================================================================
[2018-05-15 18:34:39]
Query error:
UPDATE admin SET value=1526389445 where variable='endtime' 
Error: SQLSTATE[HY000]: General error
C:\xampp\htdocs\aurora\functions.php
======================================================================
[2018-05-15 18:34:41]
Query error:
UPDATE admin SET value=1526389445 where variable='endtime' 
Error: SQLSTATE[HY000]: General error
C:\xampp\htdocs\aurora\functions.php
======================================================================
[2018-05-15 18:34:42]
Query error:
UPDATE admin SET value=1526389445 where variable='endtime' 
Error: SQLSTATE[HY000]: General error
C:\xampp\htdocs\aurora\functions.php
======================================================================
[2018-05-15 18:34:43]
Query error:
UPDATE admin SET value=1526389445 where variable='endtime' 
Error: SQLSTATE[HY000]: General error
C:\xampp\htdocs\aurora\functions.php
======================================================================
[2018-05-15 18:34:44]
Query error:
UPDATE admin SET value=1526389445 where variable='endtime' 
Error: SQLSTATE[HY000]: General error
C:\xampp\htdocs\aurora\functions.php
======================================================================
[2018-05-15 18:34:45]
Query error:
UPDATE admin SET value=1526389445 where variable='endtime' 
Error: SQLSTATE[HY000]: General error
C:\xampp\htdocs\aurora\functions.php
======================================================================
[2018-05-15 18:34:46]
Query error:
UPDATE admin SET value=1526389445 where variable='endtime' 
Error: SQLSTATE[HY000]: General error
C:\xampp\htdocs\aurora\functions.php
======================================================================
[2018-05-15 18:34:47]
Query error:
UPDATE admin SET value=1526389445 where variable='endtime' 
Error: SQLSTATE[HY000]: General error
C:\xampp\htdocs\aurora\functions.php
======================================================================
[2018-05-15 18:34:48]
Query error:
UPDATE admin SET value=1526389445 where variable='endtime' 
Error: SQLSTATE[HY000]: General error
C:\xampp\htdocs\aurora\functions.php
======================================================================
[2018-05-15 18:34:49]
Query error:
UPDATE admin SET value=1526389445 where variable='endtime' 
Error: SQLSTATE[HY000]: General error
C:\xampp\htdocs\aurora\functions.php
======================================================================
[2018-05-15 18:34:50]
Query error:
UPDATE admin SET value=1526389445 where variable='endtime' 
Error: SQLSTATE[HY000]: General error
C:\xampp\htdocs\aurora\functions.php
======================================================================
[2018-05-15 18:34:51]
Query error:
UPDATE admin SET value=1526389445 where variable='endtime' 
Error: SQLSTATE[HY000]: General error
C:\xampp\htdocs\aurora\functions.php
======================================================================
[2018-05-15 18:34:52]
Query error:
UPDATE admin SET value=1526389445 where variable='endtime' 
Error: SQLSTATE[HY000]: General error
C:\xampp\htdocs\aurora\functions.php
======================================================================
[2018-05-15 18:34:54]
Query error:
UPDATE admin SET value=1526389445 where variable='endtime' 
Error: SQLSTATE[HY000]: General error
C:\xampp\htdocs\aurora\functions.php
======================================================================
[2018-05-16 11:40:05]
DB Connection failed:\nSQLSTATE[HY000] [2002] No connection could be made because the target machine actively refused it.

======================================================================
[2018-05-16 11:40:09]
Query error:
UPDATE admin SET value=1526389445 where variable='endtime' 
Error: SQLSTATE[HY000]: General error
C:\xampp\htdocs\aurora\functions.php
======================================================================
[2018-05-16 11:40:12]
Query error:
UPDATE admin SET value=1526389445 where variable='endtime' 
Error: SQLSTATE[HY000]: General error
C:\xampp\htdocs\aurora\functions.php
======================================================================
[2018-05-16 11:40:21]
Query error:
UPDATE admin SET value=1526389445 where variable='endtime' 
Error: SQLSTATE[HY000]: General error
C:\xampp\htdocs\aurora\functions.php
======================================================================
[2018-05-16 11:41:06]
Query error:
UPDATE admin SET value=1526389445 where variable='endtime' 
Error: SQLSTATE[HY000]: General error
C:\xampp\htdocs\aurora\functions.php
======================================================================
[2018-05-16 11:41:14]
Query error:
UPDATE admin SET value=1526389445 where variable='endtime' 
Error: SQLSTATE[HY000]: General error
C:\xampp\htdocs\aurora\functions.php
======================================================================
[2018-05-16 11:42:32]
Query error:
UPDATE admin SET value=1526389445 where variable='endtime' 
Error: SQLSTATE[HY000]: General error
C:\xampp\htdocs\aurora\functions.php
======================================================================
[2018-05-16 12:28:48]
Query error:
UPDATE admin SET value=1526389445 where variable='endtime' 
Error: SQLSTATE[HY000]: General error
C:\xampp\htdocs\aurora\functions.php
======================================================================
[2018-05-16 13:03:45]
Query error:
UPDATE admin SET value=1526389445 where variable='endtime' 
Error: SQLSTATE[HY000]: General error
C:\xampp\htdocs\aurora\functions.php
======================================================================
[2018-05-16 13:17:11]
Query error:
UPDATE admin SET value=1526389445 where variable='endtime' 
Error: SQLSTATE[HY000]: General error
C:\xampp\htdocs\aurora\functions.php
======================================================================
[2018-05-16 13:18:07]
Query error:
UPDATE contest SET starttime=1526456887 , endtime = 1526456947 ,logindone='started' WHERE logindone='notstarted'
Error: SQLSTATE[HY000]: General error
C:\xampp\htdocs\aurora\functions.php
======================================================================
[2018-05-16 13:18:07]
Query error:
UPDATE admin SET value=1526456947 where variable='endtime' 
Error: SQLSTATE[HY000]: General error
C:\xampp\htdocs\aurora\functions.php
======================================================================
[2018-05-16 13:18:07]
Query error:
UPDATE admin SET value=1526456947 where variable='endtime' 
Error: SQLSTATE[HY000]: General error
C:\xampp\htdocs\aurora\functions.php
======================================================================
[2018-05-16 13:18:08]
Query error:
UPDATE contest SET starttime=1526456888 , endtime = 1526456948 ,logindone='started' WHERE logindone='notstarted'
Error: SQLSTATE[HY000]: General error
C:\xampp\htdocs\aurora\functions.php
======================================================================
[2018-05-16 13:18:08]
Query error:
UPDATE admin SET value=1526456947 where variable='endtime' 
Error: SQLSTATE[HY000]: General error
C:\xampp\htdocs\aurora\functions.php
======================================================================
[2018-05-16 13:18:08]
Query error:
UPDATE admin SET value=1526456947 where variable='endtime' 
Error: SQLSTATE[HY000]: General error
C:\xampp\htdocs\aurora\functions.php
======================================================================
[2018-05-16 13:18:09]
Query error:
UPDATE contest SET starttime=1526456889 , endtime = 1526456949 ,logindone='started' WHERE logindone='notstarted'
Error: SQLSTATE[HY000]: General error
C:\xampp\htdocs\aurora\functions.php
======================================================================
[2018-05-16 13:18:09]
Query error:
UPDATE admin SET value=1526456947 where variable='endtime' 
Error: SQLSTATE[HY000]: General error
C:\xampp\htdocs\aurora\functions.php
======================================================================
[2018-05-16 13:18:10]
Query error:
UPDATE admin SET value=1526456947 where variable='endtime' 
Error: SQLSTATE[HY000]: General error
C:\xampp\htdocs\aurora\functions.php
======================================================================
[2018-05-16 13:18:11]
Query error:
UPDATE contest SET starttime=1526456891 , endtime = 1526456951 ,logindone='started' WHERE logindone='notstarted'
Error: SQLSTATE[HY000]: General error
C:\xampp\htdocs\aurora\functions.php
======================================================================
[2018-05-16 13:18:11]
Query error:
UPDATE admin SET value=1526456947 where variable='endtime' 
Error: SQLSTATE[HY000]: General error
C:\xampp\htdocs\aurora\functions.php
======================================================================
[2018-05-16 13:18:11]
Query error:
UPDATE admin SET value=1526456947 where variable='endtime' 
Error: SQLSTATE[HY000]: General error
C:\xampp\htdocs\aurora\functions.php
======================================================================
[2018-05-16 13:18:12]
Query error:
UPDATE contest SET starttime=1526456892 , endtime = 1526456952 ,logindone='started' WHERE logindone='notstarted'
Error: SQLSTATE[HY000]: General error
C:\xampp\htdocs\aurora\functions.php
======================================================================
[2018-05-16 13:18:12]
Query error:
UPDATE admin SET value=1526456947 where variable='endtime' 
Error: SQLSTATE[HY000]: General error
C:\xampp\htdocs\aurora\functions.php
======================================================================
[2018-05-16 13:18:12]
Query error:
UPDATE admin SET value=1526456947 where variable='endtime' 
Error: SQLSTATE[HY000]: General error
C:\xampp\htdocs\aurora\functions.php
======================================================================
[2018-05-16 13:18:13]
Query error:
UPDATE contest SET starttime=1526456893 , endtime = 1526456953 ,logindone='started' WHERE logindone='notstarted'
Error: SQLSTATE[HY000]: General error
C:\xampp\htdocs\aurora\functions.php
======================================================================
[2018-05-16 13:18:13]
Query error:
UPDATE admin SET value=1526456947 where variable='endtime' 
Error: SQLSTATE[HY000]: General error
C:\xampp\htdocs\aurora\functions.php
======================================================================
[2018-05-16 13:18:14]
Query error:
UPDATE admin SET value=1526456947 where variable='endtime' 
Error: SQLSTATE[HY000]: General error
C:\xampp\htdocs\aurora\functions.php
======================================================================
[2018-05-16 13:18:15]
Query error:
UPDATE contest SET starttime=1526456895 , endtime = 1526456955 ,logindone='started' WHERE logindone='notstarted'
Error: SQLSTATE[HY000]: General error
C:\xampp\htdocs\aurora\functions.php
======================================================================
[2018-05-16 13:18:15]
Query error:
UPDATE admin SET value=1526456947 where variable='endtime' 
Error: SQLSTATE[HY000]: General error
C:\xampp\htdocs\aurora\functions.php
======================================================================
[2018-05-16 13:18:15]
Query error:
UPDATE admin SET value=1526456947 where variable='endtime' 
Error: SQLSTATE[HY000]: General error
C:\xampp\htdocs\aurora\functions.php
======================================================================
[2018-05-16 13:18:16]
Query error:
UPDATE contest SET starttime=1526456896 , endtime = 1526456956 ,logindone='started' WHERE logindone='notstarted'
Error: SQLSTATE[HY000]: General error
C:\xampp\htdocs\aurora\functions.php
======================================================================
[2018-05-16 13:18:16]
Query error:
UPDATE admin SET value=1526456947 where variable='endtime' 
Error: SQLSTATE[HY000]: General error
C:\xampp\htdocs\aurora\functions.php
======================================================================
[2018-05-16 13:18:16]
Query error:
UPDATE admin SET value=1526456947 where variable='endtime' 
Error: SQLSTATE[HY000]: General error
C:\xampp\htdocs\aurora\functions.php
======================================================================
[2018-05-16 13:18:18]
Query error:
UPDATE contest SET starttime=1526456898 , endtime = 1526456958 ,logindone='started' WHERE logindone='notstarted'
Error: SQLSTATE[HY000]: General error
C:\xampp\htdocs\aurora\functions.php
======================================================================
[2018-05-16 13:18:18]
Query error:
UPDATE admin SET value=1526456947 where variable='endtime' 
Error: SQLSTATE[HY000]: General error
C:\xampp\htdocs\aurora\functions.php
======================================================================
[2018-05-16 13:18:18]
Query error:
UPDATE admin SET value=1526456947 where variable='endtime' 
Error: SQLSTATE[HY000]: General error
C:\xampp\htdocs\aurora\functions.php
======================================================================
[2018-05-16 13:18:19]
Query error:
UPDATE contest SET starttime=1526456899 , endtime = 1526456959 ,logindone='started' WHERE logindone='notstarted'
Error: SQLSTATE[HY000]: General error
C:\xampp\htdocs\aurora\functions.php
======================================================================
[2018-05-16 13:18:19]
Query error:
UPDATE admin SET value=1526456947 where variable='endtime' 
Error: SQLSTATE[HY000]: General error
C:\xampp\htdocs\aurora\functions.php
======================================================================
[2018-05-16 13:18:19]
Query error:
UPDATE admin SET value=1526456947 where variable='endtime' 
Error: SQLSTATE[HY000]: General error
C:\xampp\htdocs\aurora\functions.php
======================================================================
[2018-05-16 13:18:20]
Query error:
UPDATE contest SET starttime=1526456900 , endtime = 1526456960 ,logindone='started' WHERE logindone='notstarted'
Error: SQLSTATE[HY000]: General error
C:\xampp\htdocs\aurora\functions.php
======================================================================
[2018-05-16 13:18:20]
Query error:
UPDATE admin SET value=1526456947 where variable='endtime' 
Error: SQLSTATE[HY000]: General error
C:\xampp\htdocs\aurora\functions.php
======================================================================
[2018-05-16 13:18:21]
Query error:
UPDATE admin SET value=1526456947 where variable='endtime' 
Error: SQLSTATE[HY000]: General error
C:\xampp\htdocs\aurora\functions.php
======================================================================
[2018-05-16 13:18:22]
Query error:
UPDATE contest SET starttime=1526456902 , endtime = 1526456962 ,logindone='started' WHERE logindone='notstarted'
Error: SQLSTATE[HY000]: General error
C:\xampp\htdocs\aurora\functions.php
======================================================================
[2018-05-16 13:18:22]
Query error:
UPDATE admin SET value=1526456947 where variable='endtime' 
Error: SQLSTATE[HY000]: General error
C:\xampp\htdocs\aurora\functions.php
======================================================================
[2018-05-16 13:18:22]
Query error:
UPDATE admin SET value=1526456947 where variable='endtime' 
Error: SQLSTATE[HY000]: General error
C:\xampp\htdocs\aurora\functions.php
======================================================================
[2018-05-16 13:18:23]
Query error:
UPDATE contest SET starttime=1526456903 , endtime = 1526456963 ,logindone='started' WHERE logindone='notstarted'
Error: SQLSTATE[HY000]: General error
C:\xampp\htdocs\aurora\functions.php
======================================================================
[2018-05-16 13:18:24]
Query error:
UPDATE admin SET value=1526456947 where variable='endtime' 
Error: SQLSTATE[HY000]: General error
C:\xampp\htdocs\aurora\functions.php
======================================================================
[2018-05-16 13:18:24]
Query error:
UPDATE admin SET value=1526456947 where variable='endtime' 
Error: SQLSTATE[HY000]: General error
C:\xampp\htdocs\aurora\functions.php
======================================================================
[2018-05-16 13:18:25]
Query error:
UPDATE contest SET starttime=1526456905 , endtime = 1526456965 ,logindone='started' WHERE logindone='notstarted'
Error: SQLSTATE[HY000]: General error
C:\xampp\htdocs\aurora\functions.php
======================================================================
[2018-05-16 13:18:25]
Query error:
UPDATE admin SET value=1526456947 where variable='endtime' 
Error: SQLSTATE[HY000]: General error
C:\xampp\htdocs\aurora\functions.php
======================================================================
[2018-05-16 13:18:25]
Query error:
UPDATE admin SET value=1526456947 where variable='endtime' 
Error: SQLSTATE[HY000]: General error
C:\xampp\htdocs\aurora\functions.php
======================================================================
[2018-05-16 13:18:27]
Query error:
UPDATE contest SET starttime=1526456907 , endtime = 1526456967 ,logindone='started' WHERE logindone='notstarted'
Error: SQLSTATE[HY000]: General error
C:\xampp\htdocs\aurora\functions.php
======================================================================
[2018-05-16 13:18:27]
Query error:
UPDATE admin SET value=1526456947 where variable='endtime' 
Error: SQLSTATE[HY000]: General error
C:\xampp\htdocs\aurora\functions.php
======================================================================
[2018-05-16 13:18:27]
Query error:
UPDATE admin SET value=1526456947 where variable='endtime' 
Error: SQLSTATE[HY000]: General error
C:\xampp\htdocs\aurora\functions.php
======================================================================
[2018-05-16 13:18:28]
Query error:
UPDATE contest SET starttime=1526456908 , endtime = 1526456968 ,logindone='started' WHERE logindone='notstarted'
Error: SQLSTATE[HY000]: General error
C:\xampp\htdocs\aurora\functions.php
======================================================================
[2018-05-16 13:18:28]
Query error:
UPDATE admin SET value=1526456947 where variable='endtime' 
Error: SQLSTATE[HY000]: General error
C:\xampp\htdocs\aurora\functions.php
======================================================================
[2018-05-16 13:18:28]
Query error:
UPDATE admin SET value=1526456947 where variable='endtime' 
Error: SQLSTATE[HY000]: General error
C:\xampp\htdocs\aurora\functions.php
======================================================================
[2018-05-16 13:18:30]
Query error:
UPDATE contest SET starttime=1526456910 , endtime = 1526456970 ,logindone='started' WHERE logindone='notstarted'
Error: SQLSTATE[HY000]: General error
C:\xampp\htdocs\aurora\functions.php
======================================================================
[2018-05-16 13:18:30]
Query error:
UPDATE admin SET value=1526456947 where variable='endtime' 
Error: SQLSTATE[HY000]: General error
C:\xampp\htdocs\aurora\functions.php
======================================================================
[2018-05-16 13:18:30]
Query error:
UPDATE admin SET value=1526456947 where variable='endtime' 
Error: SQLSTATE[HY000]: General error
C:\xampp\htdocs\aurora\functions.php
======================================================================
[2018-05-16 13:18:31]
Query error:
UPDATE contest SET starttime=1526456911 , endtime = 1526456971 ,logindone='started' WHERE logindone='notstarted'
Error: SQLSTATE[HY000]: General error
C:\xampp\htdocs\aurora\functions.php
======================================================================
[2018-05-16 13:18:31]
Query error:
UPDATE admin SET value=1526456947 where variable='endtime' 
Error: SQLSTATE[HY000]: General error
C:\xampp\htdocs\aurora\functions.php
======================================================================
[2018-05-16 13:18:31]
Query error:
UPDATE admin SET value=1526456947 where variable='endtime' 
Error: SQLSTATE[HY000]: General error
C:\xampp\htdocs\aurora\functions.php
======================================================================
[2018-05-16 13:18:33]
Query error:
UPDATE contest SET starttime=1526456913 , endtime = 1526456973 ,logindone='started' WHERE logindone='notstarted'
Error: SQLSTATE[HY000]: General error
C:\xampp\htdocs\aurora\functions.php
======================================================================
[2018-05-16 13:18:33]
Query error:
UPDATE admin SET value=1526456947 where variable='endtime' 
Error: SQLSTATE[HY000]: General error
C:\xampp\htdocs\aurora\functions.php
======================================================================
[2018-05-16 13:18:33]
Query error:
UPDATE admin SET value=1526456947 where variable='endtime' 
Error: SQLSTATE[HY000]: General error
C:\xampp\htdocs\aurora\functions.php
======================================================================
[2018-05-16 13:18:34]
Query error:
UPDATE contest SET starttime=1526456914 , endtime = 1526456974 ,logindone='started' WHERE logindone='notstarted'
Error: SQLSTATE[HY000]: General error
C:\xampp\htdocs\aurora\functions.php
======================================================================
[2018-05-16 13:18:34]
Query error:
UPDATE admin SET value=1526456947 where variable='endtime' 
Error: SQLSTATE[HY000]: General error
C:\xampp\htdocs\aurora\functions.php
======================================================================
[2018-05-16 13:18:34]
Query error:
UPDATE admin SET value=1526456947 where variable='endtime' 
Error: SQLSTATE[HY000]: General error
C:\xampp\htdocs\aurora\functions.php
======================================================================
[2018-05-16 13:18:36]
Query error:
UPDATE contest SET starttime=1526456916 , endtime = 1526456976 ,logindone='started' WHERE logindone='notstarted'
Error: SQLSTATE[HY000]: General error
C:\xampp\htdocs\aurora\functions.php
======================================================================
[2018-05-16 13:18:36]
Query error:
UPDATE admin SET value=1526456947 where variable='endtime' 
Error: SQLSTATE[HY000]: General error
C:\xampp\htdocs\aurora\functions.php
======================================================================
[2018-05-16 13:18:36]
Query error:
UPDATE admin SET value=1526456947 where variable='endtime' 
Error: SQLSTATE[HY000]: General error
C:\xampp\htdocs\aurora\functions.php
======================================================================
[2018-05-16 13:18:37]
Query error:
UPDATE contest SET starttime=1526456917 , endtime = 1526456977 ,logindone='started' WHERE logindone='notstarted'
Error: SQLSTATE[HY000]: General error
C:\xampp\htdocs\aurora\functions.php
======================================================================
[2018-05-16 13:18:37]
Query error:
UPDATE admin SET value=1526456947 where variable='endtime' 
Error: SQLSTATE[HY000]: General error
C:\xampp\htdocs\aurora\functions.php
======================================================================
[2018-05-16 13:18:37]
Query error:
UPDATE admin SET value=1526456947 where variable='endtime' 
Error: SQLSTATE[HY000]: General error
C:\xampp\htdocs\aurora\functions.php
======================================================================
[2018-05-16 13:18:39]
Query error:
UPDATE contest SET starttime=1526456919 , endtime = 1526456979 ,logindone='started' WHERE logindone='notstarted'
Error: SQLSTATE[HY000]: General error
C:\xampp\htdocs\aurora\functions.php
======================================================================
[2018-05-16 13:18:39]
Query error:
UPDATE admin SET value=1526456947 where variable='endtime' 
Error: SQLSTATE[HY000]: General error
C:\xampp\htdocs\aurora\functions.php
======================================================================
[2018-05-16 13:18:39]
Query error:
UPDATE admin SET value=1526456947 where variable='endtime' 
Error: SQLSTATE[HY000]: General error
C:\xampp\htdocs\aurora\functions.php
======================================================================
[2018-05-16 13:18:40]
Query error:
UPDATE contest SET starttime=1526456920 , endtime = 1526456980 ,logindone='started' WHERE logindone='notstarted'
Error: SQLSTATE[HY000]: General error
C:\xampp\htdocs\aurora\functions.php
======================================================================
[2018-05-16 13:18:40]
Query error:
UPDATE admin SET value=1526456947 where variable='endtime' 
Error: SQLSTATE[HY000]: General error
C:\xampp\htdocs\aurora\functions.php
======================================================================
[2018-05-16 13:18:40]
Query error:
UPDATE admin SET value=1526456947 where variable='endtime' 
Error: SQLSTATE[HY000]: General error
C:\xampp\htdocs\aurora\functions.php
======================================================================
[2018-05-16 13:18:42]
Query error:
UPDATE contest SET starttime=1526456922 , endtime = 1526456982 ,logindone='started' WHERE logindone='notstarted'
Error: SQLSTATE[HY000]: General error
C:\xampp\htdocs\aurora\functions.php
======================================================================
[2018-05-16 13:18:42]
Query error:
UPDATE admin SET value=1526456947 where variable='endtime' 
Error: SQLSTATE[HY000]: General error
C:\xampp\htdocs\aurora\functions.php
======================================================================
[2018-05-16 13:18:42]
Query error:
UPDATE admin SET value=1526456947 where variable='endtime' 
Error: SQLSTATE[HY000]: General error
C:\xampp\htdocs\aurora\functions.php
======================================================================
[2018-05-16 13:18:43]
Query error:
UPDATE contest SET starttime=1526456923 , endtime = 1526456983 ,logindone='started' WHERE logindone='notstarted'
Error: SQLSTATE[HY000]: General error
C:\xampp\htdocs\aurora\functions.php
======================================================================
[2018-05-16 13:18:43]
Query error:
UPDATE admin SET value=1526456947 where variable='endtime' 
Error: SQLSTATE[HY000]: General error
C:\xampp\htdocs\aurora\functions.php
======================================================================
[2018-05-16 13:18:44]
Query error:
UPDATE admin SET value=1526456947 where variable='endtime' 
Error: SQLSTATE[HY000]: General error
C:\xampp\htdocs\aurora\functions.php
======================================================================
[2018-05-16 13:18:45]
Query error:
UPDATE contest SET starttime=1526456925 , endtime = 1526456985 ,logindone='started' WHERE logindone='notstarted'
Error: SQLSTATE[HY000]: General error
C:\xampp\htdocs\aurora\functions.php
======================================================================
[2018-05-16 13:18:45]
Query error:
UPDATE admin SET value=1526456947 where variable='endtime' 
Error: SQLSTATE[HY000]: General error
C:\xampp\htdocs\aurora\functions.php
======================================================================
[2018-05-16 13:18:45]
Query error:
UPDATE admin SET value=1526456947 where variable='endtime' 
Error: SQLSTATE[HY000]: General error
C:\xampp\htdocs\aurora\functions.php
======================================================================
[2018-05-16 13:18:46]
Query error:
UPDATE contest SET starttime=1526456926 , endtime = 1526456986 ,logindone='started' WHERE logindone='notstarted'
Error: SQLSTATE[HY000]: General error
C:\xampp\htdocs\aurora\functions.php
======================================================================
[2018-05-16 13:18:46]
Query error:
UPDATE admin SET value=1526456947 where variable='endtime' 
Error: SQLSTATE[HY000]: General error
C:\xampp\htdocs\aurora\functions.php
======================================================================
[2018-05-16 13:18:47]
Query error:
UPDATE admin SET value=1526456947 where variable='endtime' 
Error: SQLSTATE[HY000]: General error
C:\xampp\htdocs\aurora\functions.php
======================================================================
[2018-05-16 13:18:48]
Query error:
UPDATE contest SET starttime=1526456928 , endtime = 1526456988 ,logindone='started' WHERE logindone='notstarted'
Error: SQLSTATE[HY000]: General error
C:\xampp\htdocs\aurora\functions.php
======================================================================
[2018-05-16 13:18:48]
Query error:
UPDATE admin SET value=1526456947 where variable='endtime' 
Error: SQLSTATE[HY000]: General error
C:\xampp\htdocs\aurora\functions.php
======================================================================
[2018-05-16 13:18:48]
Query error:
UPDATE admin SET value=1526456947 where variable='endtime' 
Error: SQLSTATE[HY000]: General error
C:\xampp\htdocs\aurora\functions.php
======================================================================
[2018-05-16 13:18:50]
Query error:
UPDATE contest SET starttime=1526456930 , endtime = 1526456990 ,logindone='started' WHERE logindone='notstarted'
Error: SQLSTATE[HY000]: General error
C:\xampp\htdocs\aurora\functions.php
======================================================================
[2018-05-16 13:18:50]
Query error:
UPDATE admin SET value=1526456947 where variable='endtime' 
Error: SQLSTATE[HY000]: General error
C:\xampp\htdocs\aurora\functions.php
======================================================================
[2018-05-16 13:18:50]
Query error:
UPDATE admin SET value=1526456947 where variable='endtime' 
Error: SQLSTATE[HY000]: General error
C:\xampp\htdocs\aurora\functions.php
======================================================================
[2018-05-16 13:18:51]
Query error:
UPDATE contest SET starttime=1526456931 , endtime = 1526456991 ,logindone='started' WHERE logindone='notstarted'
Error: SQLSTATE[HY000]: General error
C:\xampp\htdocs\aurora\functions.php
======================================================================
[2018-05-16 13:18:51]
Query error:
UPDATE admin SET value=1526456947 where variable='endtime' 
Error: SQLSTATE[HY000]: General error
C:\xampp\htdocs\aurora\functions.php
======================================================================
[2018-05-16 13:18:51]
Query error:
UPDATE admin SET value=1526456947 where variable='endtime' 
Error: SQLSTATE[HY000]: General error
C:\xampp\htdocs\aurora\functions.php
======================================================================
[2018-05-16 13:18:53]
Query error:
UPDATE contest SET starttime=1526456933 , endtime = 1526456993 ,logindone='started' WHERE logindone='notstarted'
Error: SQLSTATE[HY000]: General error
C:\xampp\htdocs\aurora\functions.php
======================================================================
[2018-05-16 13:18:53]
Query error:
UPDATE admin SET value=1526456947 where variable='endtime' 
Error: SQLSTATE[HY000]: General error
C:\xampp\htdocs\aurora\functions.php
======================================================================
[2018-05-16 13:18:53]
Query error:
UPDATE admin SET value=1526456947 where variable='endtime' 
Error: SQLSTATE[HY000]: General error
C:\xampp\htdocs\aurora\functions.php
======================================================================
[2018-05-16 13:18:54]
Query error:
UPDATE contest SET starttime=1526456934 , endtime = 1526456994 ,logindone='started' WHERE logindone='notstarted'
Error: SQLSTATE[HY000]: General error
C:\xampp\htdocs\aurora\functions.php
======================================================================
[2018-05-16 13:18:54]
Query error:
UPDATE admin SET value=1526456947 where variable='endtime' 
Error: SQLSTATE[HY000]: General error
C:\xampp\htdocs\aurora\functions.php
======================================================================
[2018-05-16 13:18:54]
Query error:
UPDATE admin SET value=1526456947 where variable='endtime' 
Error: SQLSTATE[HY000]: General error
C:\xampp\htdocs\aurora\functions.php
======================================================================
[2018-05-16 13:18:56]
Query error:
UPDATE contest SET starttime=1526456936 , endtime = 1526456996 ,logindone='started' WHERE logindone='notstarted'
Error: SQLSTATE[HY000]: General error
C:\xampp\htdocs\aurora\functions.php
======================================================================
[2018-05-16 13:18:56]
Query error:
UPDATE admin SET value=1526456947 where variable='endtime' 
Error: SQLSTATE[HY000]: General error
C:\xampp\htdocs\aurora\functions.php
======================================================================
[2018-05-16 13:18:56]
Query error:
UPDATE admin SET value=1526456947 where variable='endtime' 
Error: SQLSTATE[HY000]: General error
C:\xampp\htdocs\aurora\functions.php
======================================================================
[2018-05-16 13:18:57]
Query error:
UPDATE contest SET starttime=1526456937 , endtime = 1526456997 ,logindone='started' WHERE logindone='notstarted'
Error: SQLSTATE[HY000]: General error
C:\xampp\htdocs\aurora\functions.php
======================================================================
[2018-05-16 13:18:57]
Query error:
UPDATE admin SET value=1526456947 where variable='endtime' 
Error: SQLSTATE[HY000]: General error
C:\xampp\htdocs\aurora\functions.php
======================================================================
[2018-05-16 13:18:57]
Query error:
UPDATE admin SET value=1526456947 where variable='endtime' 
Error: SQLSTATE[HY000]: General error
C:\xampp\htdocs\aurora\functions.php
======================================================================
[2018-05-16 13:18:59]
Query error:
UPDATE contest SET starttime=1526456939 , endtime = 1526456999 ,logindone='started' WHERE logindone='notstarted'
Error: SQLSTATE[HY000]: General error
C:\xampp\htdocs\aurora\functions.php
======================================================================
[2018-05-16 13:18:59]
Query error:
UPDATE admin SET value=1526456947 where variable='endtime' 
Error: SQLSTATE[HY000]: General error
C:\xampp\htdocs\aurora\functions.php
======================================================================
[2018-05-16 13:18:59]
Query error:
UPDATE admin SET value=1526456947 where variable='endtime' 
Error: SQLSTATE[HY000]: General error
C:\xampp\htdocs\aurora\functions.php
======================================================================
[2018-05-16 13:19:00]
Query error:
UPDATE contest SET starttime=1526456940 , endtime = 1526457000 ,logindone='started' WHERE logindone='notstarted'
Error: SQLSTATE[HY000]: General error
C:\xampp\htdocs\aurora\functions.php
======================================================================
[2018-05-16 13:19:00]
Query error:
UPDATE admin SET value=1526456947 where variable='endtime' 
Error: SQLSTATE[HY000]: General error
C:\xampp\htdocs\aurora\functions.php
======================================================================
[2018-05-16 13:19:00]
Query error:
UPDATE admin SET value=1526456947 where variable='endtime' 
Error: SQLSTATE[HY000]: General error
C:\xampp\htdocs\aurora\functions.php
======================================================================
[2018-05-16 13:19:02]
Query error:
UPDATE contest SET starttime=1526456942 , endtime = 1526457002 ,logindone='started' WHERE logindone='notstarted'
Error: SQLSTATE[HY000]: General error
C:\xampp\htdocs\aurora\functions.php
======================================================================
[2018-05-16 13:19:02]
Query error:
UPDATE admin SET value=1526456947 where variable='endtime' 
Error: SQLSTATE[HY000]: General error
C:\xampp\htdocs\aurora\functions.php
======================================================================
[2018-05-16 13:19:02]
Query error:
UPDATE admin SET value=1526456947 where variable='endtime' 
Error: SQLSTATE[HY000]: General error
C:\xampp\htdocs\aurora\functions.php
======================================================================
[2018-05-16 13:19:03]
Query error:
UPDATE contest SET starttime=1526456943 , endtime = 1526457003 ,logindone='started' WHERE logindone='notstarted'
Error: SQLSTATE[HY000]: General error
C:\xampp\htdocs\aurora\functions.php
======================================================================
[2018-05-16 13:19:03]
Query error:
UPDATE admin SET value=1526456947 where variable='endtime' 
Error: SQLSTATE[HY000]: General error
C:\xampp\htdocs\aurora\functions.php
======================================================================
[2018-05-16 13:19:03]
Query error:
UPDATE admin SET value=1526456947 where variable='endtime' 
Error: SQLSTATE[HY000]: General error
C:\xampp\htdocs\aurora\functions.php
======================================================================
[2018-05-16 13:19:05]
Query error:
UPDATE contest SET starttime=1526456945 , endtime = 1526457005 ,logindone='started' WHERE logindone='notstarted'
Error: SQLSTATE[HY000]: General error
C:\xampp\htdocs\aurora\functions.php
======================================================================
[2018-05-16 13:19:05]
Query error:
UPDATE admin SET value=1526456947 where variable='endtime' 
Error: SQLSTATE[HY000]: General error
C:\xampp\htdocs\aurora\functions.php
======================================================================
[2018-05-16 13:19:05]
Query error:
UPDATE admin SET value=1526456947 where variable='endtime' 
Error: SQLSTATE[HY000]: General error
C:\xampp\htdocs\aurora\functions.php
======================================================================
[2018-05-16 13:19:06]
Query error:
UPDATE contest SET starttime=1526456946 , endtime = 1526457006 ,logindone='started' WHERE logindone='notstarted'
Error: SQLSTATE[HY000]: General error
C:\xampp\htdocs\aurora\functions.php
======================================================================
[2018-05-16 13:19:06]
Query error:
UPDATE admin SET value=1526456947 where variable='endtime' 
Error: SQLSTATE[HY000]: General error
C:\xampp\htdocs\aurora\functions.php
======================================================================
[2018-05-16 13:19:06]
Query error:
UPDATE admin SET value=1526456947 where variable='endtime' 
Error: SQLSTATE[HY000]: General error
C:\xampp\htdocs\aurora\functions.php
======================================================================
[2018-05-16 13:19:08]
Query error:
UPDATE contest SET starttime=1526456948 , endtime = 1526457008 ,logindone='started' WHERE logindone='notstarted'
Error: SQLSTATE[HY000]: General error
C:\xampp\htdocs\aurora\functions.php
======================================================================
[2018-05-16 13:19:08]
Query error:
UPDATE admin SET value=1526456947 where variable='endtime' 
Error: SQLSTATE[HY000]: General error
C:\xampp\htdocs\aurora\functions.php
======================================================================
[2018-05-16 13:19:08]
Query error:
UPDATE admin SET value=1526456947 where variable='endtime' 
Error: SQLSTATE[HY000]: General error
C:\xampp\htdocs\aurora\functions.php
======================================================================
[2018-05-16 13:19:09]
Query error:
UPDATE contest SET starttime=1526456949 , endtime = 1526457009 ,logindone='started' WHERE logindone='notstarted'
Error: SQLSTATE[HY000]: General error
C:\xampp\htdocs\aurora\functions.php
======================================================================
[2018-05-16 13:19:09]
Query error:
UPDATE admin SET value=1526456947 where variable='endtime' 
Error: SQLSTATE[HY000]: General error
C:\xampp\htdocs\aurora\functions.php
======================================================================
[2018-05-16 13:19:09]
Query error:
UPDATE admin SET value=1526456947 where variable='endtime' 
Error: SQLSTATE[HY000]: General error
C:\xampp\htdocs\aurora\functions.php
======================================================================
[2018-05-16 13:19:11]
Query error:
UPDATE contest SET starttime=1526456951 , endtime = 1526457011 ,logindone='started' WHERE logindone='notstarted'
Error: SQLSTATE[HY000]: General error
C:\xampp\htdocs\aurora\functions.php
======================================================================
[2018-05-16 13:19:11]
Query error:
UPDATE admin SET value=1526456947 where variable='endtime' 
Error: SQLSTATE[HY000]: General error
C:\xampp\htdocs\aurora\functions.php
======================================================================
[2018-05-16 13:19:11]
Query error:
UPDATE admin SET value=1526456947 where variable='endtime' 
Error: SQLSTATE[HY000]: General error
C:\xampp\htdocs\aurora\functions.php
======================================================================
[2018-05-16 13:19:12]
Query error:
UPDATE contest SET starttime=1526456952 , endtime = 1526457012 ,logindone='started' WHERE logindone='notstarted'
Error: SQLSTATE[HY000]: General error
C:\xampp\htdocs\aurora\functions.php
======================================================================
[2018-05-16 13:19:12]
Query error:
UPDATE admin SET value=1526456947 where variable='endtime' 
Error: SQLSTATE[HY000]: General error
C:\xampp\htdocs\aurora\functions.php
======================================================================
[2018-05-16 13:19:12]
Query error:
UPDATE admin SET value=1526456947 where variable='endtime' 
Error: SQLSTATE[HY000]: General error
C:\xampp\htdocs\aurora\functions.php
======================================================================
[2018-05-16 13:19:14]
Query error:
UPDATE contest SET starttime=1526456954 , endtime = 1526457014 ,logindone='started' WHERE logindone='notstarted'
Error: SQLSTATE[HY000]: General error
C:\xampp\htdocs\aurora\functions.php
======================================================================
[2018-05-16 13:19:14]
Query error:
UPDATE admin SET value=1526456947 where variable='endtime' 
Error: SQLSTATE[HY000]: General error
C:\xampp\htdocs\aurora\functions.php
======================================================================
[2018-05-16 13:19:14]
Query error:
UPDATE admin SET value=1526456947 where variable='endtime' 
Error: SQLSTATE[HY000]: General error
C:\xampp\htdocs\aurora\functions.php
======================================================================
[2018-05-16 13:19:15]
Query error:
UPDATE contest SET starttime=1526456955 , endtime = 1526457015 ,logindone='started' WHERE logindone='notstarted'
Error: SQLSTATE[HY000]: General error
C:\xampp\htdocs\aurora\functions.php
======================================================================
[2018-05-16 13:19:15]
Query error:
UPDATE admin SET value=1526456947 where variable='endtime' 
Error: SQLSTATE[HY000]: General error
C:\xampp\htdocs\aurora\functions.php
======================================================================
[2018-05-16 13:19:15]
Query error:
UPDATE admin SET value=1526456947 where variable='endtime' 
Error: SQLSTATE[HY000]: General error
C:\xampp\htdocs\aurora\functions.php
======================================================================
[2018-05-16 13:19:17]
Query error:
UPDATE contest SET starttime=1526456957 , endtime = 1526457017 ,logindone='started' WHERE logindone='notstarted'
Error: SQLSTATE[HY000]: General error
C:\xampp\htdocs\aurora\functions.php
======================================================================
[2018-05-16 13:19:17]
Query error:
UPDATE admin SET value=1526456947 where variable='endtime' 
Error: SQLSTATE[HY000]: General error
C:\xampp\htdocs\aurora\functions.php
======================================================================
[2018-05-16 13:19:17]
Query error:
UPDATE admin SET value=1526456947 where variable='endtime' 
Error: SQLSTATE[HY000]: General error
C:\xampp\htdocs\aurora\functions.php
======================================================================
[2018-05-16 13:19:18]
Query error:
UPDATE contest SET starttime=1526456958 , endtime = 1526457018 ,logindone='started' WHERE logindone='notstarted'
Error: SQLSTATE[HY000]: General error
C:\xampp\htdocs\aurora\functions.php
======================================================================
[2018-05-16 13:19:18]
Query error:
UPDATE admin SET value=1526456947 where variable='endtime' 
Error: SQLSTATE[HY000]: General error
C:\xampp\htdocs\aurora\functions.php
======================================================================
[2018-05-16 13:19:18]
Query error:
UPDATE admin SET value=1526456947 where variable='endtime' 
Error: SQLSTATE[HY000]: General error
C:\xampp\htdocs\aurora\functions.php
======================================================================
[2018-05-16 13:19:20]
Query error:
UPDATE contest SET starttime=1526456960 , endtime = 1526457020 ,logindone='started' WHERE logindone='notstarted'
Error: SQLSTATE[HY000]: General error
C:\xampp\htdocs\aurora\functions.php
======================================================================
[2018-05-16 13:19:20]
Query error:
UPDATE admin SET value=1526456947 where variable='endtime' 
Error: SQLSTATE[HY000]: General error
C:\xampp\htdocs\aurora\functions.php
======================================================================
[2018-05-16 13:19:20]
Query error:
UPDATE admin SET value=1526456947 where variable='endtime' 
Error: SQLSTATE[HY000]: General error
C:\xampp\htdocs\aurora\functions.php
======================================================================
[2018-05-16 13:19:21]
Query error:
UPDATE contest SET starttime=1526456961 , endtime = 1526457021 ,logindone='started' WHERE logindone='notstarted'
Error: SQLSTATE[HY000]: General error
C:\xampp\htdocs\aurora\functions.php
======================================================================
[2018-05-16 13:19:21]
Query error:
UPDATE admin SET value=1526456947 where variable='endtime' 
Error: SQLSTATE[HY000]: General error
C:\xampp\htdocs\aurora\functions.php
======================================================================
[2018-05-16 13:19:21]
Query error:
UPDATE admin SET value=1526456947 where variable='endtime' 
Error: SQLSTATE[HY000]: General error
C:\xampp\htdocs\aurora\functions.php
======================================================================
[2018-05-16 13:19:23]
Query error:
UPDATE contest SET starttime=1526456963 , endtime = 1526457023 ,logindone='started' WHERE logindone='notstarted'
Error: SQLSTATE[HY000]: General error
C:\xampp\htdocs\aurora\functions.php
======================================================================
[2018-05-16 13:19:23]
Query error:
UPDATE admin SET value=1526456947 where variable='endtime' 
Error: SQLSTATE[HY000]: General error
C:\xampp\htdocs\aurora\functions.php
======================================================================
[2018-05-16 13:19:23]
Query error:
UPDATE admin SET value=1526456947 where variable='endtime' 
Error: SQLSTATE[HY000]: General error
C:\xampp\htdocs\aurora\functions.php
======================================================================
[2018-05-16 13:19:24]
Query error:
UPDATE contest SET starttime=1526456964 , endtime = 1526457024 ,logindone='started' WHERE logindone='notstarted'
Error: SQLSTATE[HY000]: General error
C:\xampp\htdocs\aurora\functions.php
======================================================================
[2018-05-16 13:19:24]
Query error:
UPDATE admin SET value=1526456947 where variable='endtime' 
Error: SQLSTATE[HY000]: General error
C:\xampp\htdocs\aurora\functions.php
======================================================================
[2018-05-16 13:19:24]
Query error:
UPDATE admin SET value=1526456947 where variable='endtime' 
Error: SQLSTATE[HY000]: General error
C:\xampp\htdocs\aurora\functions.php
======================================================================
[2018-05-16 13:19:26]
Query error:
UPDATE contest SET starttime=1526456966 , endtime = 1526457026 ,logindone='started' WHERE logindone='notstarted'
Error: SQLSTATE[HY000]: General error
C:\xampp\htdocs\aurora\functions.php
======================================================================
[2018-05-16 13:19:26]
Query error:
UPDATE admin SET value=1526456947 where variable='endtime' 
Error: SQLSTATE[HY000]: General error
C:\xampp\htdocs\aurora\functions.php
======================================================================
[2018-05-16 13:19:26]
Query error:
UPDATE admin SET value=1526456947 where variable='endtime' 
Error: SQLSTATE[HY000]: General error
C:\xampp\htdocs\aurora\functions.php
======================================================================
[2018-05-16 13:19:27]
Query error:
UPDATE contest SET starttime=1526456967 , endtime = 1526457027 ,logindone='started' WHERE logindone='notstarted'
Error: SQLSTATE[HY000]: General error
C:\xampp\htdocs\aurora\functions.php
======================================================================
[2018-05-16 13:19:27]
Query error:
UPDATE admin SET value=1526456947 where variable='endtime' 
Error: SQLSTATE[HY000]: General error
C:\xampp\htdocs\aurora\functions.php
======================================================================
[2018-05-16 13:19:27]
Query error:
UPDATE admin SET value=1526456947 where variable='endtime' 
Error: SQLSTATE[HY000]: General error
C:\xampp\htdocs\aurora\functions.php
======================================================================
[2018-05-16 13:19:29]
Query error:
UPDATE contest SET starttime=1526456969 , endtime = 1526457029 ,logindone='started' WHERE logindone='notstarted'
Error: SQLSTATE[HY000]: General error
C:\xampp\htdocs\aurora\functions.php
======================================================================
[2018-05-16 13:19:29]
Query error:
UPDATE admin SET value=1526456947 where variable='endtime' 
Error: SQLSTATE[HY000]: General error
C:\xampp\htdocs\aurora\functions.php
======================================================================
[2018-05-16 13:19:29]
Query error:
UPDATE admin SET value=1526456947 where variable='endtime' 
Error: SQLSTATE[HY000]: General error
C:\xampp\htdocs\aurora\functions.php
======================================================================
[2018-05-16 13:19:30]
Query error:
UPDATE contest SET starttime=1526456970 , endtime = 1526457030 ,logindone='started' WHERE logindone='notstarted'
Error: SQLSTATE[HY000]: General error
C:\xampp\htdocs\aurora\functions.php
======================================================================
[2018-05-16 13:19:31]
Query error:
UPDATE admin SET value=1526456947 where variable='endtime' 
Error: SQLSTATE[HY000]: General error
C:\xampp\htdocs\aurora\functions.php
======================================================================
[2018-05-16 13:19:31]
Query error:
UPDATE admin SET value=1526456947 where variable='endtime' 
Error: SQLSTATE[HY000]: General error
C:\xampp\htdocs\aurora\functions.php
======================================================================
[2018-05-16 13:19:32]
Query error:
UPDATE contest SET starttime=1526456972 , endtime = 1526457032 ,logindone='started' WHERE logindone='notstarted'
Error: SQLSTATE[HY000]: General error
C:\xampp\htdocs\aurora\functions.php
======================================================================
[2018-05-16 13:19:32]
Query error:
UPDATE admin SET value=1526456947 where variable='endtime' 
Error: SQLSTATE[HY000]: General error
C:\xampp\htdocs\aurora\functions.php
======================================================================
[2018-05-16 13:19:32]
Query error:
UPDATE admin SET value=1526456947 where variable='endtime' 
Error: SQLSTATE[HY000]: General error
C:\xampp\htdocs\aurora\functions.php
======================================================================
[2018-05-16 13:19:34]
Query error:
UPDATE contest SET starttime=1526456974 , endtime = 1526457034 ,logindone='started' WHERE logindone='notstarted'
Error: SQLSTATE[HY000]: General error
C:\xampp\htdocs\aurora\functions.php
======================================================================
[2018-05-16 13:19:34]
Query error:
UPDATE admin SET value=1526456947 where variable='endtime' 
Error: SQLSTATE[HY000]: General error
C:\xampp\htdocs\aurora\functions.php
======================================================================
[2018-05-16 13:19:34]
Query error:
UPDATE admin SET value=1526456947 where variable='endtime' 
Error: SQLSTATE[HY000]: General error
C:\xampp\htdocs\aurora\functions.php
======================================================================
[2018-05-16 13:19:35]
Query error:
UPDATE contest SET starttime=1526456975 , endtime = 1526457035 ,logindone='started' WHERE logindone='notstarted'
Error: SQLSTATE[HY000]: General error
C:\xampp\htdocs\aurora\functions.php
======================================================================
[2018-05-16 13:19:35]
Query error:
UPDATE admin SET value=1526456947 where variable='endtime' 
Error: SQLSTATE[HY000]: General error
C:\xampp\htdocs\aurora\functions.php
======================================================================
[2018-05-16 13:19:35]
Query error:
UPDATE admin SET value=1526456947 where variable='endtime' 
Error: SQLSTATE[HY000]: General error
C:\xampp\htdocs\aurora\functions.php
======================================================================
[2018-05-16 13:19:37]
Query error:
UPDATE contest SET starttime=1526456977 , endtime = 1526457037 ,logindone='started' WHERE logindone='notstarted'
Error: SQLSTATE[HY000]: General error
C:\xampp\htdocs\aurora\functions.php
======================================================================
[2018-05-16 13:19:37]
Query error:
UPDATE admin SET value=1526456947 where variable='endtime' 
Error: SQLSTATE[HY000]: General error
C:\xampp\htdocs\aurora\functions.php
======================================================================
[2018-05-16 13:19:37]
Query error:
UPDATE admin SET value=1526456947 where variable='endtime' 
Error: SQLSTATE[HY000]: General error
C:\xampp\htdocs\aurora\functions.php
======================================================================
[2018-05-16 13:19:38]
Query error:
UPDATE contest SET starttime=1526456978 , endtime = 1526457038 ,logindone='started' WHERE logindone='notstarted'
Error: SQLSTATE[HY000]: General error
C:\xampp\htdocs\aurora\functions.php
======================================================================
[2018-05-16 13:19:39]
Query error:
UPDATE admin SET value=1526456947 where variable='endtime' 
Error: SQLSTATE[HY000]: General error
C:\xampp\htdocs\aurora\functions.php
======================================================================
[2018-05-16 13:19:39]
Query error:
UPDATE admin SET value=1526456947 where variable='endtime' 
Error: SQLSTATE[HY000]: General error
C:\xampp\htdocs\aurora\functions.php
======================================================================
[2018-05-16 13:19:40]
Query error:
UPDATE contest SET starttime=1526456980 , endtime = 1526457040 ,logindone='started' WHERE logindone='notstarted'
Error: SQLSTATE[HY000]: General error
C:\xampp\htdocs\aurora\functions.php
======================================================================
[2018-05-16 13:19:40]
Query error:
UPDATE admin SET value=1526456947 where variable='endtime' 
Error: SQLSTATE[HY000]: General error
C:\xampp\htdocs\aurora\functions.php
======================================================================
[2018-05-16 13:19:40]
Query error:
UPDATE admin SET value=1526456947 where variable='endtime' 
Error: SQLSTATE[HY000]: General error
C:\xampp\htdocs\aurora\functions.php
======================================================================
[2018-05-16 13:19:41]
Query error:
UPDATE contest SET starttime=1526456981 , endtime = 1526457041 ,logindone='started' WHERE logindone='notstarted'
Error: SQLSTATE[HY000]: General error
C:\xampp\htdocs\aurora\functions.php
======================================================================
[2018-05-16 13:19:41]
Query error:
UPDATE admin SET value=1526456947 where variable='endtime' 
Error: SQLSTATE[HY000]: General error
C:\xampp\htdocs\aurora\functions.php
======================================================================
[2018-05-16 13:19:41]
Query error:
UPDATE admin SET value=1526456947 where variable='endtime' 
Error: SQLSTATE[HY000]: General error
C:\xampp\htdocs\aurora\functions.php
======================================================================
[2018-05-16 13:19:43]
Query error:
UPDATE contest SET starttime=1526456983 , endtime = 1526457043 ,logindone='started' WHERE logindone='notstarted'
Error: SQLSTATE[HY000]: General error
C:\xampp\htdocs\aurora\functions.php
======================================================================
[2018-05-16 13:19:43]
Query error:
UPDATE admin SET value=1526456947 where variable='endtime' 
Error: SQLSTATE[HY000]: General error
C:\xampp\htdocs\aurora\functions.php
======================================================================
[2018-05-16 13:19:43]
Query error:
UPDATE admin SET value=1526456947 where variable='endtime' 
Error: SQLSTATE[HY000]: General error
C:\xampp\htdocs\aurora\functions.php
======================================================================
[2018-05-16 13:19:44]
Query error:
UPDATE contest SET starttime=1526456984 , endtime = 1526457044 ,logindone='started' WHERE logindone='notstarted'
Error: SQLSTATE[HY000]: General error
C:\xampp\htdocs\aurora\functions.php
======================================================================
[2018-05-16 13:19:44]
Query error:
UPDATE admin SET value=1526456947 where variable='endtime' 
Error: SQLSTATE[HY000]: General error
C:\xampp\htdocs\aurora\functions.php
======================================================================
[2018-05-16 13:19:44]
Query error:
UPDATE admin SET value=1526456947 where variable='endtime' 
Error: SQLSTATE[HY000]: General error
C:\xampp\htdocs\aurora\functions.php
======================================================================
[2018-05-16 13:19:46]
Query error:
UPDATE contest SET starttime=1526456986 , endtime = 1526457046 ,logindone='started' WHERE logindone='notstarted'
Error: SQLSTATE[HY000]: General error
C:\xampp\htdocs\aurora\functions.php
======================================================================
[2018-05-16 13:19:46]
Query error:
UPDATE admin SET value=1526456947 where variable='endtime' 
Error: SQLSTATE[HY000]: General error
C:\xampp\htdocs\aurora\functions.php
======================================================================
[2018-05-16 13:19:46]
Query error:
UPDATE admin SET value=1526456947 where variable='endtime' 
Error: SQLSTATE[HY000]: General error
C:\xampp\htdocs\aurora\functions.php
======================================================================
[2018-05-16 13:19:47]
Query error:
UPDATE contest SET starttime=1526456987 , endtime = 1526457047 ,logindone='started' WHERE logindone='notstarted'
Error: SQLSTATE[HY000]: General error
C:\xampp\htdocs\aurora\functions.php
======================================================================
[2018-05-16 13:19:47]
Query error:
UPDATE admin SET value=1526456947 where variable='endtime' 
Error: SQLSTATE[HY000]: General error
C:\xampp\htdocs\aurora\functions.php
======================================================================
[2018-05-16 13:19:47]
Query error:
UPDATE admin SET value=1526456947 where variable='endtime' 
Error: SQLSTATE[HY000]: General error
C:\xampp\htdocs\aurora\functions.php
======================================================================
[2018-05-16 13:19:48]
Query error:
UPDATE contest SET starttime=1526456988 , endtime = 1526457048 ,logindone='started' WHERE logindone='notstarted'
Error: SQLSTATE[HY000]: General error
C:\xampp\htdocs\aurora\functions.php
======================================================================
[2018-05-16 13:19:48]
Query error:
UPDATE admin SET value=1526457048 where variable='endtime' 
Error: SQLSTATE[HY000]: General error
C:\xampp\htdocs\aurora\functions.php
======================================================================
[2018-05-16 13:19:49]
Query error:
UPDATE admin SET value=1526457048 where variable='endtime' 
Error: SQLSTATE[HY000]: General error
C:\xampp\htdocs\aurora\functions.php
======================================================================
[2018-05-16 13:19:50]
Query error:
UPDATE contest SET starttime=1526456990 , endtime = 1526457050 ,logindone='started' WHERE logindone='notstarted'
Error: SQLSTATE[HY000]: General error
C:\xampp\htdocs\aurora\functions.php
======================================================================
[2018-05-16 13:19:50]
Query error:
UPDATE admin SET value=1526457048 where variable='endtime' 
Error: SQLSTATE[HY000]: General error
C:\xampp\htdocs\aurora\functions.php
======================================================================
[2018-05-16 13:19:50]
Query error:
UPDATE admin SET value=1526457048 where variable='endtime' 
Error: SQLSTATE[HY000]: General error
C:\xampp\htdocs\aurora\functions.php
======================================================================
[2018-05-16 13:19:51]
Query error:
UPDATE contest SET starttime=1526456991 , endtime = 1526457051 ,logindone='started' WHERE logindone='notstarted'
Error: SQLSTATE[HY000]: General error
C:\xampp\htdocs\aurora\functions.php
======================================================================
[2018-05-16 13:19:51]
Query error:
UPDATE admin SET value=1526457048 where variable='endtime' 
Error: SQLSTATE[HY000]: General error
C:\xampp\htdocs\aurora\functions.php
======================================================================
[2018-05-16 13:19:51]
Query error:
UPDATE admin SET value=1526457048 where variable='endtime' 
Error: SQLSTATE[HY000]: General error
C:\xampp\htdocs\aurora\functions.php
======================================================================
[2018-05-16 13:19:53]
Query error:
UPDATE contest SET starttime=1526456993 , endtime = 1526457053 ,logindone='started' WHERE logindone='notstarted'
Error: SQLSTATE[HY000]: General error
C:\xampp\htdocs\aurora\functions.php
======================================================================
[2018-05-16 13:19:53]
Query error:
UPDATE admin SET value=1526457048 where variable='endtime' 
Error: SQLSTATE[HY000]: General error
C:\xampp\htdocs\aurora\functions.php
======================================================================
[2018-05-16 13:19:53]
Query error:
UPDATE admin SET value=1526457048 where variable='endtime' 
Error: SQLSTATE[HY000]: General error
C:\xampp\htdocs\aurora\functions.php
======================================================================
[2018-05-16 13:19:54]
Query error:
UPDATE contest SET starttime=1526456994 , endtime = 1526457054 ,logindone='started' WHERE logindone='notstarted'
Error: SQLSTATE[HY000]: General error
C:\xampp\htdocs\aurora\functions.php
======================================================================
[2018-05-16 13:19:54]
Query error:
UPDATE admin SET value=1526457048 where variable='endtime' 
Error: SQLSTATE[HY000]: General error
C:\xampp\htdocs\aurora\functions.php
======================================================================
[2018-05-16 13:19:54]
Query error:
UPDATE admin SET value=1526457048 where variable='endtime' 
Error: SQLSTATE[HY000]: General error
C:\xampp\htdocs\aurora\functions.php
======================================================================
[2018-05-16 13:19:55]
Query error:
UPDATE contest SET starttime=1526456995 , endtime = 1526457055 ,logindone='started' WHERE logindone='notstarted'
Error: SQLSTATE[HY000]: General error
C:\xampp\htdocs\aurora\functions.php
======================================================================
[2018-05-16 13:19:55]
Query error:
UPDATE admin SET value=1526457048 where variable='endtime' 
Error: SQLSTATE[HY000]: General error
C:\xampp\htdocs\aurora\functions.php
======================================================================
[2018-05-16 13:19:56]
Query error:
UPDATE admin SET value=1526457048 where variable='endtime' 
Error: SQLSTATE[HY000]: General error
C:\xampp\htdocs\aurora\functions.php
======================================================================
[2018-05-16 13:19:59]
Query error:
UPDATE admin SET value=1526457048 where variable='endtime' 
Error: SQLSTATE[HY000]: General error
C:\xampp\htdocs\aurora\functions.php
======================================================================
[2018-05-16 13:20:03]
Query error:
UPDATE admin SET value=1526457048 where variable='endtime' 
Error: SQLSTATE[HY000]: General error
C:\xampp\htdocs\aurora\functions.php
======================================================================
[2018-05-16 13:20:15]
Query error:
UPDATE admin SET value= where variable='endtime' 
Error: SQLSTATE[42000]: Syntax error or access violation: 1064 You have an error in your SQL syntax; check the manual that corresponds to your MariaDB server version for the right syntax to use near 'where variable='endtime'' at line 1
C:\xampp\htdocs\aurora\functions.php
======================================================================
[2018-05-16 13:20:25]
Query error:
UPDATE contest SET starttime=1526457025 , endtime = 1526457085 ,logindone='started' WHERE logindone='notstarted'
Error: SQLSTATE[HY000]: General error
C:\xampp\htdocs\aurora\functions.php
======================================================================
[2018-05-16 13:20:25]
Query error:
UPDATE admin SET value=1526457085 where variable='endtime' 
Error: SQLSTATE[HY000]: General error
C:\xampp\htdocs\aurora\functions.php
======================================================================
[2018-05-16 13:20:25]
Query error:
UPDATE admin SET value=1526457085 where variable='endtime' 
Error: SQLSTATE[HY000]: General error
C:\xampp\htdocs\aurora\functions.php
======================================================================
[2018-05-16 13:20:26]
Query error:
UPDATE contest SET starttime=1526457026 , endtime = 1526457086 ,logindone='started' WHERE logindone='notstarted'
Error: SQLSTATE[HY000]: General error
C:\xampp\htdocs\aurora\functions.php
======================================================================
[2018-05-16 13:20:27]
Query error:
UPDATE admin SET value=1526457085 where variable='endtime' 
Error: SQLSTATE[HY000]: General error
C:\xampp\htdocs\aurora\functions.php
======================================================================
[2018-05-16 13:20:27]
Query error:
UPDATE admin SET value=1526457085 where variable='endtime' 
Error: SQLSTATE[HY000]: General error
C:\xampp\htdocs\aurora\functions.php
======================================================================
[2018-05-16 13:20:28]
Query error:
UPDATE contest SET starttime=1526457028 , endtime = 1526457088 ,logindone='started' WHERE logindone='notstarted'
Error: SQLSTATE[HY000]: General error
C:\xampp\htdocs\aurora\functions.php
======================================================================
[2018-05-16 13:20:28]
Query error:
UPDATE admin SET value=1526457085 where variable='endtime' 
Error: SQLSTATE[HY000]: General error
C:\xampp\htdocs\aurora\functions.php
======================================================================
[2018-05-16 13:20:28]
Query error:
UPDATE admin SET value=1526457085 where variable='endtime' 
Error: SQLSTATE[HY000]: General error
C:\xampp\htdocs\aurora\functions.php
======================================================================
[2018-05-16 13:20:29]
Query error:
UPDATE contest SET starttime=1526457029 , endtime = 1526457089 ,logindone='started' WHERE logindone='notstarted'
Error: SQLSTATE[HY000]: General error
C:\xampp\htdocs\aurora\functions.php
======================================================================
[2018-05-16 13:20:29]
Query error:
UPDATE admin SET value=1526457085 where variable='endtime' 
Error: SQLSTATE[HY000]: General error
C:\xampp\htdocs\aurora\functions.php
======================================================================
[2018-05-16 13:20:29]
Query error:
UPDATE admin SET value=1526457085 where variable='endtime' 
Error: SQLSTATE[HY000]: General error
C:\xampp\htdocs\aurora\functions.php
======================================================================
[2018-05-16 13:20:31]
Query error:
UPDATE contest SET starttime=1526457031 , endtime = 1526457091 ,logindone='started' WHERE logindone='notstarted'
Error: SQLSTATE[HY000]: General error
C:\xampp\htdocs\aurora\functions.php
======================================================================
[2018-05-16 13:20:31]
Query error:
UPDATE admin SET value=1526457085 where variable='endtime' 
Error: SQLSTATE[HY000]: General error
C:\xampp\htdocs\aurora\functions.php
======================================================================
[2018-05-16 13:20:31]
Query error:
UPDATE admin SET value=1526457085 where variable='endtime' 
Error: SQLSTATE[HY000]: General error
C:\xampp\htdocs\aurora\functions.php
======================================================================
[2018-05-16 13:20:32]
Query error:
UPDATE contest SET starttime=1526457032 , endtime = 1526457092 ,logindone='started' WHERE logindone='notstarted'
Error: SQLSTATE[HY000]: General error
C:\xampp\htdocs\aurora\functions.php
======================================================================
[2018-05-16 13:20:32]
Query error:
UPDATE admin SET value=1526457085 where variable='endtime' 
Error: SQLSTATE[HY000]: General error
C:\xampp\htdocs\aurora\functions.php
======================================================================
[2018-05-16 13:20:32]
Query error:
UPDATE admin SET value=1526457085 where variable='endtime' 
Error: SQLSTATE[HY000]: General error
C:\xampp\htdocs\aurora\functions.php
======================================================================
[2018-05-16 16:09:53]
Query error:
UPDATE admin SET value=1526457085 where variable='endtime' 
Error: SQLSTATE[HY000]: General error
C:\xampp\htdocs\aurora\functions.php
======================================================================
[2018-05-16 16:09:55]
Query error:
UPDATE admin SET value=1526457085 where variable='endtime' 
Error: SQLSTATE[HY000]: General error
C:\xampp\htdocs\aurora\functions.php
======================================================================
[2018-05-16 16:10:05]
Query error:
UPDATE admin SET value=1526457085 where variable='endtime' 
Error: SQLSTATE[HY000]: General error
C:\xampp\htdocs\aurora\functions.php
======================================================================
[2018-05-16 16:10:32]
Query error:
UPDATE admin SET value=1526457085 where variable='endtime' 
Error: SQLSTATE[HY000]: General error
C:\xampp\htdocs\aurora\functions.php
======================================================================
[2018-05-16 16:10:43]
Query error:
UPDATE admin SET value=1526457085 where variable='endtime' 
Error: SQLSTATE[HY000]: General error
C:\xampp\htdocs\aurora\functions.php
======================================================================
[2018-05-16 16:11:16]
Query error:
UPDATE contest SET starttime=1526467276 , endtime = 1526467336 ,logindone='started' WHERE logindone='notstarted'
Error: SQLSTATE[HY000]: General error
C:\xampp\htdocs\aurora\functions.php
======================================================================
[2018-05-16 16:11:16]
Query error:
UPDATE admin SET value=1526457085 where variable='endtime' 
Error: SQLSTATE[HY000]: General error
C:\xampp\htdocs\aurora\functions.php
======================================================================
[2018-05-16 16:11:16]
Query error:
UPDATE admin SET value=1526457085 where variable='endtime' 
Error: SQLSTATE[HY000]: General error
C:\xampp\htdocs\aurora\functions.php
======================================================================
[2018-05-16 16:11:42]
Query error:
UPDATE admin SET value= where variable='endtime' 
Error: SQLSTATE[42000]: Syntax error or access violation: 1064 You have an error in your SQL syntax; check the manual that corresponds to your MariaDB server version for the right syntax to use near 'where variable='endtime'' at line 1
C:\xampp\htdocs\aurora\functions.php
======================================================================
[2018-05-16 16:11:55]
Query error:
UPDATE contest SET starttime=1526467315 , endtime = 1526467375 ,logindone='started' WHERE logindone='notstarted'
Error: SQLSTATE[HY000]: General error
C:\xampp\htdocs\aurora\functions.php
======================================================================
[2018-05-16 16:11:55]
Query error:
UPDATE admin SET value=1526467375 where variable='endtime' 
Error: SQLSTATE[HY000]: General error
C:\xampp\htdocs\aurora\functions.php
======================================================================
[2018-05-16 16:11:55]
Query error:
UPDATE admin SET value=1526467375 where variable='endtime' 
Error: SQLSTATE[HY000]: General error
C:\xampp\htdocs\aurora\functions.php
======================================================================
[2018-05-16 16:12:02]
Query error:
UPDATE contest SET starttime=1526467322 , endtime = 1526467382 ,logindone='started' WHERE logindone='notstarted'
Error: SQLSTATE[HY000]: General error
C:\xampp\htdocs\aurora\functions.php
======================================================================
[2018-05-16 16:12:02]
Query error:
UPDATE admin SET value=1526467375 where variable='endtime' 
Error: SQLSTATE[HY000]: General error
C:\xampp\htdocs\aurora\functions.php
======================================================================
[2018-05-16 16:12:02]
Query error:
UPDATE admin SET value=1526467375 where variable='endtime' 
Error: SQLSTATE[HY000]: General error
C:\xampp\htdocs\aurora\functions.php
======================================================================
[2018-05-16 16:12:30]
Query error:
UPDATE contest SET starttime=1526467350 , endtime = 1526467410 ,logindone='started' WHERE logindone='notstarted'
Error: SQLSTATE[HY000]: General error
C:\xampp\htdocs\aurora\functions.php
======================================================================
[2018-05-16 16:12:30]
Query error:
UPDATE admin SET value=1526467375 where variable='endtime' 
Error: SQLSTATE[HY000]: General error
C:\xampp\htdocs\aurora\functions.php
======================================================================
[2018-05-16 16:12:30]
Query error:
UPDATE admin SET value=1526467375 where variable='endtime' 
Error: SQLSTATE[HY000]: General error
C:\xampp\htdocs\aurora\functions.php
======================================================================
[2018-05-16 16:12:43]
Query error:
UPDATE admin SET value=1526467375 where variable='endtime' 
Error: SQLSTATE[HY000]: General error
C:\xampp\htdocs\aurora\functions.php
======================================================================
[2018-05-16 16:12:55]
Query error:
UPDATE admin SET value=1526467375 where variable='endtime' 
Error: SQLSTATE[HY000]: General error
C:\xampp\htdocs\aurora\functions.php
======================================================================
[2018-05-16 16:13:04]
Query error:
UPDATE admin SET value=1526467375 where variable='endtime' 
Error: SQLSTATE[HY000]: General error
C:\xampp\htdocs\aurora\functions.php
======================================================================
[2018-05-16 16:13:06]
Query error:
UPDATE contest SET starttime=1526467386 , endtime = 1526467446 ,logindone='started' WHERE logindone='notstarted'
Error: SQLSTATE[HY000]: General error
C:\xampp\htdocs\aurora\functions.php
======================================================================
[2018-05-16 16:13:06]
Query error:
UPDATE admin SET value=1526467375 where variable='endtime' 
Error: SQLSTATE[HY000]: General error
C:\xampp\htdocs\aurora\functions.php
======================================================================
[2018-05-16 16:13:06]
Query error:
UPDATE admin SET value=1526467375 where variable='endtime' 
Error: SQLSTATE[HY000]: General error
C:\xampp\htdocs\aurora\functions.php
======================================================================
[2018-05-16 16:14:52]
Query error:
UPDATE admin SET value=1526467375 where variable='endtime' 
Error: SQLSTATE[HY000]: General error
C:\xampp\htdocs\aurora\functions.php
======================================================================
[2018-05-16 16:15:05]
Query error:
UPDATE admin SET value=1526467375 where variable='endtime' 
Error: SQLSTATE[HY000]: General error
C:\xampp\htdocs\aurora\functions.php
======================================================================
[2018-05-16 16:15:20]
Query error:
UPDATE contest SET starttime=1526467520 , endtime = 1526467580 ,logindone='started' WHERE logindone='notstarted'
Error: SQLSTATE[HY000]: General error
C:\xampp\htdocs\aurora\functions.php
======================================================================
[2018-05-16 16:15:20]
Query error:
UPDATE admin SET value=1526467375 where variable='endtime' 
Error: SQLSTATE[HY000]: General error
C:\xampp\htdocs\aurora\functions.php
======================================================================
[2018-05-16 16:15:20]
Query error:
UPDATE admin SET value=1526467375 where variable='endtime' 
Error: SQLSTATE[HY000]: General error
C:\xampp\htdocs\aurora\functions.php
======================================================================
[2018-05-16 16:15:25]
Query error:
UPDATE contest SET starttime=1526467525 , endtime = 1526467585 ,logindone='started' WHERE logindone='notstarted'
Error: SQLSTATE[HY000]: General error
C:\xampp\htdocs\aurora\functions.php
======================================================================
[2018-05-16 16:15:25]
Query error:
UPDATE admin SET value=1526467375 where variable='endtime' 
Error: SQLSTATE[HY000]: General error
C:\xampp\htdocs\aurora\functions.php
======================================================================
[2018-05-16 16:15:25]
Query error:
UPDATE admin SET value=1526467375 where variable='endtime' 
Error: SQLSTATE[HY000]: General error
C:\xampp\htdocs\aurora\functions.php
======================================================================
[2018-05-16 16:15:31]
Query error:
UPDATE contest SET starttime=1526467531 , endtime = 1526467591 ,logindone='started' WHERE logindone='notstarted'
Error: SQLSTATE[HY000]: General error
C:\xampp\htdocs\aurora\functions.php
======================================================================
[2018-05-16 16:15:31]
Query error:
UPDATE admin SET value=1526467375 where variable='endtime' 
Error: SQLSTATE[HY000]: General error
C:\xampp\htdocs\aurora\functions.php
======================================================================
[2018-05-16 16:15:31]
Query error:
UPDATE admin SET value=1526467375 where variable='endtime' 
Error: SQLSTATE[HY000]: General error
C:\xampp\htdocs\aurora\functions.php
======================================================================
[2018-05-16 16:19:41]
Query error:
UPDATE admin SET value=1526467375 where variable='endtime' 
Error: SQLSTATE[HY000]: General error
C:\xampp\htdocs\aurora\functions.php
======================================================================
[2018-05-16 16:19:44]
Query error:
UPDATE admin SET value=1526467375 where variable='endtime' 
Error: SQLSTATE[HY000]: General error
C:\xampp\htdocs\aurora\functions.php
======================================================================
[2018-05-16 16:19:46]
Query error:
UPDATE admin SET value=1526467375 where variable='endtime' 
Error: SQLSTATE[HY000]: General error
C:\xampp\htdocs\aurora\functions.php
======================================================================
[2018-05-16 16:19:49]
Query error:
UPDATE contest SET starttime=1526467789 , endtime = 1526467849 ,logindone='started' WHERE logindone='notstarted'
Error: SQLSTATE[HY000]: General error
C:\xampp\htdocs\aurora\functions.php
======================================================================
[2018-05-16 16:19:49]
Query error:
UPDATE admin SET value=1526467375 where variable='endtime' 
Error: SQLSTATE[HY000]: General error
C:\xampp\htdocs\aurora\functions.php
======================================================================
[2018-05-16 16:19:49]
Query error:
UPDATE admin SET value=1526467375 where variable='endtime' 
Error: SQLSTATE[HY000]: General error
C:\xampp\htdocs\aurora\functions.php
======================================================================
[2018-05-16 16:19:51]
Query error:
UPDATE admin SET value=1526467375 where variable='endtime' 
Error: SQLSTATE[HY000]: General error
C:\xampp\htdocs\aurora\functions.php
======================================================================
[2018-05-16 16:19:53]
Query error:
UPDATE admin SET value=1526467375 where variable='endtime' 
Error: SQLSTATE[HY000]: General error
C:\xampp\htdocs\aurora\functions.php
======================================================================
[2018-05-16 16:19:54]
Query error:
UPDATE admin SET value=1526467375 where variable='endtime' 
Error: SQLSTATE[HY000]: General error
C:\xampp\htdocs\aurora\functions.php
======================================================================
[2018-05-16 16:19:56]
Query error:
UPDATE admin SET value=1526467375 where variable='endtime' 
Error: SQLSTATE[HY000]: General error
C:\xampp\htdocs\aurora\functions.php
======================================================================
[2018-05-16 16:19:58]
Query error:
UPDATE admin SET value=1526467375 where variable='endtime' 
Error: SQLSTATE[HY000]: General error
C:\xampp\htdocs\aurora\functions.php
======================================================================
[2018-05-16 16:19:59]
Query error:
UPDATE admin SET value=1526467375 where variable='endtime' 
Error: SQLSTATE[HY000]: General error
C:\xampp\htdocs\aurora\functions.php
======================================================================
[2018-05-16 16:20:08]
Query error:
UPDATE contest SET starttime=1526467808 , endtime = 1526467868 ,logindone='started' WHERE logindone='notstarted'
Error: SQLSTATE[HY000]: General error
C:\xampp\htdocs\aurora\functions.php
======================================================================
[2018-05-16 16:20:08]
Query error:
UPDATE admin SET value=1526467375 where variable='endtime' 
Error: SQLSTATE[HY000]: General error
C:\xampp\htdocs\aurora\functions.php
======================================================================
[2018-05-16 16:20:09]
Query error:
UPDATE admin SET value=1526467375 where variable='endtime' 
Error: SQLSTATE[HY000]: General error
C:\xampp\htdocs\aurora\functions.php
======================================================================
[2018-05-16 16:20:14]
Query error:
UPDATE contest SET starttime=1526467814 , endtime = 1526467874 ,logindone='started' WHERE logindone='notstarted'
Error: SQLSTATE[HY000]: General error
C:\xampp\htdocs\aurora\functions.php
======================================================================
[2018-05-16 16:20:14]
Query error:
UPDATE admin SET value=1526467375 where variable='endtime' 
Error: SQLSTATE[HY000]: General error
C:\xampp\htdocs\aurora\functions.php
======================================================================
[2018-05-16 16:20:14]
Query error:
UPDATE admin SET value=1526467375 where variable='endtime' 
Error: SQLSTATE[HY000]: General error
C:\xampp\htdocs\aurora\functions.php
======================================================================
[2018-05-16 16:20:29]
Query error:
UPDATE admin SET value= where variable='endtime' 
Error: SQLSTATE[42000]: Syntax error or access violation: 1064 You have an error in your SQL syntax; check the manual that corresponds to your MariaDB server version for the right syntax to use near 'where variable='endtime'' at line 1
C:\xampp\htdocs\aurora\functions.php
======================================================================
[2018-05-16 16:20:36]
Query error:
UPDATE admin SET value= where variable='endtime' 
Error: SQLSTATE[42000]: Syntax error or access violation: 1064 You have an error in your SQL syntax; check the manual that corresponds to your MariaDB server version for the right syntax to use near 'where variable='endtime'' at line 1
C:\xampp\htdocs\aurora\functions.php
======================================================================
[2018-05-16 16:20:44]
Query error:
UPDATE contest SET starttime=1526467844 , endtime = 1526467904 ,logindone='started' WHERE logindone='notstarted'
Error: SQLSTATE[HY000]: General error
C:\xampp\htdocs\aurora\functions.php
======================================================================
[2018-05-16 16:20:44]
Query error:
UPDATE admin SET value=1526467904 where variable='endtime' 
Error: SQLSTATE[HY000]: General error
C:\xampp\htdocs\aurora\functions.php
======================================================================
[2018-05-16 16:20:44]
Query error:
UPDATE admin SET value=1526467904 where variable='endtime' 
Error: SQLSTATE[HY000]: General error
C:\xampp\htdocs\aurora\functions.php
======================================================================
[2018-05-16 16:20:49]
Query error:
UPDATE contest SET starttime=1526467849 , endtime = 1526467909 ,logindone='started' WHERE logindone='notstarted'
Error: SQLSTATE[HY000]: General error
C:\xampp\htdocs\aurora\functions.php
======================================================================
[2018-05-16 16:20:49]
Query error:
UPDATE admin SET value=1526467904 where variable='endtime' 
Error: SQLSTATE[HY000]: General error
C:\xampp\htdocs\aurora\functions.php
======================================================================
[2018-05-16 16:20:49]
Query error:
UPDATE admin SET value=1526467904 where variable='endtime' 
Error: SQLSTATE[HY000]: General error
C:\xampp\htdocs\aurora\functions.php
======================================================================
[2018-05-16 16:22:43]
Query error:
UPDATE admin SET value=1526467904 where variable='endtime' 
Error: SQLSTATE[HY000]: General error
C:\xampp\htdocs\aurora\functions.php
======================================================================
[2018-05-16 16:22:57]
Query error:
UPDATE admin SET value= where variable='endtime' 
Error: SQLSTATE[42000]: Syntax error or access violation: 1064 You have an error in your SQL syntax; check the manual that corresponds to your MariaDB server version for the right syntax to use near 'where variable='endtime'' at line 1
C:\xampp\htdocs\aurora\functions.php
======================================================================
[2018-05-16 16:23:08]
Query error:
UPDATE contest SET starttime=1526467988 , endtime = 1526468048 ,logindone='started' WHERE logindone='notstarted'
Error: SQLSTATE[HY000]: General error
C:\xampp\htdocs\aurora\functions.php
======================================================================
[2018-05-16 16:23:09]
Query error:
UPDATE admin SET value=1526468048 where variable='endtime' 
Error: SQLSTATE[HY000]: General error
C:\xampp\htdocs\aurora\functions.php
======================================================================
[2018-05-16 16:23:09]
Query error:
UPDATE admin SET value=1526468048 where variable='endtime' 
Error: SQLSTATE[HY000]: General error
C:\xampp\htdocs\aurora\functions.php
======================================================================
[2018-05-16 16:23:14]
Query error:
UPDATE contest SET starttime=1526467994 , endtime = 1526468054 ,logindone='started' WHERE logindone='notstarted'
Error: SQLSTATE[HY000]: General error
C:\xampp\htdocs\aurora\functions.php
======================================================================
[2018-05-16 16:23:14]
Query error:
UPDATE admin SET value=1526468048 where variable='endtime' 
Error: SQLSTATE[HY000]: General error
C:\xampp\htdocs\aurora\functions.php
======================================================================
[2018-05-16 16:23:14]
Query error:
UPDATE admin SET value=1526468048 where variable='endtime' 
Error: SQLSTATE[HY000]: General error
C:\xampp\htdocs\aurora\functions.php
======================================================================
[2018-05-16 16:23:28]
Query error:
UPDATE admin SET value=1526468048 where variable='endtime' 
Error: SQLSTATE[HY000]: General error
C:\xampp\htdocs\aurora\functions.php
======================================================================
[2018-05-16 16:23:46]
Query error:
UPDATE contest SET starttime=1526468026 , endtime = 1526468086 ,logindone='started' WHERE logindone='notstarted'
Error: SQLSTATE[HY000]: General error
C:\xampp\htdocs\aurora\functions.php
======================================================================
[2018-05-16 16:23:46]
Query error:
UPDATE admin SET value=1526468048 where variable='endtime' 
Error: SQLSTATE[HY000]: General error
C:\xampp\htdocs\aurora\functions.php
======================================================================
[2018-05-16 16:23:46]
Query error:
UPDATE admin SET value=1526468048 where variable='endtime' 
Error: SQLSTATE[HY000]: General error
C:\xampp\htdocs\aurora\functions.php
======================================================================
[2018-05-16 16:23:52]
Query error:
UPDATE admin SET value=1526468048 where variable='endtime' 
Error: SQLSTATE[HY000]: General error
C:\xampp\htdocs\aurora\functions.php
======================================================================
[2018-05-16 16:23:57]
Query error:
UPDATE admin SET value=1526468048 where variable='endtime' 
Error: SQLSTATE[HY000]: General error
C:\xampp\htdocs\aurora\functions.php
======================================================================
[2018-05-16 16:24:06]
Query error:
UPDATE admin SET value=1526468048 where variable='endtime' 
Error: SQLSTATE[HY000]: General error
C:\xampp\htdocs\aurora\functions.php
======================================================================
[2018-05-16 16:24:19]
Query error:
UPDATE admin SET value=1526468048 where variable='endtime' 
Error: SQLSTATE[HY000]: General error
C:\xampp\htdocs\aurora\functions.php
======================================================================
[2018-05-16 16:24:54]
Query error:
UPDATE admin SET value=1526468048 where variable='endtime' 
Error: SQLSTATE[HY000]: General error
C:\xampp\htdocs\aurora\functions.php
======================================================================
[2018-05-16 16:24:55]
Query error:
UPDATE admin SET value=1526468048 where variable='endtime' 
Error: SQLSTATE[HY000]: General error
C:\xampp\htdocs\aurora\functions.php
======================================================================
[2018-05-16 16:25:05]
Query error:
UPDATE contest SET starttime=1526468105 , endtime = 1526468165 ,logindone='started' WHERE logindone='notstarted'
Error: SQLSTATE[HY000]: General error
C:\xampp\htdocs\aurora\functions.php
======================================================================
[2018-05-16 16:25:05]
Query error:
UPDATE admin SET value=1526468048 where variable='endtime' 
Error: SQLSTATE[HY000]: General error
C:\xampp\htdocs\aurora\functions.php
======================================================================
[2018-05-16 16:25:05]
Query error:
UPDATE admin SET value=1526468048 where variable='endtime' 
Error: SQLSTATE[HY000]: General error
C:\xampp\htdocs\aurora\functions.php
======================================================================
[2018-05-16 16:33:57]
Query error:
UPDATE admin SET value=1526468048 where variable='endtime' 
Error: SQLSTATE[HY000]: General error
C:\xampp\htdocs\aurora\functions.php
======================================================================
[2018-05-16 16:34:07]
Query error:
UPDATE admin SET value=1526468048 where variable='endtime' 
Error: SQLSTATE[HY000]: General error
C:\xampp\htdocs\aurora\functions.php
======================================================================
[2018-05-16 16:34:19]
Query error:
UPDATE admin SET value=1526468048 where variable='endtime' 
Error: SQLSTATE[HY000]: General error
C:\xampp\htdocs\aurora\functions.php
======================================================================
[2018-05-16 16:39:14]
Query error:
UPDATE admin SET value=1526468048 where variable='endtime' 
Error: SQLSTATE[HY000]: General error
C:\xampp\htdocs\aurora\functions.php
======================================================================
[2018-05-16 16:39:25]
Query error:
UPDATE contest SET starttime=1526468965 , endtime = 1526469025 ,logindone='started' WHERE logindone='notstarted'
Error: SQLSTATE[HY000]: General error
C:\xampp\htdocs\aurora\functions.php
======================================================================
[2018-05-16 16:39:25]
Query error:
UPDATE admin SET value=1526468048 where variable='endtime' 
Error: SQLSTATE[HY000]: General error
C:\xampp\htdocs\aurora\functions.php
======================================================================
[2018-05-16 16:39:25]
Query error:
UPDATE admin SET value=1526468048 where variable='endtime' 
Error: SQLSTATE[HY000]: General error
C:\xampp\htdocs\aurora\functions.php
======================================================================
[2018-05-16 16:39:32]
Query error:
UPDATE contest SET starttime=1526468972 , endtime = 1526469032 ,logindone='started' WHERE logindone='notstarted'
Error: SQLSTATE[HY000]: General error
C:\xampp\htdocs\aurora\functions.php
======================================================================
[2018-05-16 16:39:32]
Query error:
UPDATE admin SET value=1526468048 where variable='endtime' 
Error: SQLSTATE[HY000]: General error
C:\xampp\htdocs\aurora\functions.php
======================================================================
[2018-05-16 16:39:32]
Query error:
UPDATE admin SET value=1526468048 where variable='endtime' 
Error: SQLSTATE[HY000]: General error
C:\xampp\htdocs\aurora\functions.php
======================================================================
[2018-05-16 18:09:34]
Query error:
UPDATE admin SET value=1526468048 where variable='endtime' 
Error: SQLSTATE[HY000]: General error
C:\xampp\htdocs\aurora\functions.php
======================================================================
[2018-05-16 18:09:38]
Query error:
UPDATE admin SET value=1526468048 where variable='endtime' 
Error: SQLSTATE[HY000]: General error
C:\xampp\htdocs\aurora\functions.php
======================================================================
[2018-05-16 18:09:41]
Query error:
UPDATE admin SET value=1526468048 where variable='endtime' 
Error: SQLSTATE[HY000]: General error
C:\xampp\htdocs\aurora\functions.php
======================================================================
[2018-05-16 18:09:43]
Query error:
UPDATE admin SET value=1526468048 where variable='endtime' 
Error: SQLSTATE[HY000]: General error
C:\xampp\htdocs\aurora\functions.php
======================================================================
[2018-05-16 18:09:46]
Query error:
UPDATE contest SET starttime=1526474386 , endtime = 1526474446 ,logindone='started' WHERE logindone='notstarted'
Error: SQLSTATE[HY000]: General error
C:\xampp\htdocs\aurora\functions.php
======================================================================
[2018-05-16 18:09:46]
Query error:
UPDATE admin SET value=1526468048 where variable='endtime' 
Error: SQLSTATE[HY000]: General error
C:\xampp\htdocs\aurora\functions.php
======================================================================
[2018-05-16 18:09:46]
Query error:
UPDATE admin SET value=1526468048 where variable='endtime' 
Error: SQLSTATE[HY000]: General error
C:\xampp\htdocs\aurora\functions.php
======================================================================
[2018-05-16 18:10:18]
Query error:
UPDATE admin SET value= where variable='endtime' 
Error: SQLSTATE[42000]: Syntax error or access violation: 1064 You have an error in your SQL syntax; check the manual that corresponds to your MariaDB server version for the right syntax to use near 'where variable='endtime'' at line 1
C:\xampp\htdocs\aurora\functions.php
======================================================================
[2018-05-16 18:10:26]
Query error:
UPDATE contest SET starttime=1526474425 , endtime = 1526474485 ,logindone='started' WHERE logindone='notstarted'
Error: SQLSTATE[HY000]: General error
C:\xampp\htdocs\aurora\functions.php
======================================================================
[2018-05-16 18:10:26]
Query error:
UPDATE admin SET value=1526474485 where variable='endtime' 
Error: SQLSTATE[HY000]: General error
C:\xampp\htdocs\aurora\functions.php
======================================================================
[2018-05-16 18:10:26]
Query error:
UPDATE admin SET value=1526474485 where variable='endtime' 
Error: SQLSTATE[HY000]: General error
C:\xampp\htdocs\aurora\functions.php
======================================================================
[2018-05-16 18:10:31]
Query error:
UPDATE contest SET starttime=1526474431 , endtime = 1526474491 ,logindone='started' WHERE logindone='notstarted'
Error: SQLSTATE[HY000]: General error
C:\xampp\htdocs\aurora\functions.php
======================================================================
[2018-05-16 18:10:31]
Query error:
UPDATE admin SET value=1526474485 where variable='endtime' 
Error: SQLSTATE[HY000]: General error
C:\xampp\htdocs\aurora\functions.php
======================================================================
[2018-05-16 18:10:31]
Query error:
UPDATE admin SET value=1526474485 where variable='endtime' 
Error: SQLSTATE[HY000]: General error
C:\xampp\htdocs\aurora\functions.php
======================================================================
[2018-05-16 18:33:33]
Query error:
UPDATE admin SET value=1526474485 where variable='endtime' 
Error: SQLSTATE[HY000]: General error
C:\xampp\htdocs\aurora\functions.php
======================================================================
[2018-05-16 18:33:37]
Query error:
UPDATE admin SET value=1526474485 where variable='endtime' 
Error: SQLSTATE[HY000]: General error
C:\xampp\htdocs\aurora\functions.php
======================================================================
[2018-05-16 18:33:45]
Query error:
UPDATE admin SET value=1526474485 where variable='endtime' 
Error: SQLSTATE[HY000]: General error
C:\xampp\htdocs\aurora\functions.php
======================================================================
[2018-05-16 18:33:46]
Query error:
UPDATE admin SET value=1526474485 where variable='endtime' 
Error: SQLSTATE[HY000]: General error
C:\xampp\htdocs\aurora\functions.php
======================================================================
[2018-05-16 18:33:55]
Query error:
UPDATE admin SET value=1526474485 where variable='endtime' 
Error: SQLSTATE[HY000]: General error
C:\xampp\htdocs\aurora\functions.php
======================================================================
[2018-05-16 18:34:05]
Query error:
UPDATE admin SET value=1526474485 where variable='endtime' 
Error: SQLSTATE[HY000]: General error
C:\xampp\htdocs\aurora\functions.php
======================================================================
[2018-05-16 18:40:13]
Query error:
UPDATE contest SET starttime=1526476213 , endtime = 1526476273 ,logindone='started' WHERE logindone='notstarted'
Error: SQLSTATE[HY000]: General error
C:\xampp\htdocs\aurora\functions.php
======================================================================
[2018-05-16 18:40:13]
Query error:
UPDATE admin SET value=1526476273 where variable='endtime' 
Error: SQLSTATE[HY000]: General error
C:\xampp\htdocs\aurora\functions.php
======================================================================
[2018-05-16 18:40:13]
Query error:
UPDATE admin SET value=1526476273 where variable='endtime' 
Error: SQLSTATE[HY000]: General error
C:\xampp\htdocs\aurora\functions.php
======================================================================
[2018-05-16 18:40:21]
Query error:
UPDATE contest SET starttime=1526476221 , endtime = 1526476281 ,logindone='started' WHERE logindone='notstarted'
Error: SQLSTATE[HY000]: General error
C:\xampp\htdocs\aurora\functions.php
======================================================================
[2018-05-16 18:40:21]
Query error:
UPDATE admin SET value=1526476273 where variable='endtime' 
Error: SQLSTATE[HY000]: General error
C:\xampp\htdocs\aurora\functions.php
======================================================================
[2018-05-16 18:40:21]
Query error:
UPDATE admin SET value=1526476273 where variable='endtime' 
Error: SQLSTATE[HY000]: General error
C:\xampp\htdocs\aurora\functions.php
======================================================================
[2018-05-16 18:41:35]
Query error:
UPDATE contest SET starttime=1526476295 , endtime = 1526476355 ,logindone='started' WHERE logindone='notstarted'
Error: SQLSTATE[HY000]: General error
C:\xampp\htdocs\aurora\functions.php
======================================================================
[2018-05-16 18:41:35]
Query error:
UPDATE admin SET value=1526476273 where variable='endtime' 
Error: SQLSTATE[HY000]: General error
C:\xampp\htdocs\aurora\functions.php
======================================================================
[2018-05-16 18:41:35]
Query error:
UPDATE admin SET value=1526476273 where variable='endtime' 
Error: SQLSTATE[HY000]: General error
C:\xampp\htdocs\aurora\functions.php
======================================================================
[2018-05-16 18:41:39]
Query error:
UPDATE admin SET value=1526476273 where variable='endtime' 
Error: SQLSTATE[HY000]: General error
C:\xampp\htdocs\aurora\functions.php
======================================================================
[2018-05-16 18:41:46]
Query error:
UPDATE admin SET value=1526476273 where variable='endtime' 
Error: SQLSTATE[HY000]: General error
C:\xampp\htdocs\aurora\functions.php
======================================================================
[2018-05-16 18:42:07]
Query error:
UPDATE contest SET starttime=1526476327 , endtime = 1526476387 ,logindone='started' WHERE logindone='notstarted'
Error: SQLSTATE[HY000]: General error
C:\xampp\htdocs\aurora\functions.php
======================================================================
[2018-05-16 18:42:07]
Query error:
UPDATE admin SET value=1526476387 where variable='endtime' 
Error: SQLSTATE[HY000]: General error
C:\xampp\htdocs\aurora\functions.php
======================================================================
[2018-05-16 18:42:07]
Query error:
UPDATE admin SET value=1526476387 where variable='endtime' 
Error: SQLSTATE[HY000]: General error
C:\xampp\htdocs\aurora\functions.php
======================================================================
[2018-05-16 18:42:12]
Query error:
UPDATE contest SET starttime=1526476332 , endtime = 1526476392 ,logindone='started' WHERE logindone='notstarted'
Error: SQLSTATE[HY000]: General error
C:\xampp\htdocs\aurora\functions.php
======================================================================
[2018-05-16 18:42:12]
Query error:
UPDATE admin SET value=1526476387 where variable='endtime' 
Error: SQLSTATE[HY000]: General error
C:\xampp\htdocs\aurora\functions.php
======================================================================
[2018-05-16 18:42:12]
Query error:
UPDATE admin SET value=1526476387 where variable='endtime' 
Error: SQLSTATE[HY000]: General error
C:\xampp\htdocs\aurora\functions.php
======================================================================
[2018-05-16 18:44:26]
Query error:
UPDATE admin SET value=1526476387 where variable='endtime' 
Error: SQLSTATE[HY000]: General error
C:\xampp\htdocs\aurora\functions.php
======================================================================
[2018-05-16 18:44:40]
Query error:
UPDATE contest SET starttime=1526476480 , endtime = 1526476540 ,logindone='started' WHERE logindone='notstarted'
Error: SQLSTATE[HY000]: General error
C:\xampp\htdocs\aurora\functions.php
======================================================================
[2018-05-16 18:44:40]
Query error:
UPDATE admin SET value=1526476540 where variable='endtime' 
Error: SQLSTATE[HY000]: General error
C:\xampp\htdocs\aurora\functions.php
======================================================================
[2018-05-16 18:44:40]
Query error:
UPDATE admin SET value=1526476540 where variable='endtime' 
Error: SQLSTATE[HY000]: General error
C:\xampp\htdocs\aurora\functions.php
======================================================================
[2018-05-16 18:44:45]
Query error:
UPDATE contest SET starttime=1526476485 , endtime = 1526476545 ,logindone='started' WHERE logindone='notstarted'
Error: SQLSTATE[HY000]: General error
C:\xampp\htdocs\aurora\functions.php
======================================================================
[2018-05-16 18:44:45]
Query error:
UPDATE admin SET value=1526476540 where variable='endtime' 
Error: SQLSTATE[HY000]: General error
C:\xampp\htdocs\aurora\functions.php
======================================================================
[2018-05-16 18:44:45]
Query error:
UPDATE admin SET value=1526476540 where variable='endtime' 
Error: SQLSTATE[HY000]: General error
C:\xampp\htdocs\aurora\functions.php
======================================================================
[2018-05-16 18:45:06]
Query error:
UPDATE admin SET value=1526476540 where variable='endtime' 
Error: SQLSTATE[HY000]: General error
C:\xampp\htdocs\aurora\functions.php
======================================================================
[2018-05-16 18:45:08]
Query error:
UPDATE contest SET starttime=1526476508 , endtime = 1526476568 ,logindone='started' WHERE logindone='notstarted'
Error: SQLSTATE[HY000]: General error
C:\xampp\htdocs\aurora\functions.php
======================================================================
[2018-05-16 18:45:08]
Query error:
UPDATE admin SET value=1526476540 where variable='endtime' 
Error: SQLSTATE[HY000]: General error
C:\xampp\htdocs\aurora\functions.php
======================================================================
[2018-05-16 18:45:08]
Query error:
UPDATE admin SET value=1526476540 where variable='endtime' 
Error: SQLSTATE[HY000]: General error
C:\xampp\htdocs\aurora\functions.php
======================================================================
[2018-05-16 18:46:24]
Query error:
UPDATE admin SET value=1526476540 where variable='endtime' 
Error: SQLSTATE[HY000]: General error
C:\xampp\htdocs\aurora\functions.php
======================================================================
[2018-05-16 18:46:27]
Query error:
UPDATE admin SET value=1526476540 where variable='endtime' 
Error: SQLSTATE[HY000]: General error
C:\xampp\htdocs\aurora\functions.php
======================================================================
[2018-05-16 18:46:34]
Query error:
UPDATE admin SET value=1526476540 where variable='endtime' 
Error: SQLSTATE[HY000]: General error
C:\xampp\htdocs\aurora\functions.php
======================================================================
[2018-05-16 18:46:37]
Query error:
UPDATE admin SET value=1526476540 where variable='endtime' 
Error: SQLSTATE[HY000]: General error
C:\xampp\htdocs\aurora\functions.php
======================================================================
[2018-05-16 18:46:40]
Query error:
UPDATE admin SET value=1526476540 where variable='endtime' 
Error: SQLSTATE[HY000]: General error
C:\xampp\htdocs\aurora\functions.php
======================================================================
[2018-05-16 18:46:45]
Query error:
UPDATE admin SET value=1526476540 where variable='endtime' 
Error: SQLSTATE[HY000]: General error
C:\xampp\htdocs\aurora\functions.php
======================================================================
[2018-05-16 18:46:47]
Query error:
UPDATE admin SET value=1526476540 where variable='endtime' 
Error: SQLSTATE[HY000]: General error
C:\xampp\htdocs\aurora\functions.php
======================================================================
[2018-05-16 18:47:17]
Query error:
UPDATE contest SET starttime=1526476637 , endtime = 1526476697 ,logindone='started' WHERE logindone='notstarted'
Error: SQLSTATE[HY000]: General error
C:\xampp\htdocs\aurora\functions.php
======================================================================
[2018-05-16 18:47:17]
Query error:
UPDATE admin SET value=1526476697 where variable='endtime' 
Error: SQLSTATE[HY000]: General error
C:\xampp\htdocs\aurora\functions.php
======================================================================
[2018-05-16 18:47:17]
Query error:
UPDATE admin SET value=1526476697 where variable='endtime' 
Error: SQLSTATE[HY000]: General error
C:\xampp\htdocs\aurora\functions.php
======================================================================
[2018-05-16 18:47:22]
Query error:
UPDATE contest SET starttime=1526476642 , endtime = 1526476702 ,logindone='started' WHERE logindone='notstarted'
Error: SQLSTATE[HY000]: General error
C:\xampp\htdocs\aurora\functions.php
======================================================================
[2018-05-16 18:47:22]
Query error:
UPDATE admin SET value=1526476697 where variable='endtime' 
Error: SQLSTATE[HY000]: General error
C:\xampp\htdocs\aurora\functions.php
======================================================================
[2018-05-16 18:47:22]
Query error:
UPDATE admin SET value=1526476697 where variable='endtime' 
Error: SQLSTATE[HY000]: General error
C:\xampp\htdocs\aurora\functions.php
======================================================================
[2018-05-16 18:48:23]
Query error:
UPDATE contest SET starttime=1526476703 , endtime = 1526476763 ,logindone='started' WHERE logindone='notstarted'
Error: SQLSTATE[HY000]: General error
C:\xampp\htdocs\aurora\functions.php
======================================================================
[2018-05-16 18:48:23]
Query error:
UPDATE admin SET value=1526476697 where variable='endtime' 
Error: SQLSTATE[HY000]: General error
C:\xampp\htdocs\aurora\functions.php
======================================================================
[2018-05-16 18:48:23]
Query error:
UPDATE admin SET value=1526476697 where variable='endtime' 
Error: SQLSTATE[HY000]: General error
C:\xampp\htdocs\aurora\functions.php
======================================================================
[2018-05-16 18:50:09]
Query error:
UPDATE admin SET value=1526476697 where variable='endtime' 
Error: SQLSTATE[HY000]: General error
C:\xampp\htdocs\aurora\functions.php
======================================================================
[2018-05-16 18:50:10]
Query error:
UPDATE admin SET value=1526476697 where variable='endtime' 
Error: SQLSTATE[HY000]: General error
C:\xampp\htdocs\aurora\functions.php
======================================================================
[2018-05-16 18:51:03]
Query error:
UPDATE admin SET value=1526476697 where variable='endtime' 
Error: SQLSTATE[HY000]: General error
C:\xampp\htdocs\aurora\functions.php
======================================================================
[2018-05-16 18:51:20]
Query error:
UPDATE contest SET starttime=1526476880 , endtime = 1526476940 ,logindone='started' WHERE logindone='notstarted'
Error: SQLSTATE[HY000]: General error
C:\xampp\htdocs\aurora\functions.php
======================================================================
[2018-05-16 18:51:20]
Query error:
UPDATE admin SET value=1526476940 where variable='endtime' 
Error: SQLSTATE[HY000]: General error
C:\xampp\htdocs\aurora\functions.php
======================================================================
[2018-05-16 18:51:20]
Query error:
UPDATE admin SET value=1526476940 where variable='endtime' 
Error: SQLSTATE[HY000]: General error
C:\xampp\htdocs\aurora\functions.php
======================================================================
[2018-05-16 18:51:26]
Query error:
UPDATE contest SET starttime=1526476886 , endtime = 1526476946 ,logindone='started' WHERE logindone='notstarted'
Error: SQLSTATE[HY000]: General error
C:\xampp\htdocs\aurora\functions.php
======================================================================
[2018-05-16 18:51:26]
Query error:
UPDATE admin SET value=1526476940 where variable='endtime' 
Error: SQLSTATE[HY000]: General error
C:\xampp\htdocs\aurora\functions.php
======================================================================
[2018-05-16 18:51:26]
Query error:
UPDATE admin SET value=1526476940 where variable='endtime' 
Error: SQLSTATE[HY000]: General error
C:\xampp\htdocs\aurora\functions.php
======================================================================
[2018-05-16 18:52:29]
Query error:
UPDATE contest SET starttime=1526476949 , endtime = 1526477009 ,logindone='started' WHERE logindone='notstarted'
Error: SQLSTATE[HY000]: General error
C:\xampp\htdocs\aurora\functions.php
======================================================================
[2018-05-16 18:52:29]
Query error:
UPDATE admin SET value=1526476940 where variable='endtime' 
Error: SQLSTATE[HY000]: General error
C:\xampp\htdocs\aurora\functions.php
======================================================================
[2018-05-16 18:52:29]
Query error:
UPDATE admin SET value=1526476940 where variable='endtime' 
Error: SQLSTATE[HY000]: General error
C:\xampp\htdocs\aurora\functions.php
======================================================================
[2018-05-16 18:52:37]
Query error:
UPDATE admin SET value=1526476940 where variable='endtime' 
Error: SQLSTATE[HY000]: General error
C:\xampp\htdocs\aurora\functions.php
======================================================================
[2018-05-16 18:53:32]
Query error:
UPDATE admin SET value= where variable='endtime' 
Error: SQLSTATE[42000]: Syntax error or access violation: 1064 You have an error in your SQL syntax; check the manual that corresponds to your MariaDB server version for the right syntax to use near 'where variable='endtime'' at line 1
C:\xampp\htdocs\aurora\functions.php
======================================================================
[2018-05-16 18:53:39]
Query error:
UPDATE contest SET starttime=1526477019 , endtime = 1526477079 ,logindone='started' WHERE logindone='notstarted'
Error: SQLSTATE[HY000]: General error
C:\xampp\htdocs\aurora\functions.php
======================================================================
[2018-05-16 18:53:39]
Query error:
UPDATE admin SET value=1526477079 where variable='endtime' 
Error: SQLSTATE[HY000]: General error
C:\xampp\htdocs\aurora\functions.php
======================================================================
[2018-05-16 18:53:39]
Query error:
UPDATE admin SET value=1526477079 where variable='endtime' 
Error: SQLSTATE[HY000]: General error
C:\xampp\htdocs\aurora\functions.php
======================================================================
[2018-05-16 18:53:46]
Query error:
UPDATE contest SET starttime=1526477026 , endtime = 1526477086 ,logindone='started' WHERE logindone='notstarted'
Error: SQLSTATE[HY000]: General error
C:\xampp\htdocs\aurora\functions.php
======================================================================
[2018-05-16 18:53:46]
Query error:
UPDATE admin SET value=1526477079 where variable='endtime' 
Error: SQLSTATE[HY000]: General error
C:\xampp\htdocs\aurora\functions.php
======================================================================
[2018-05-16 18:53:46]
Query error:
UPDATE admin SET value=1526477079 where variable='endtime' 
Error: SQLSTATE[HY000]: General error
C:\xampp\htdocs\aurora\functions.php
======================================================================
[2018-05-16 18:54:41]
Query error:
UPDATE contest SET starttime=1526477081 , endtime = 1526477141 ,logindone='started' WHERE logindone='notstarted'
Error: SQLSTATE[HY000]: General error
C:\xampp\htdocs\aurora\functions.php
======================================================================
[2018-05-16 18:54:41]
Query error:
UPDATE admin SET value=1526477079 where variable='endtime' 
Error: SQLSTATE[HY000]: General error
C:\xampp\htdocs\aurora\functions.php
======================================================================
[2018-05-16 18:54:41]
Query error:
UPDATE admin SET value=1526477079 where variable='endtime' 
Error: SQLSTATE[HY000]: General error
C:\xampp\htdocs\aurora\functions.php
======================================================================
[2018-05-16 18:55:36]
Query error:
UPDATE admin SET value= where variable='endtime' 
Error: SQLSTATE[42000]: Syntax error or access violation: 1064 You have an error in your SQL syntax; check the manual that corresponds to your MariaDB server version for the right syntax to use near 'where variable='endtime'' at line 1
C:\xampp\htdocs\aurora\functions.php
======================================================================
[2018-05-16 18:55:40]
Query error:
UPDATE admin SET value= where variable='endtime' 
Error: SQLSTATE[42000]: Syntax error or access violation: 1064 You have an error in your SQL syntax; check the manual that corresponds to your MariaDB server version for the right syntax to use near 'where variable='endtime'' at line 1
C:\xampp\htdocs\aurora\functions.php
======================================================================
[2018-05-16 18:55:57]
Query error:
UPDATE contest SET starttime=1526477157 , endtime = 1526477217 ,logindone='started' WHERE logindone='notstarted'
Error: SQLSTATE[HY000]: General error
C:\xampp\htdocs\aurora\functions.php
======================================================================
[2018-05-16 18:55:57]
Query error:
UPDATE admin SET value=1526477217 where variable='endtime' 
Error: SQLSTATE[HY000]: General error
C:\xampp\htdocs\aurora\functions.php
======================================================================
[2018-05-16 18:55:57]
Query error:
UPDATE admin SET value=1526477217 where variable='endtime' 
Error: SQLSTATE[HY000]: General error
C:\xampp\htdocs\aurora\functions.php
======================================================================
[2018-05-16 18:56:36]
Query error:
UPDATE contest SET starttime=1526477196 , endtime = 1526477256 ,logindone='started' WHERE logindone='notstarted'
Error: SQLSTATE[HY000]: General error
C:\xampp\htdocs\aurora\functions.php
======================================================================
[2018-05-16 18:56:36]
Query error:
UPDATE admin SET value=1526477217 where variable='endtime' 
Error: SQLSTATE[HY000]: General error
C:\xampp\htdocs\aurora\functions.php
======================================================================
[2018-05-16 18:56:36]
Query error:
UPDATE admin SET value=1526477217 where variable='endtime' 
Error: SQLSTATE[HY000]: General error
C:\xampp\htdocs\aurora\functions.php
======================================================================
[2018-05-17 11:08:50]
Query error:
UPDATE admin SET value=1526477217 where variable='endtime' 
Error: SQLSTATE[HY000]: General error
C:\xampp\htdocs\aurora\functions.php
======================================================================
[2018-05-17 11:08:51]
Query error:
UPDATE admin SET value=1526477217 where variable='endtime' 
Error: SQLSTATE[HY000]: General error
C:\xampp\htdocs\aurora\functions.php
======================================================================
[2018-05-17 11:09:41]
Query error:
UPDATE contest SET starttime=1526535581 , endtime = 1526535641 ,logindone='started' WHERE logindone='notstarted'
Error: SQLSTATE[HY000]: General error
C:\xampp\htdocs\aurora\functions.php
======================================================================
[2018-05-17 11:09:42]
Query error:
UPDATE admin SET value=1526535641 where variable='endtime' 
Error: SQLSTATE[HY000]: General error
C:\xampp\htdocs\aurora\functions.php
======================================================================
[2018-05-17 11:09:42]
Query error:
UPDATE admin SET value=1526535641 where variable='endtime' 
Error: SQLSTATE[HY000]: General error
C:\xampp\htdocs\aurora\functions.php
======================================================================
[2018-05-17 11:09:48]
Query error:
UPDATE contest SET starttime=1526535588 , endtime = 1526535648 ,logindone='started' WHERE logindone='notstarted'
Error: SQLSTATE[HY000]: General error
C:\xampp\htdocs\aurora\functions.php
======================================================================
[2018-05-17 11:09:48]
Query error:
UPDATE admin SET value=1526535641 where variable='endtime' 
Error: SQLSTATE[HY000]: General error
C:\xampp\htdocs\aurora\functions.php
======================================================================
[2018-05-17 11:09:48]
Query error:
UPDATE admin SET value=1526535641 where variable='endtime' 
Error: SQLSTATE[HY000]: General error
C:\xampp\htdocs\aurora\functions.php
======================================================================
[2018-05-17 11:18:52]
Query error:
UPDATE admin SET value=1526535641 where variable='endtime' 
Error: SQLSTATE[HY000]: General error
C:\xampp\htdocs\aurora\functions.php
======================================================================
[2018-05-17 11:18:53]
Query error:
UPDATE admin SET value=1526535641 where variable='endtime' 
Error: SQLSTATE[HY000]: General error
C:\xampp\htdocs\aurora\functions.php
======================================================================
[2018-05-17 11:19:02]
Query error:
UPDATE admin SET value=1526535641 where variable='endtime' 
Error: SQLSTATE[HY000]: General error
C:\xampp\htdocs\aurora\functions.php
======================================================================
[2018-05-17 11:19:03]
Query error:
UPDATE admin SET value=1526535641 where variable='endtime' 
Error: SQLSTATE[HY000]: General error
C:\xampp\htdocs\aurora\functions.php
======================================================================
[2018-05-17 11:19:35]
Query error:
UPDATE admin SET value=1526535641 where variable='endtime' 
Error: SQLSTATE[HY000]: General error
C:\xampp\htdocs\aurora\functions.php
======================================================================
[2018-05-17 11:19:37]
Query error:
UPDATE admin SET value=1526535641 where variable='endtime' 
Error: SQLSTATE[HY000]: General error
C:\xampp\htdocs\aurora\functions.php
======================================================================
[2018-05-17 11:19:42]
Query error:
UPDATE admin SET value=1526535641 where variable='endtime' 
Error: SQLSTATE[HY000]: General error
C:\xampp\htdocs\aurora\functions.php
======================================================================
[2018-05-17 11:19:54]
Query error:
UPDATE admin SET value=1526535641 where variable='endtime' 
Error: SQLSTATE[HY000]: General error
C:\xampp\htdocs\aurora\functions.php
======================================================================
[2018-05-17 11:19:58]
Query error:
UPDATE admin SET value=1526535641 where variable='endtime' 
Error: SQLSTATE[HY000]: General error
C:\xampp\htdocs\aurora\functions.php
======================================================================
[2018-05-17 11:20:11]
Query error:
UPDATE admin SET value=1526535641 where variable='endtime' 
Error: SQLSTATE[HY000]: General error
C:\xampp\htdocs\aurora\functions.php
======================================================================
[2018-05-17 11:20:17]
Query error:
UPDATE admin SET value=1526535641 where variable='endtime' 
Error: SQLSTATE[HY000]: General error
C:\xampp\htdocs\aurora\functions.php
======================================================================
[2018-05-17 11:20:20]
Query error:
UPDATE admin SET value=1526535641 where variable='endtime' 
Error: SQLSTATE[HY000]: General error
C:\xampp\htdocs\aurora\functions.php
======================================================================
[2018-05-17 11:20:25]
Query error:
UPDATE admin SET value=1526535641 where variable='endtime' 
Error: SQLSTATE[HY000]: General error
C:\xampp\htdocs\aurora\functions.php
======================================================================
[2018-05-17 11:20:30]
Query error:
UPDATE admin SET value=1526535641 where variable='endtime' 
Error: SQLSTATE[HY000]: General error
C:\xampp\htdocs\aurora\functions.php
======================================================================
[2018-05-17 11:20:33]
Query error:
UPDATE admin SET value=1526535641 where variable='endtime' 
Error: SQLSTATE[HY000]: General error
C:\xampp\htdocs\aurora\functions.php
======================================================================
[2018-05-17 11:20:39]
Query error:
UPDATE admin SET value=1526535641 where variable='endtime' 
Error: SQLSTATE[HY000]: General error
C:\xampp\htdocs\aurora\functions.php
======================================================================
[2018-05-17 11:20:42]
Query error:
UPDATE admin SET value=1526535641 where variable='endtime' 
Error: SQLSTATE[HY000]: General error
C:\xampp\htdocs\aurora\functions.php
======================================================================
[2018-05-17 11:20:51]
Query error:
UPDATE contest SET starttime=1526536251 , endtime = 1526536311 ,logindone='started' WHERE logindone='notstarted'
Error: SQLSTATE[HY000]: General error
C:\xampp\htdocs\aurora\functions.php
======================================================================
[2018-05-17 11:20:51]
Query error:
UPDATE admin SET value=1526535641 where variable='endtime' 
Error: SQLSTATE[HY000]: General error
C:\xampp\htdocs\aurora\functions.php
======================================================================
[2018-05-17 11:20:51]
Query error:
UPDATE admin SET value=1526535641 where variable='endtime' 
Error: SQLSTATE[HY000]: General error
C:\xampp\htdocs\aurora\functions.php
======================================================================
[2018-05-17 11:21:10]
Query error:
UPDATE admin SET value=1526535641 where variable='endtime' 
Error: SQLSTATE[HY000]: General error
C:\xampp\htdocs\aurora\functions.php
======================================================================
[2018-05-17 11:42:40]
Query error:
UPDATE admin SET value=1526535641 where variable='endtime' 
Error: SQLSTATE[HY000]: General error
C:\xampp\htdocs\aurora\functions.php
======================================================================
[2018-05-17 12:11:19]
Query error:
UPDATE contest SET starttime=1526539279 , endtime = 1526539339 ,logindone='started' WHERE logindone='notstarted'
Error: SQLSTATE[HY000]: General error
C:\xampp\htdocs\aurora\functions.php
======================================================================
[2018-05-17 12:11:19]
Query error:
UPDATE admin SET value=1526539339 where variable='endtime' 
Error: SQLSTATE[HY000]: General error
C:\xampp\htdocs\aurora\functions.php
======================================================================
[2018-05-17 12:11:31]
Query error:
UPDATE contest SET starttime=1526539291 , endtime = 1526539351 ,logindone='started' WHERE logindone='notstarted'
Error: SQLSTATE[HY000]: General error
C:\xampp\htdocs\aurora\functions.php
======================================================================
[2018-05-17 12:11:31]
Query error:
UPDATE admin SET value=1526539339 where variable='endtime' 
Error: SQLSTATE[HY000]: General error
C:\xampp\htdocs\aurora\functions.php
======================================================================
[2018-05-17 12:12:06]
Query error:
UPDATE contest SET starttime=1526539326 , endtime = 1526539386 ,logindone='started' WHERE logindone='notstarted'
Error: SQLSTATE[HY000]: General error
C:\xampp\htdocs\aurora\functions.php
======================================================================
[2018-05-17 12:12:06]
Query error:
UPDATE admin SET value=1526539339 where variable='endtime' 
Error: SQLSTATE[HY000]: General error
C:\xampp\htdocs\aurora\functions.php
======================================================================
[2018-05-17 12:12:11]
Query error:
UPDATE contest SET starttime=1526539331 , endtime = 1526539391 ,logindone='started' WHERE logindone='notstarted'
Error: SQLSTATE[HY000]: General error
C:\xampp\htdocs\aurora\functions.php
======================================================================
[2018-05-17 12:12:11]
Query error:
UPDATE admin SET value=1526539339 where variable='endtime' 
Error: SQLSTATE[HY000]: General error
C:\xampp\htdocs\aurora\functions.php
======================================================================
[2018-05-17 12:26:07]
Query error:
UPDATE admin SET value=1526539339 where variable='endtime' 
Error: SQLSTATE[HY000]: General error
C:\xampp\htdocs\aurora\functions.php
======================================================================
[2018-05-17 12:26:26]
Query error:
UPDATE contest SET starttime=1526540186 , endtime = 1526540246 ,logindone='started' WHERE logindone='notstarted'
Error: SQLSTATE[HY000]: General error
C:\xampp\htdocs\aurora\functions.php
======================================================================
[2018-05-17 12:26:26]
Query error:
UPDATE admin SET value=1526540246 where variable='endtime' 
Error: SQLSTATE[HY000]: General error
C:\xampp\htdocs\aurora\functions.php
======================================================================
[2018-05-17 12:43:10]
Query error:
UPDATE admin SET value=1526540246 where variable='endtime' 
Error: SQLSTATE[HY000]: General error
C:\xampp\htdocs\aurora\functions.php
======================================================================
[2018-05-17 12:43:32]
Query error:
UPDATE contest SET starttime=1526541212 , endtime = 1526541272 ,logindone='started' WHERE logindone='notstarted'
Error: SQLSTATE[HY000]: General error
C:\xampp\htdocs\aurora\functions.php
======================================================================
[2018-05-17 12:43:32]
Query error:
UPDATE admin SET value=1526541272 where variable='endtime' 
Error: SQLSTATE[HY000]: General error
C:\xampp\htdocs\aurora\functions.php
======================================================================
[2018-05-17 12:43:32]
Query error:
UPDATE admin SET value=1526541272 where variable='endtime' 
Error: SQLSTATE[HY000]: General error
C:\xampp\htdocs\aurora\functions.php
======================================================================
[2018-05-17 12:43:38]
Query error:
UPDATE contest SET starttime=1526541218 , endtime = 1526541278 ,logindone='started' WHERE logindone='notstarted'
Error: SQLSTATE[HY000]: General error
C:\xampp\htdocs\aurora\functions.php
======================================================================
[2018-05-17 12:43:38]
Query error:
UPDATE admin SET value=1526541272 where variable='endtime' 
Error: SQLSTATE[HY000]: General error
C:\xampp\htdocs\aurora\functions.php
======================================================================
[2018-05-17 12:43:39]
Query error:
UPDATE admin SET value=1526541272 where variable='endtime' 
Error: SQLSTATE[HY000]: General error
C:\xampp\htdocs\aurora\functions.php
======================================================================
[2018-05-17 12:53:30]
Query error:
UPDATE contest SET starttime=1526541810 , endtime = 1526541870 ,logindone='started' WHERE logindone='notstarted'
Error: SQLSTATE[HY000]: General error
C:\xampp\htdocs\aurora\functions.php
======================================================================
[2018-05-17 12:53:30]
Query error:
UPDATE admin SET value=1526541272 where variable='endtime' 
Error: SQLSTATE[HY000]: General error
C:\xampp\htdocs\aurora\functions.php
======================================================================
[2018-05-17 12:53:30]
Query error:
UPDATE admin SET value=1526541272 where variable='endtime' 
Error: SQLSTATE[HY000]: General error
C:\xampp\htdocs\aurora\functions.php
======================================================================
[2018-05-17 12:53:34]
Query error:
UPDATE admin SET value=1526541272 where variable='endtime' 
Error: SQLSTATE[HY000]: General error
C:\xampp\htdocs\aurora\functions.php
======================================================================
[2018-05-17 13:05:20]
Query error:
UPDATE admin SET value=1526541272 where variable='endtime' 
Error: SQLSTATE[HY000]: General error
C:\xampp\htdocs\aurora\functions.php
======================================================================
[2018-05-17 13:05:54]
Query error:
UPDATE admin SET value=1526541272 where variable='endtime' 
Error: SQLSTATE[HY000]: General error
C:\xampp\htdocs\aurora\functions.php
======================================================================
[2018-05-17 13:06:20]
Query error:
UPDATE contest SET starttime=1526542580 , endtime = 1526542640 ,logindone='started' WHERE logindone='notstarted'
Error: SQLSTATE[HY000]: General error
C:\xampp\htdocs\aurora\functions.php
======================================================================
[2018-05-17 13:06:20]
Query error:
UPDATE admin SET value=1526542640 where variable='endtime' 
Error: SQLSTATE[HY000]: General error
C:\xampp\htdocs\aurora\functions.php
======================================================================
[2018-05-17 13:06:20]
Query error:
UPDATE admin SET value=1526542640 where variable='endtime' 
Error: SQLSTATE[HY000]: General error
C:\xampp\htdocs\aurora\functions.php
======================================================================
[2018-05-17 13:06:27]
Query error:
UPDATE contest SET starttime=1526542587 , endtime = 1526542647 ,logindone='started' WHERE logindone='notstarted'
Error: SQLSTATE[HY000]: General error
C:\xampp\htdocs\aurora\functions.php
======================================================================
[2018-05-17 13:06:27]
Query error:
UPDATE admin SET value=1526542640 where variable='endtime' 
Error: SQLSTATE[HY000]: General error
C:\xampp\htdocs\aurora\functions.php
======================================================================
[2018-05-17 13:06:27]
Query error:
UPDATE admin SET value=1526542640 where variable='endtime' 
Error: SQLSTATE[HY000]: General error
C:\xampp\htdocs\aurora\functions.php
======================================================================
[2018-05-17 13:07:30]
Query error:
UPDATE contest SET starttime=1526542650 , endtime = 1526542710 ,logindone='started' WHERE logindone='notstarted'
Error: SQLSTATE[HY000]: General error
C:\xampp\htdocs\aurora\functions.php
======================================================================
[2018-05-17 13:07:30]
Query error:
UPDATE admin SET value=1526542640 where variable='endtime' 
Error: SQLSTATE[HY000]: General error
C:\xampp\htdocs\aurora\functions.php
======================================================================
[2018-05-17 13:07:31]
Query error:
UPDATE admin SET value=1526542640 where variable='endtime' 
Error: SQLSTATE[HY000]: General error
C:\xampp\htdocs\aurora\functions.php
======================================================================
[2018-05-17 13:08:35]
Query error:
UPDATE contest SET starttime=1526542715 , endtime = 1526542775 ,logindone='started' WHERE logindone='notstarted'
Error: SQLSTATE[HY000]: General error
C:\xampp\htdocs\aurora\functions.php
======================================================================
[2018-05-17 13:08:35]
Query error:
UPDATE admin SET value=1526542640 where variable='endtime' 
Error: SQLSTATE[HY000]: General error
C:\xampp\htdocs\aurora\functions.php
======================================================================
[2018-05-17 13:08:35]
Query error:
UPDATE admin SET value=1526542640 where variable='endtime' 
Error: SQLSTATE[HY000]: General error
C:\xampp\htdocs\aurora\functions.php
======================================================================
[2018-05-17 13:09:39]
Query error:
UPDATE contest SET starttime=1526542779 , endtime = 1526542839 ,logindone='started' WHERE logindone='notstarted'
Error: SQLSTATE[HY000]: General error
C:\xampp\htdocs\aurora\functions.php
======================================================================
[2018-05-17 13:09:39]
Query error:
UPDATE admin SET value=1526542640 where variable='endtime' 
Error: SQLSTATE[HY000]: General error
C:\xampp\htdocs\aurora\functions.php
======================================================================
[2018-05-17 13:09:39]
Query error:
UPDATE admin SET value=1526542640 where variable='endtime' 
Error: SQLSTATE[HY000]: General error
C:\xampp\htdocs\aurora\functions.php
======================================================================
[2018-05-17 13:09:59]
Query error:
UPDATE admin SET value= where variable='endtime' 
Error: SQLSTATE[42000]: Syntax error or access violation: 1064 You have an error in your SQL syntax; check the manual that corresponds to your MariaDB server version for the right syntax to use near 'where variable='endtime'' at line 1
C:\xampp\htdocs\aurora\functions.php
======================================================================
[2018-05-17 13:10:06]
Query error:
UPDATE contest SET starttime=1526542806 , endtime = 1526542866 ,logindone='started' WHERE logindone='notstarted'
Error: SQLSTATE[HY000]: General error
C:\xampp\htdocs\aurora\functions.php
======================================================================
[2018-05-17 13:10:06]
Query error:
UPDATE admin SET value=1526542866 where variable='endtime' 
Error: SQLSTATE[HY000]: General error
C:\xampp\htdocs\aurora\functions.php
======================================================================
[2018-05-17 13:10:06]
Query error:
UPDATE admin SET value=1526542866 where variable='endtime' 
Error: SQLSTATE[HY000]: General error
C:\xampp\htdocs\aurora\functions.php
======================================================================
[2018-05-17 13:11:06]
Query error:
UPDATE admin SET value=1526542866 where variable='endtime' 
Error: SQLSTATE[HY000]: General error
C:\xampp\htdocs\aurora\functions.php
======================================================================
[2018-05-17 13:12:36]
Query error:
UPDATE admin SET value=1526542866 where variable='endtime' 
Error: SQLSTATE[HY000]: General error
C:\xampp\htdocs\aurora\functions.php
======================================================================
[2018-05-17 13:16:45]
Query error:
UPDATE admin SET value=1526542866 where variable='endtime' 
Error: SQLSTATE[HY000]: General error
C:\xampp\htdocs\aurora\functions.php
======================================================================
[2018-05-17 13:16:46]
Query error:
UPDATE admin SET value=1526542866 where variable='endtime' 
Error: SQLSTATE[HY000]: General error
C:\xampp\htdocs\aurora\functions.php
======================================================================
[2018-05-17 13:16:54]
Query error:
UPDATE admin SET value=1526542866 where variable='endtime' 
Error: SQLSTATE[HY000]: General error
C:\xampp\htdocs\aurora\functions.php
======================================================================
[2018-05-17 13:16:58]
Query error:
UPDATE admin SET value=1526542866 where variable='endtime' 
Error: SQLSTATE[HY000]: General error
C:\xampp\htdocs\aurora\functions.php
======================================================================
[2018-05-17 13:17:10]
Query error:
UPDATE contest SET starttime=1526543230 , endtime = 1526543290 ,logindone='started' WHERE logindone='notstarted'
Error: SQLSTATE[HY000]: General error
C:\xampp\htdocs\aurora\functions.php
======================================================================
[2018-05-17 13:17:10]
Query error:
UPDATE admin SET value=1526542866 where variable='endtime' 
Error: SQLSTATE[HY000]: General error
C:\xampp\htdocs\aurora\functions.php
======================================================================
[2018-05-17 13:17:10]
Query error:
UPDATE admin SET value=1526542866 where variable='endtime' 
Error: SQLSTATE[HY000]: General error
C:\xampp\htdocs\aurora\functions.php
======================================================================
[2018-05-17 13:17:18]
Query error:
UPDATE admin SET value=1526542866 where variable='endtime' 
Error: SQLSTATE[HY000]: General error
C:\xampp\htdocs\aurora\functions.php
======================================================================
[2018-05-17 13:17:20]
Query error:
UPDATE admin SET value=1526542866 where variable='endtime' 
Error: SQLSTATE[HY000]: General error
C:\xampp\htdocs\aurora\functions.php
======================================================================
